Component: Arm Compiler for Embedded 6.22 Tool: armlink [5ee90200]

==============================================================================

Section Cross References

    startup_stm32f103xb.o(STACK) refers (Special) to heapauxi.o(.text) for __use_two_region_memory
    startup_stm32f103xb.o(HEAP) refers (Special) to heapauxi.o(.text) for __use_two_region_memory
    startup_stm32f103xb.o(RESET) refers (Special) to heapauxi.o(.text) for __use_two_region_memory
    startup_stm32f103xb.o(RESET) refers to startup_stm32f103xb.o(STACK) for __initial_sp
    startup_stm32f103xb.o(RESET) refers to startup_stm32f103xb.o(.text) for Reset_Handler
    startup_stm32f103xb.o(RESET) refers to stm32f1xx_it.o(.text.NMI_Handler) for NMI_Handler
    startup_stm32f103xb.o(RESET) refers to stm32f1xx_it.o(.text.HardFault_Handler) for HardFault_Handler
    startup_stm32f103xb.o(RESET) refers to stm32f1xx_it.o(.text.MemManage_Handler) for MemManage_Handler
    startup_stm32f103xb.o(RESET) refers to stm32f1xx_it.o(.text.BusFault_Handler) for BusFault_Handler
    startup_stm32f103xb.o(RESET) refers to stm32f1xx_it.o(.text.UsageFault_Handler) for UsageFault_Handler
    startup_stm32f103xb.o(RESET) refers to stm32f1xx_it.o(.text.SVC_Handler) for SVC_Handler
    startup_stm32f103xb.o(RESET) refers to stm32f1xx_it.o(.text.DebugMon_Handler) for DebugMon_Handler
    startup_stm32f103xb.o(RESET) refers to stm32f1xx_it.o(.text.PendSV_Handler) for PendSV_Handler
    startup_stm32f103xb.o(RESET) refers to stm32f1xx_it.o(.text.SysTick_Handler) for SysTick_Handler
    startup_stm32f103xb.o(RESET) refers to stm32f1xx_it.o(.text.DMA1_Channel6_IRQHandler) for DMA1_Channel6_IRQHandler
    startup_stm32f103xb.o(RESET) refers to stm32f1xx_it.o(.text.DMA1_Channel7_IRQHandler) for DMA1_Channel7_IRQHandler
    startup_stm32f103xb.o(RESET) refers to stm32f1xx_it.o(.text.USART2_IRQHandler) for USART2_IRQHandler
    startup_stm32f103xb.o(RESET) refers to stm32f1xx_it.o(.text.EXTI15_10_IRQHandler) for EXTI15_10_IRQHandler
    startup_stm32f103xb.o(.text) refers (Special) to heapauxi.o(.text) for __use_two_region_memory
    startup_stm32f103xb.o(.text) refers to system_stm32f1xx.o(.text.SystemInit) for SystemInit
    startup_stm32f103xb.o(.text) refers to __main.o(!!!main) for __main
    startup_stm32f103xb.o(.text) refers to startup_stm32f103xb.o(HEAP) for Heap_Mem
    startup_stm32f103xb.o(.text) refers to startup_stm32f103xb.o(STACK) for Stack_Mem
    main.o(.text.main) refers to stm32f1xx_hal.o(.text.HAL_Init) for HAL_Init
    main.o(.text.main) refers to main.o(.text.SystemClock_Config) for SystemClock_Config
    main.o(.text.main) refers to gpio.o(.text.MX_GPIO_Init) for MX_GPIO_Init
    main.o(.text.main) refers to dma.o(.text.MX_DMA_Init) for MX_DMA_Init
    main.o(.text.main) refers to i2c.o(.text.MX_I2C1_Init) for MX_I2C1_Init
    main.o(.text.main) refers to usart.o(.text.MX_USART2_UART_Init) for MX_USART2_UART_Init
    main.o(.text.main) refers to rtc.o(.text.MX_RTC_Init) for MX_RTC_Init
    main.o(.text.main) refers to tim.o(.text.MX_TIM1_Init) for MX_TIM1_Init
    main.o(.text.main) refers to main_task.o(.text.MainTaskInit) for MainTaskInit
    main.o(.text.main) refers to main_task.o(.text.MainTask) for MainTask
    main.o(.ARM.exidx.text.main) refers to main.o(.text.main) for [Anonymous Symbol]
    main.o(.text.SystemClock_Config) refers to rt_memclr_w.o(.text) for __aeabi_memclr4
    main.o(.text.SystemClock_Config) refers to stm32f1xx_hal_rcc.o(.text.HAL_RCC_OscConfig) for HAL_RCC_OscConfig
    main.o(.text.SystemClock_Config) refers to main.o(.text.Error_Handler) for Error_Handler
    main.o(.text.SystemClock_Config) refers to stm32f1xx_hal_rcc.o(.text.HAL_RCC_ClockConfig) for HAL_RCC_ClockConfig
    main.o(.text.SystemClock_Config) refers to stm32f1xx_hal_rcc_ex.o(.text.HAL_RCCEx_PeriphCLKConfig) for HAL_RCCEx_PeriphCLKConfig
    main.o(.ARM.exidx.text.SystemClock_Config) refers to main.o(.text.SystemClock_Config) for [Anonymous Symbol]
    main.o(.ARM.exidx.text.Error_Handler) refers to main.o(.text.Error_Handler) for [Anonymous Symbol]
    gpio.o(.text.MX_GPIO_Init) refers to stm32f1xx_hal_gpio.o(.text.HAL_GPIO_Init) for HAL_GPIO_Init
    gpio.o(.text.MX_GPIO_Init) refers to stm32f1xx_hal_cortex.o(.text.HAL_NVIC_SetPriority) for HAL_NVIC_SetPriority
    gpio.o(.text.MX_GPIO_Init) refers to stm32f1xx_hal_cortex.o(.text.HAL_NVIC_EnableIRQ) for HAL_NVIC_EnableIRQ
    gpio.o(.ARM.exidx.text.MX_GPIO_Init) refers to gpio.o(.text.MX_GPIO_Init) for [Anonymous Symbol]
    dma.o(.text.MX_DMA_Init) refers to stm32f1xx_hal_cortex.o(.text.HAL_NVIC_SetPriority) for HAL_NVIC_SetPriority
    dma.o(.text.MX_DMA_Init) refers to stm32f1xx_hal_cortex.o(.text.HAL_NVIC_EnableIRQ) for HAL_NVIC_EnableIRQ
    dma.o(.ARM.exidx.text.MX_DMA_Init) refers to dma.o(.text.MX_DMA_Init) for [Anonymous Symbol]
    i2c.o(.text.MX_I2C1_Init) refers to i2c.o(.bss.hi2c1) for hi2c1
[...]
    i._is_digit                              0x080064b4   Section        0  __printf_wp.o(i._is_digit)
    locale$$code                             0x080064c4   Section       44  lc_numeric_c.o(locale$$code)
    locale$$code                             0x080064f0   Section       44  lc_ctype_c.o(locale$$code)
    x$fpl$printf1                            0x0800651c   Section        4  printf1.o(x$fpl$printf1)
    x$fpl$printf2                            0x08006520   Section        4  printf2.o(x$fpl$printf2)
    initial_mbstate                          0x08006524   Data           8  _printf_wctomb.o(.constdata)
    .constdata                               0x08006524   Section        8  _printf_wctomb.o(.constdata)
    x$fpl$usenofp                            0x08006524   Section        0  usenofp.o(x$fpl$usenofp)
    uc_hextab                                0x0800652c   Data          20  _printf_hex_int_ll_ptr.o(.constdata)
    .constdata                               0x0800652c   Section       40  _printf_hex_int_ll_ptr.o(.constdata)
    lc_hextab                                0x08006540   Data          20  _printf_hex_int_ll_ptr.o(.constdata)
    maptable                                 0x08006554   Data          17  __printf_flags_ss_wp.o(.constdata)
    .constdata                               0x08006554   Section       17  __printf_flags_ss_wp.o(.constdata)
    .constdata                               0x08006565   Section       12  _monlen.o(.constdata)
    lc_hextab                                0x08006571   Data          19  _printf_fp_hex.o(.constdata)
    .constdata                               0x08006571   Section       38  _printf_fp_hex.o(.constdata)
    uc_hextab                                0x08006584   Data          19  _printf_fp_hex.o(.constdata)
    tenpwrs_x                                0x08006598   Data          60  bigflt0.o(.constdata)
    .constdata                               0x08006598   Section      148  bigflt0.o(.constdata)
    tenpwrs_i                                0x080065d4   Data          64  bigflt0.o(.constdata)
    .L__const.EncoderBackward.str            0x0800662c   Data          25  main_task.o(.rodata..L__const.EncoderBackward.str)
    .L__const.EncoderForward.str             0x08006645   Data          25  main_task.o(.rodata..L__const.EncoderForward.str)
    HAL_RCCEx_GetPeriphCLKFreq.aPLLMULFactorTable 0x08006676   Data          16  stm32f1xx_hal_rcc_ex.o(.rodata.HAL_RCCEx_GetPeriphCLKFreq.aPLLMULFactorTable)
    [Anonymous Symbol]                       0x08006676   Section        0  stm32f1xx_hal_rcc_ex.o(.rodata.HAL_RCCEx_GetPeriphCLKFreq.aPLLMULFactorTable)
    HAL_RCCEx_GetPeriphCLKFreq.aPredivFactorTable 0x08006686   Data           2  stm32f1xx_hal_rcc_ex.o(.rodata.HAL_RCCEx_GetPeriphCLKFreq.aPredivFactorTable)
    [Anonymous Symbol]                       0x08006686   Section        0  stm32f1xx_hal_rcc_ex.o(.rodata.HAL_RCCEx_GetPeriphCLKFreq.aPredivFactorTable)
    HAL_RCC_GetSysClockFreq.aPLLMULFactorTable 0x08006688   Data          16  stm32f1xx_hal_rcc.o(.rodata.HAL_RCC_GetSysClockFreq.aPLLMULFactorTable)
    [Anonymous Symbol]                       0x08006688   Section        0  stm32f1xx_hal_rcc.o(.rodata.HAL_RCC_GetSysClockFreq.aPLLMULFactorTable)
    HAL_RCC_GetSysClockFreq.aPredivFactorTable 0x08006698   Data           2  stm32f1xx_hal_rcc.o(.rodata.HAL_RCC_GetSysClockFreq.aPredivFactorTable)
    [Anonymous Symbol]                       0x08006698   Section        0  stm32f1xx_hal_rcc.o(.rodata.HAL_RCC_GetSysClockFreq.aPredivFactorTable)
    .L.str                                   0x080079f8   Data          15  main_task.o(.rodata.str1.1)
    [Anonymous Symbol]                       0x080079f8   Section        0  main_task.o(.rodata.str1.1)
    .L.str.1                                 0x08007a07   Data          15  main_task.o(.rodata.str1.1)
    locale$$data                             0x08007a38   Section       28  lc_numeric_c.o(locale$$data)
    __lcnum_c_name                           0x08007a3c   Data           2  lc_numeric_c.o(locale$$data)
    __lcnum_c_start                          0x08007a44   Data           0  lc_numeric_c.o(locale$$data)
    __lcnum_c_point                          0x08007a50   Data           0  lc_numeric_c.o(locale$$data)
    __lcnum_c_thousands                      0x08007a52   Data           0  lc_numeric_c.o(locale$$data)
    __lcnum_c_grouping                       0x08007a53   Data           0  lc_numeric_c.o(locale$$data)
    __lcnum_c_end                            0x08007a54   Data           0  lc_numeric_c.o(locale$$data)
    locale$$data                             0x08007a54   Section      272  lc_ctype_c.o(locale$$data)
    __lcctype_c_name                         0x08007a58   Data           2  lc_ctype_c.o(locale$$data)
    __lcctype_c_start                        0x08007a60   Data           0  lc_ctype_c.o(locale$$data)
    __lcctype_c_end                          0x08007b64   Data           0  lc_ctype_c.o(locale$$data)
    _tms                                     0x20000058   Data          44  localtime.o(.bss)
    .bss                                     0x20000058   Section       44  localtime.o(.bss)
    .bss                                     0x20000084   Section       96  libspace.o(.bss)
    OLED_SendCmd.sendBuffer                  0x200004e4   Data           2  oled.o(.bss.OLED_SendCmd.sendBuffer)
    [Anonymous Symbol]                       0x200004e4   Section        0  oled.o(.bss.OLED_SendCmd.sendBuffer)
    OLED_SetByte_Fine.temp                   0x200004e6   Data           1  oled.o(.bss.OLED_SetByte_Fine.temp)
    [Anonymous Symbol]                       0x200004e6   Section        0  oled.o(.bss.OLED_SetByte_Fine.temp)
    OLED_ShowFrame.sendBuffer                0x200004e7   Data         129  oled.o(.bss.OLED_ShowFrame.sendBuffer)
    [Anonymous Symbol]                       0x200004e7   Section        0  oled.o(.bss.OLED_ShowFrame.sendBuffer)
    Heap_Mem                                 0x200006f8   Data         512  startup_stm32f103xb.o(HEAP)
    HEAP                                     0x200006f8   Section      512  startup_stm32f103xb.o(HEAP)
    Stack_Mem                                0x200008f8   Data        1024  startup_stm32f103xb.o(STACK)
    STACK                                    0x200008f8   Section     1024  startup_stm32f103xb.o(STACK)
    __initial_sp                             0x20000cf8   Data           0  startup_stm32f103xb.o(STACK)

    Global Symbols

    Symbol Name                              Value     Ov Type        Size  Object(Section)

    BuildAttributes$$THM_ISAv4$P$D$K$B$S$PE$A:L22UL41UL21$X:L11$S22US41US21$IEEE1$IW$~IW$USESV6$~STKCKD$USESV7$~SHL$OTIME$ROPI$IEEEJ$EBA8$UX$STANDARDLIB$REQ8$PRES8$EABIv2 0x00000000   Number         0  anon$$obj.o ABSOLUTE
    __fp_init_empty                          0x00000000   Number         0  fpinit_empty.o ABSOLUTE
    _printf_flags                            0x00000000   Number         0  printf_stubs.o ABSOLUTE
    _printf_return_value                     0x00000000   Number         0  printf_stubs.o ABSOLUTE
    _printf_sizespec                         0x00000000   Number         0  printf_stubs.o ABSOLUTE
    _printf_widthprec                        0x00000000   Number         0  printf_stubs.o ABSOLUTE
    __ARM_exceptions_init                     - Undefined Weak Reference
    __alloca_initialize                       - Undefined Weak Reference
    __arm_preinit_                            - Undefined Weak Reference
    __arm_relocate_pie_                       - Undefined Weak Reference
    __cpp_initialize__aeabi_                  - Undefined Weak Reference
    __cxa_finalize                            - Undefined Weak Reference
    __sigvec_lookup                           - Undefined Weak Reference
    _atexit_init                              - Undefined Weak Reference
    _call_atexit_fns                          - Undefined Weak Reference
    _clock_init                               - Undefined Weak Reference
    _fp_trap_init                             - Undefined Weak Reference
    _fp_trap_shutdown                         - Undefined Weak Reference
    _get_lc_collate                           - Undefined Weak Reference
    _get_lc_monetary                          - Undefined Weak Reference
    _get_lc_time                              - Undefined Weak Reference
    _getenv_init                              - Undefined Weak Reference
    _handle_redirection                       - Undefined Weak Reference
    _init_alloc                               - Undefined Weak Reference
    _init_user_alloc                          - Undefined Weak Reference
    _initio                                   - Undefined Weak Reference
    _printf_mbtowc                            - Undefined Weak Reference
    _printf_wc                                - Undefined Weak Reference
    _rand_init                                - Undefined Weak Reference
    _signal_finish                            - Undefined Weak Reference
    _signal_init                              - Undefined Weak Reference
    _terminate_alloc                          - Undefined Weak Reference
    _terminate_user_alloc                     - Undefined Weak Reference
    _terminateio                              - Undefined Weak Reference
    __Vectors_Size                           0x000000ec   Number         0  startup_stm32f103xb.o ABSOLUTE
    __Vectors                                0x08000000   Data           4  startup_stm32f103xb.o(RESET)
    __Vectors_End                            0x080000ec   Data           0  startup_stm32f103xb.o(RESET)
    __main                                   0x080000ed   Thumb Code     8  __main.o(!!!main)
    __scatterload                            0x080000f5   Thumb Code     0  __scatter.o(!!!scatter)
    __scatterload_rt2                        0x080000f5   Thumb Code    84  __scatter.o(!!!scatter)
    __scatterload_rt2_thumb_only             0x080000f5   Thumb Code     0  __scatter.o(!!!scatter)
    __scatterload_loop                       0x080000ff   Thumb Code     0  __scatter.o(!!!scatter)
    __scatterload_copy                       0x08000151   Thumb Code    26  __scatter_copy.o(!!handler_copy)
    __scatterload_null                       0x0800016d   Thumb Code     2  __scatter.o(!!handler_null)
    __scatterload_zeroinit                   0x08000171   Thumb Code    28  __scatter_zi.o(!!handler_zi)
    _printf_n                                0x0800018d   Thumb Code     0  _printf_n.o(.ARM.Collect$$_printf_percent$$00000001)
    _printf_percent                          0x0800018d   Thumb Code     0  _printf_percent.o(.ARM.Collect$$_printf_percent$$00000000)
    _printf_p                                0x08000193   Thumb Code     0  _printf_p.o(.ARM.Collect$$_printf_percent$$00000002)
    _printf_f                                0x08000199   Thumb Code     0  _printf_f.o(.ARM.Collect$$_printf_percent$$00000003)
    _printf_e                                0x0800019f   Thumb Code     0  _printf_e.o(.ARM.Collect$$_printf_percent$$00000004)
    _printf_g                                0x080001a5   Thumb Code     0  _printf_g.o(.ARM.Collect$$_printf_percent$$00000005)
    _printf_a                                0x080001ab   Thumb Code     0  _printf_a.o(.ARM.Collect$$_printf_percent$$00000006)
    _printf_ll                               0x080001b1   Thumb Code     0  _printf_ll.o(.ARM.Collect$$_printf_percent$$00000007)
    _printf_i                                0x080001bb   Thumb Code     0  _printf_i.o(.ARM.Collect$$_printf_percent$$00000008)
    _printf_d                                0x080001c1   Thumb Code     0  _printf_d.o(.ARM.Collect$$_printf_percent$$00000009)
    _printf_u                                0x080001c7   Thumb Code     0  _printf_u.o(.ARM.Collect$$_printf_percent$$0000000A)
    _printf_o                                0x080001cd   Thumb Code     0  _printf_o.o(.ARM.Collect$$_printf_percent$$0000000B)
    _printf_x                                0x080001d3   Thumb Code     0  _printf_x.o(.ARM.Collect$$_printf_percent$$0000000C)
    _printf_lli                              0x080001d9   Thumb Code     0  _printf_lli.o(.ARM.Collect$$_printf_percent$$0000000D)
    _printf_lld                              0x080001df   Thumb Code     0  _printf_lld.o(.ARM.Collect$$_printf_percent$$0000000E)
    _printf_llu                              0x080001e5   Thumb Code     0  _printf_llu.o(.ARM.Collect$$_printf_percent$$0000000F)
    _printf_llo                              0x080001eb   Thumb Code     0  _printf_llo.o(.ARM.Collect$$_printf_percent$$00000010)
    _printf_llx                              0x080001f1   Thumb Code     0  _printf_llx.o(.ARM.Collect$$_printf_percent$$00000011)
    _printf_l                                0x080001f7   Thumb Code     0  _printf_l.o(.ARM.Collect$$_printf_percent$$00000012)
    _printf_c                                0x08000201   Thumb Code     0  _printf_c.o(.ARM.Collect$$_printf_percent$$00000013)
    _printf_s                                0x08000207   Thumb Code     0  _printf_s.o(.ARM.Collect$$_printf_percent$$00000014)
    _printf_lc                               0x0800020d   Thumb Code     0  _printf_lc.o(.ARM.Collect$$_printf_percent$$00000015)
    _printf_ls                               0x08000213   Thumb Code     0  _printf_ls.o(.ARM.Collect$$_printf_percent$$00000016)
    _printf_percent_end                      0x08000219   Thumb Code     0  _printf_percent_end.o(.ARM.Collect$$_printf_percent$$00000017)
    __rt_lib_init                            0x0800021d   Thumb Code     0  libinit.o(.ARM.Collect$$libinit$$00000000)
    __rt_lib_init_fp_1                       0x0800021f   Thumb Code     0  libinit2.o(.ARM.Collect$$libinit$$00000002)
    __rt_lib_init_heap_1                     0x0800021f   Thumb Code     0  libinit2.o(.ARM.Collect$$libinit$$0000000C)
    __rt_lib_init_lc_common                  0x0800021f   Thumb Code     0  libinit2.o(.ARM.Collect$$libinit$$00000011)
    __rt_lib_init_preinit_1                  0x0800021f   Thumb Code     0  libinit2.o(.ARM.Collect$$libinit$$00000006)
    __rt_lib_init_rand_1                     0x0800021f   Thumb Code     0  libinit2.o(.ARM.Collect$$libinit$$00000010)
    __rt_lib_init_relocate_pie_1             0x0800021f   Thumb Code     0  libinit2.o(.ARM.Collect$$libinit$$00000004)
    __rt_lib_init_user_alloc_1               0x0800021f   Thumb Code     0  libinit2.o(.ARM.Collect$$libinit$$0000000E)
    __rt_lib_init_lc_collate_1               0x08000225   Thumb Code     0  libinit2.o(.ARM.Collect$$libinit$$00000013)
    __rt_lib_init_lc_ctype_2                 0x08000225   Thumb Code     0  libinit2.o(.ARM.Collect$$libinit$$00000014)
    __rt_lib_init_lc_ctype_1                 0x08000231   Thumb Code     0  libinit2.o(.ARM.Collect$$libinit$$00000015)
    __rt_lib_init_lc_monetary_1              0x08000231   Thumb Code     0  libinit2.o(.ARM.Collect$$libinit$$00000017)
    __rt_lib_init_lc_numeric_2               0x08000231   Thumb Code     0  libinit2.o(.ARM.Collect$$libinit$$00000018)
    __rt_lib_init_alloca_1                   0x0800023b   Thumb Code     0  libinit2.o(.ARM.Collect$$libinit$$00000030)
    __rt_lib_init_argv_1                     0x0800023b   Thumb Code     0  libinit2.o(.ARM.Collect$$libinit$$0000002E)
    __rt_lib_init_atexit_1                   0x0800023b   Thumb Code     0  libinit2.o(.ARM.Collect$$libinit$$0000001D)
    __rt_lib_init_clock_1                    0x0800023b   Thumb Code     0  libinit2.o(.ARM.Collect$$libinit$$00000023)
    __rt_lib_init_cpp_1                      0x0800023b   Thumb Code     0  libinit2.o(.ARM.Collect$$libinit$$00000034)
    __rt_lib_init_exceptions_1               0x0800023b   Thumb Code     0  libinit2.o(.ARM.Collect$$libinit$$00000032)
    __rt_lib_init_fp_trap_1                  0x0800023b   Thumb Code     0  libinit2.o(.ARM.Collect$$libinit$$00000021)
    __rt_lib_init_getenv_1                   0x0800023b   Thumb Code     0  libinit2.o(.ARM.Collect$$libinit$$00000025)
    __rt_lib_init_lc_numeric_1               0x0800023b   Thumb Code     0  libinit2.o(.ARM.Collect$$libinit$$00000019)
    __rt_lib_init_lc_time_1                  0x0800023b   Thumb Code     0  libinit2.o(.ARM.Collect$$libinit$$0000001B)
    __rt_lib_init_return                     0x0800023b   Thumb Code     0  libinit2.o(.ARM.Collect$$libinit$$00000035)
    __rt_lib_init_signal_1                   0x0800023b   Thumb Code     0  libinit2.o(.ARM.Collect$$libinit$$0000001F)
    __rt_lib_init_stdio_1                    0x0800023b   Thumb Code     0  libinit2.o(.ARM.Collect$$libinit$$00000027)
    __rt_lib_shutdown                        0x0800023d   Thumb Code     0  libshutdown.o(.ARM.Collect$$libshutdown$$00000000)
    __rt_lib_shutdown_cpp_1                  0x0800023f   Thumb Code     0  libshutdown2.o(.ARM.Collect$$libshutdown$$00000002)
    __rt_lib_shutdown_fp_trap_1              0x0800023f   Thumb Code     0  libshutdown2.o(.ARM.Collect$$libshutdown$$00000007)
    __rt_lib_shutdown_heap_1                 0x0800023f   Thumb Code     0  libshutdown2.o(.ARM.Collect$$libshutdown$$0000000F)
    __rt_lib_shutdown_return                 0x0800023f   Thumb Code     0  libshutdown2.o(.ARM.Collect$$libshutdown$$00000010)
    __rt_lib_shutdown_signal_1               0x0800023f   Thumb Code     0  libshutdown2.o(.ARM.Collect$$libshutdown$$0000000A)
    __rt_lib_shutdown_stdio_1                0x0800023f   Thumb Code     0  libshutdown2.o(.ARM.Collect$$libshutdown$$00000004)
    __rt_lib_shutdown_user_alloc_1           0x0800023f   Thumb Code     0  libshutdown2.o(.ARM.Collect$$libshutdown$$0000000C)
    __rt_entry                               0x08000241   Thumb Code     0  __rtentry.o(.ARM.Collect$$rtentry$$00000000)
    __rt_entry_presh_1                       0x08000241   Thumb Code     0  __rtentry2.o(.ARM.Collect$$rtentry$$00000002)
    __rt_entry_sh                            0x08000241   Thumb Code     0  __rtentry4.o(.ARM.Collect$$rtentry$$00000004)
    __rt_entry_li                            0x08000247   Thumb Code     0  __rtentry2.o(.ARM.Collect$$rtentry$$0000000A)
    __rt_entry_postsh_1                      0x08000247   Thumb Code     0  __rtentry2.o(.ARM.Collect$$rtentry$$00000009)
    __rt_entry_main                          0x0800024b   Thumb Code     0  __rtentry2.o(.ARM.Collect$$rtentry$$0000000D)
    __rt_entry_postli_1                      0x0800024b   Thumb Code     0  __rtentry2.o(.ARM.Collect$$rtentry$$0000000C)
    __rt_exit                                0x08000253   Thumb Code     0  rtexit.o(.ARM.Collect$$rtexit$$00000000)
    __rt_exit_ls                             0x08000255   Thumb Code     0  rtexit2.o(.ARM.Collect$$rtexit$$00000003)
    __rt_exit_prels_1                        0x08000255   Thumb Code     0  rtexit2.o(.ARM.Collect$$rtexit$$00000002)
    __rt_exit_exit                           0x08000259   Thumb Code     0  rtexit2.o(.ARM.Collect$$rtexit$$00000004)
    Reset_Handler                            0x08000261   Thumb Code     8  startup_stm32f103xb.o(.text)
    ADC1_2_IRQHandler                        0x0800027b   Thumb Code     0  startup_stm32f103xb.o(.text)
    CAN1_RX1_IRQHandler                      0x0800027b   Thumb Code     0  startup_stm32f103xb.o(.text)
    CAN1_SCE_IRQHandler                      0x0800027b   Thumb Code     0  startup_stm32f103xb.o(.text)
    DMA1_Channel1_IRQHandler                 0x0800027b   Thumb Code     0  startup_stm32f103xb.o(.text)
    DMA1_Channel2_IRQHandler                 0x0800027b   Thumb Code     0  startup_stm32f103xb.o(.text)
    DMA1_Channel3_IRQHandler                 0x0800027b   Thumb Code     0  startup_stm32f103xb.o(.text)
    DMA1_Channel4_IRQHandler                 0x0800027b   Thumb Code     0  startup_stm32f103xb.o(.text)
    DMA1_Channel5_IRQHandler                 0x0800027b   Thumb Code     0  startup_stm32f103xb.o(.text)
    EXTI0_IRQHandler                         0x0800027b   Thumb Code     0  startup_stm32f103xb.o(.text)
    EXTI1_IRQHandler                         0x0800027b   Thumb Code     0  startup_stm32f103xb.o(.text)
    EXTI2_IRQHandler                         0x0800027b   Thumb Code     0  startup_stm32f103xb.o(.text)
    EXTI3_IRQHandler                         0x0800027b   Thumb Code     0  startup_stm32f103xb.o(.text)
    EXTI4_IRQHandler                         0x0800027b   Thumb Code     0  startup_stm32f103xb.o(.text)
    EXTI9_5_IRQHandler                       0x0800027b   Thumb Code     0  startup_stm32f103xb.o(.text)
    FLASH_IRQHandler                         0x0800027b   Thumb Code     0  startup_stm32f103xb.o(.text)
    I2C1_ER_IRQHandler                       0x0800027b   Thumb Code     0  startup_stm32f103xb.o(.text)
    I2C1_EV_IRQHandler                       0x0800027b   Thumb Code     0  startup_stm32f103xb.o(.text)
    I2C2_ER_IRQHandler                       0x0800027b   Thumb Code     0  startup_stm32f103xb.o(.text)
    I2C2_EV_IRQHandler                       0x0800027b   Thumb Code     0  startup_stm32f103xb.o(.text)
    PVD_IRQHandler                           0x0800027b   Thumb Code     0  startup_stm32f103xb.o(.text)
    RCC_IRQHandler                           0x0800027b   Thumb Code     0  startup_stm32f103xb.o(.text)
    RTC_Alarm_IRQHandler                     0x0800027b   Thumb Code     0  startup_stm32f103xb.o(.text)
    RTC_IRQHandler                           0x0800027b   Thumb Code     0  startup_stm32f103xb.o(.text)
    SPI1_IRQHandler                          0x0800027b   Thumb Code     0  startup_stm32f103xb.o(.text)
    SPI2_IRQHandler                          0x0800027b   Thumb Code     0  startup_stm32f103xb.o(.text)
    TAMPER_IRQHandler                        0x0800027b   Thumb Code     0  startup_stm32f103xb.o(.text)
    TIM1_BRK_IRQHandler                      0x0800027b   Thumb Code     0  startup_stm32f103xb.o(.text)
    TIM1_CC_IRQHandler                       0x0800027b   Thumb Code     0  startup_stm32f103xb.o(.text)
    TIM1_TRG_COM_IRQHandler                  0x0800027b   Thumb Code     0  startup_stm32f103xb.o(.text)
    TIM1_UP_IRQHandler                       0x0800027b   Thumb Code     0  startup_stm32f103xb.o(.text)
    TIM2_IRQHandler                          0x0800027b   Thumb Code     0  startup_stm32f103xb.o(.text)
    TIM3_IRQHandler                          0x0800027b   Thumb Code     0  startup_stm32f103xb.o(.text)
    TIM4_IRQHandler                          0x0800027b   Thumb Code     0  startup_stm32f103xb.o(.text)
    USART1_IRQHandler                        0x0800027b   Thumb Code     0  startup_stm32f103xb.o(.text)
    USART3_IRQHandler                        0x0800027b   Thumb Code     0  startup_stm32f103xb.o(.text)
    USBWakeUp_IRQHandler                     0x0800027b   Thumb Code     0  startup_stm32f103xb.o(.text)
    USB_HP_CAN1_TX_IRQHandler                0x0800027b   Thumb Code     0  startup_stm32f103xb.o(.text)
    USB_LP_CAN1_RX0_IRQHandler               0x0800027b   Thumb Code     0  startup_stm32f103xb.o(.text)
    WWDG_IRQHandler                          0x0800027b   Thumb Code     0  startup_stm32f103xb.o(.text)
    __user_initial_stackheap                 0x0800027d   Thumb Code     0  startup_stm32f103xb.o(.text)
    sprintf                                  0x080002a1   Thumb Code    38  sprintf.o(.text)
    strlen                                   0x080002cd   Thumb Code    62  strlen.o(.text)
    __aeabi_memcpy                           0x0800030b   Thumb Code     0  rt_memcpy_v6.o(.text)
    __rt_memcpy                              0x0800030b   Thumb Code   138  rt_memcpy_v6.o(.text)
    _memcpy_lastbytes                        0x08000371   Thumb Code     0  rt_memcpy_v6.o(.text)
    __aeabi_memclr                           0x08000395   Thumb Code     0  rt_memclr.o(.text)
    __rt_memclr                              0x08000395   Thumb Code     0  rt_memclr.o(.text)
    _memset                                  0x08000399   Thumb Code    64  rt_memclr.o(.text)
    __aeabi_memclr4                          0x080003d9   Thumb Code     0  rt_memclr_w.o(.text)
    __aeabi_memclr8                          0x080003d9   Thumb Code     0  rt_memclr_w.o(.text)
    __rt_memclr_w                            0x080003d9   Thumb Code     0  rt_memclr_w.o(.text)
    _memset_w                                0x080003dd   Thumb Code    74  rt_memclr_w.o(.text)
    localtime                                0x08000429   Thumb Code     6  localtime.o(.text)
    mktime                                   0x08000473   Thumb Code   352  mktime.o(.text)
    __use_two_region_memory                  0x080005dd   Thumb Code     2  heapauxi.o(.text)
    __rt_heap_escrow$2region                 0x080005df   Thumb Code     2  heapauxi.o(.text)
    __rt_heap_expand$2region                 0x080005e1   Thumb Code     2  heapauxi.o(.text)
    _printf_pre_padding                      0x080005e3   Thumb Code    44  _printf_pad.o(.text)
    _printf_post_padding                     0x0800060f   Thumb Code    34  _printf_pad.o(.text)
    _printf_truncate_signed                  0x08000631   Thumb Code    18  _printf_truncate.o(.text)
    _printf_truncate_unsigned                0x08000643   Thumb Code    18  _printf_truncate.o(.text)
    _printf_str                              0x08000655   Thumb Code    82  _printf_str.o(.text)
    _printf_int_dec                          0x080006a9   Thumb Code   104  _printf_dec.o(.text)
    _printf_charcount                        0x08000721   Thumb Code    40  _printf_charcount.o(.text)
    _printf_char_common                      0x08000753   Thumb Code    32  _printf_char_common.o(.text)
    _sputc                                   0x08000779   Thumb Code    10  _sputc.o(.text)
    _printf_wctomb                           0x08000785   Thumb Code   182  _printf_wctomb.o(.text)
    _printf_longlong_dec                     0x08000841   Thumb Code   108  _printf_longlong_dec.o(.text)
    _printf_longlong_oct                     0x080008bd   Thumb Code    68  _printf_oct_int_ll.o(.text)
    _printf_int_oct                          0x08000901   Thumb Code    24  _printf_oct_int_ll.o(.text)
    _printf_ll_oct                           0x08000919   Thumb Code    12  _printf_oct_int_ll.o(.text)
    _printf_longlong_hex                     0x0800092d   Thumb Code    86  _printf_hex_int_ll_ptr.o(.text)
    _printf_int_hex                          0x08000983   Thumb Code    28  _printf_hex_int_ll_ptr.o(.text)
    _printf_ll_hex                           0x0800099f   Thumb Code    12  _printf_hex_int_ll_ptr.o(.text)
    _printf_hex_ptr                          0x080009ab   Thumb Code    18  _printf_hex_int_ll_ptr.o(.text)
    __printf                                 0x080009c1   Thumb Code   388  __printf_flags_ss_wp.o(.text)
    __aeabi_memcpy4                          0x08000b49   Thumb Code     0  rt_memcpy_w.o(.text)
    __aeabi_memcpy8                          0x08000b49   Thumb Code     0  rt_memcpy_w.o(.text)
    __rt_memcpy_w                            0x08000b49   Thumb Code   100  rt_memcpy_w.o(.text)
    _memcpy_lastbytes_aligned                0x08000b91   Thumb Code     0  rt_memcpy_w.o(.text)
    _localtime_r                             0x08000bad   Thumb Code   178  localtime_internal.o(.text)
    _n$localtime_r                           0x08000bad   Thumb Code     0  localtime_internal.o(.text)
    _ll_udiv10                               0x08000c65   Thumb Code   138  lludiv10.o(.text)
    _printf_int_common                       0x08000cef   Thumb Code   178  _printf_intcommon.o(.text)
    _printf_fp_dec_real                      0x08000f51   Thumb Code   620  _printf_fp_dec.o(.text)
    _printf_fp_hex_real                      0x080011bd   Thumb Code   756  _printf_fp_hex.o(.text)
    _printf_cs_common                        0x080014b9   Thumb Code    20  _printf_char.o(.text)
    _printf_char                             0x080014cd   Thumb Code    16  _printf_char.o(.text)
    _printf_string                           0x080014dd   Thumb Code     8  _printf_char.o(.text)
    _printf_lcs_common                       0x080014e5   Thumb Code    20  _printf_wchar.o(.text)
    _printf_wchar                            0x080014f9   Thumb Code    16  _printf_wchar.o(.text)
    _printf_wstring                          0x08001509   Thumb Code     8  _printf_wchar.o(.text)
    _c16rtomb                                0x08001511   Thumb Code    72  _c16rtomb.o(.text)
    _wcrtomb                                 0x08001511   Thumb Code     0  _c16rtomb.o(.text)
    __user_setup_stackheap                   0x08001559   Thumb Code    74  sys_stackheap_outer.o(.text)
    __rt_ctype_table                         0x080015a5   Thumb Code    16  rt_ctype_table.o(.text)
    __rt_locale                              0x080015b5   Thumb Code     8  rt_locale_intlibspace.o(.text)
    _printf_fp_infnan                        0x080015bd   Thumb Code   112  _printf_fp_infnan.o(.text)
    _btod_etento                             0x0800163d   Thumb Code   224  bigflt0.o(.text)
    exit                                     0x08001721   Thumb Code    18  exit.o(.text)
    __user_libspace                          0x08001735   Thumb Code     8  libspace.o(.text)
    __user_perproc_libspace                  0x08001735   Thumb Code     0  libspace.o(.text)
    __user_perthread_libspace                0x08001735   Thumb Code     0  libspace.o(.text)
    strcmp                                   0x0800173d   Thumb Code   128  strcmpv7m.o(.text)
    _sys_exit                                0x080017bd   Thumb Code     8  sys_exit.o(.text)
    __I$use$semihosting                      0x080017c9   Thumb Code     0  use_no_semi.o(.text)
    __use_no_semihosting_swi                 0x080017c9   Thumb Code     2  use_no_semi.o(.text)
    __semihosting_library_function           0x080017cb   Thumb Code     0  indicate_semi.o(.text)
    BusFault_Handler                         0x080017cd   Thumb Code     4  stm32f1xx_it.o(.text.BusFault_Handler)
    DMA1_Channel6_IRQHandler                 0x080017d1   Thumb Code    16  stm32f1xx_it.o(.text.DMA1_Channel6_IRQHandler)
    DMA1_Channel7_IRQHandler                 0x080017e1   Thumb Code    16  stm32f1xx_it.o(.text.DMA1_Channel7_IRQHandler)
    DebugMon_Handler                         0x080017f1   Thumb Code     2  stm32f1xx_it.o(.text.DebugMon_Handler)
    EXTI15_10_IRQHandler                     0x080017f5   Thumb Code    12  stm32f1xx_it.o(.text.EXTI15_10_IRQHandler)
    EncoderBackward                          0x08001801   Thumb Code    54  main_task.o(.text.EncoderBackward)
    EncoderForward                           0x08001839   Thumb Code    54  main_task.o(.text.EncoderForward)
    EncoderInit                              0x08001871   Thumb Code    26  encoder.o(.text.EncoderInit)
    EncoderJudge                             0x0800188d   Thumb Code   158  encoder.o(.text.EncoderJudge)
    EncoderSetOnBackwardCallback             0x0800192d   Thumb Code    20  encoder.o(.text.EncoderSetOnBackwardCallback)
    EncoderSetOnForwardCallback              0x08001941   Thumb Code    20  encoder.o(.text.EncoderSetOnForwardCallback)
    Error_Handler                            0x08001955   Thumb Code    14  main.o(.text.Error_Handler)
    GetEncoderCounter                        0x08001965   Thumb Code    14  encoder.o(.text.GetEncoderCounter)
    HAL_DMA_Abort                            0x08001975   Thumb Code   124  stm32f1xx_hal_dma.o(.text.HAL_DMA_Abort)
    HAL_DMA_Abort_IT                         0x080019f1   Thumb Code   284  stm32f1xx_hal_dma.o(.text.HAL_DMA_Abort_IT)
    HAL_DMA_IRQHandler                       0x08001b0d   Thumb Code   646  stm32f1xx_hal_dma.o(.text.HAL_DMA_IRQHandler)
    HAL_DMA_Init                             0x08001d95   Thumb Code   174  stm32f1xx_hal_dma.o(.text.HAL_DMA_Init)
    HAL_Delay                                0x08001e45   Thumb Code    66  stm32f1xx_hal.o(.text.HAL_Delay)
    HAL_GPIO_EXTI_Callback                   0x08001e89   Thumb Code    10  stm32f1xx_hal_gpio.o(.text.HAL_GPIO_EXTI_Callback)
    HAL_GPIO_EXTI_IRQHandler                 0x08001e95   Thumb Code    56  stm32f1xx_hal_gpio.o(.text.HAL_GPIO_EXTI_IRQHandler)
    HAL_GPIO_Init                            0x08001ecd   Thumb Code   798  stm32f1xx_hal_gpio.o(.text.HAL_GPIO_Init)
    HAL_GetTick                              0x080021ed   Thumb Code    12  stm32f1xx_hal.o(.text.HAL_GetTick)
    HAL_I2C_Init                             0x080021f9   Thumb Code   676  stm32f1xx_hal_i2c.o(.text.HAL_I2C_Init)
    HAL_I2C_Master_Transmit                  0x0800249d   Thumb Code   524  stm32f1xx_hal_i2c.o(.text.HAL_I2C_Master_Transmit)
    HAL_I2C_MspInit                          0x080026a9   Thumb Code   126  i2c.o(.text.HAL_I2C_MspInit)
    HAL_IncTick                              0x08002729   Thumb Code    26  stm32f1xx_hal.o(.text.HAL_IncTick)
    HAL_Init                                 0x08002745   Thumb Code    38  stm32f1xx_hal.o(.text.HAL_Init)
    HAL_InitTick                             0x0800276d   Thumb Code   112  stm32f1xx_hal.o(.text.HAL_InitTick)
    HAL_MspInit                              0x080027dd   Thumb Code   100  stm32f1xx_hal_msp.o(.text.HAL_MspInit)
    HAL_NVIC_EnableIRQ                       0x08002841   Thumb Code    20  stm32f1xx_hal_cortex.o(.text.HAL_NVIC_EnableIRQ)
    HAL_NVIC_SetPriority                     0x08002855   Thumb Code    50  stm32f1xx_hal_cortex.o(.text.HAL_NVIC_SetPriority)
    HAL_NVIC_SetPriorityGrouping             0x08002889   Thumb Code    16  stm32f1xx_hal_cortex.o(.text.HAL_NVIC_SetPriorityGrouping)
    HAL_PWR_EnableBkUpAccess                 0x08002899   Thumb Code    12  stm32f1xx_hal_pwr.o(.text.HAL_PWR_EnableBkUpAccess)
    HAL_RCCEx_GetPeriphCLKFreq               0x080028a5   Thumb Code   406  stm32f1xx_hal_rcc_ex.o(.text.HAL_RCCEx_GetPeriphCLKFreq)
    HAL_RCCEx_PeriphCLKConfig                0x08002a3d   Thumb Code   456  stm32f1xx_hal_rcc_ex.o(.text.HAL_RCCEx_PeriphCLKConfig)
    HAL_RCC_ClockConfig                      0x08002c05   Thumb Code   598  stm32f1xx_hal_rcc.o(.text.HAL_RCC_ClockConfig)
    HAL_RCC_GetHCLKFreq                      0x08002e5d   Thumb Code    12  stm32f1xx_hal_rcc.o(.text.HAL_RCC_GetHCLKFreq)
    HAL_RCC_GetPCLK1Freq                     0x08002e69   Thumb Code    34  stm32f1xx_hal_rcc.o(.text.HAL_RCC_GetPCLK1Freq)
    HAL_RCC_GetPCLK2Freq                     0x08002e8d   Thumb Code    34  stm32f1xx_hal_rcc.o(.text.HAL_RCC_GetPCLK2Freq)
    HAL_RCC_GetSysClockFreq                  0x08002eb1   Thumb Code   188  stm32f1xx_hal_rcc.o(.text.HAL_RCC_GetSysClockFreq)
    HAL_RCC_OscConfig                        0x08002f6d   Thumb Code  1658  stm32f1xx_hal_rcc.o(.text.HAL_RCC_OscConfig)
    HAL_RTCEx_BKUPRead                       0x080035e9   Thumb Code    46  stm32f1xx_hal_rtc_ex.o(.text.HAL_RTCEx_BKUPRead)
    HAL_RTCEx_BKUPWrite                      0x08003619   Thumb Code    44  stm32f1xx_hal_rtc_ex.o(.text.HAL_RTCEx_BKUPWrite)
    HAL_RTC_Init                             0x08003645   Thumb Code   298  stm32f1xx_hal_rtc.o(.text.HAL_RTC_Init)
    HAL_RTC_MspInit                          0x08003771   Thumb Code    76  rtc.o(.text.HAL_RTC_MspInit)
    HAL_RTC_WaitForSynchro                   0x080037bd   Thumb Code   100  stm32f1xx_hal_rtc.o(.text.HAL_RTC_WaitForSynchro)
    HAL_SYSTICK_Config                       0x08003821   Thumb Code    16  stm32f1xx_hal_cortex.o(.text.HAL_SYSTICK_Config)
    HAL_TIMEx_MasterConfigSynchronization    0x08003831   Thumb Code   220  stm32f1xx_hal_tim_ex.o(.text.HAL_TIMEx_MasterConfigSynchronization)
    HAL_TIM_Encoder_Init                     0x0800390d   Thumb Code   296  stm32f1xx_hal_tim.o(.text.HAL_TIM_Encoder_Init)
    HAL_TIM_Encoder_MspInit                  0x08003a35   Thumb Code   126  tim.o(.text.HAL_TIM_Encoder_MspInit)
    HAL_TIM_Encoder_Start                    0x08003ab5   Thumb Code   334  stm32f1xx_hal_tim.o(.text.HAL_TIM_Encoder_Start)
    HAL_UARTEx_RxEventCallback               0x08003c05   Thumb Code    12  stm32f1xx_hal_uart.o(.text.HAL_UARTEx_RxEventCallback)
    HAL_UART_ErrorCallback                   0x08003c11   Thumb Code     8  stm32f1xx_hal_uart.o(.text.HAL_UART_ErrorCallback)
    HAL_UART_IRQHandler                      0x08003c19   Thumb Code  1066  stm32f1xx_hal_uart.o(.text.HAL_UART_IRQHandler)
    HAL_UART_Init                            0x08004045   Thumb Code   158  stm32f1xx_hal_uart.o(.text.HAL_UART_Init)
    HAL_UART_MspInit                         0x080040e5   Thumb Code   312  usart.o(.text.HAL_UART_MspInit)
    HAL_UART_RxCpltCallback                  0x0800421d   Thumb Code     8  stm32f1xx_hal_uart.o(.text.HAL_UART_RxCpltCallback)
    HAL_UART_Transmit                        0x08004225   Thumb Code   304  stm32f1xx_hal_uart.o(.text.HAL_UART_Transmit)
    HAL_UART_TxCpltCallback                  0x08004355   Thumb Code     8  stm32f1xx_hal_uart.o(.text.HAL_UART_TxCpltCallback)
    HardFault_Handler                        0x0800435d   Thumb Code     4  stm32f1xx_it.o(.text.HardFault_Handler)
    KK_RTC_GetTime                           0x08004889   Thumb Code    28  rtc_tesk.o(.text.KK_RTC_GetTime)
    KK_RTC_Init                              0x080048a5   Thumb Code   118  rtc_tesk.o(.text.KK_RTC_Init)
    KK_RTC_SetTime                           0x0800491d   Thumb Code    32  rtc_tesk.o(.text.KK_RTC_SetTime)
    MX_DMA_Init                              0x0800493d   Thumb Code    76  dma.o(.text.MX_DMA_Init)
    MX_GPIO_Init                             0x08004989   Thumb Code   188  gpio.o(.text.MX_GPIO_Init)
    MX_I2C1_Init                             0x08004a45   Thumb Code    72  i2c.o(.text.MX_I2C1_Init)
    MX_RTC_Init                              0x08004a8d   Thumb Code    52  rtc.o(.text.MX_RTC_Init)
    MX_TIM1_Init                             0x08004ac1   Thumb Code   142  tim.o(.text.MX_TIM1_Init)
    MX_USART2_UART_Init                      0x08004b51   Thumb Code    64  usart.o(.text.MX_USART2_UART_Init)
    MainTask                                 0x08004b91   Thumb Code    32  main_task.o(.text.MainTask)
    MainTaskInit                             0x08004bb1   Thumb Code    42  main_task.o(.text.MainTaskInit)
    MemManage_Handler                        0x08004bdd   Thumb Code     4  stm32f1xx_it.o(.text.MemManage_Handler)
    NMI_Handler                              0x08004be1   Thumb Code     4  stm32f1xx_it.o(.text.NMI_Handler)
    OLED_Init                                0x08004c51   Thumb Code   190  oled.o(.text.OLED_Init)
    OLED_NewFrame                            0x08004d11   Thumb Code    20  oled.o(.text.OLED_NewFrame)
    OLED_PrintASCIIChar                      0x08004d25   Thumb Code    88  oled.o(.text.OLED_PrintASCIIChar)
    OLED_PrintASCIIString                    0x08004d7d   Thumb Code    96  oled.o(.text.OLED_PrintASCIIString)
    OLED_Send                                0x08004ddd   Thumb Code    42  oled.o(.text.OLED_Send)
    OLED_SendCmd                             0x08004e09   Thumb Code    32  oled.o(.text.OLED_SendCmd)
    OLED_SetBits                             0x08004e29   Thumb Code   150  oled.o(.text.OLED_SetBits)
    OLED_SetBits_Fine                        0x08004ec1   Thumb Code   224  oled.o(.text.OLED_SetBits_Fine)
    OLED_SetBlock                            0x08004fa1   Thumb Code   292  oled.o(.text.OLED_SetBlock)
    OLED_SetByte_Fine                        0x080050c5   Thumb Code   214  oled.o(.text.OLED_SetByte_Fine)
    OLED_ShowFrame                           0x0800519d   Thumb Code   118  oled.o(.text.OLED_ShowFrame)
    PendSV_Handler                           0x08005215   Thumb Code     2  stm32f1xx_it.o(.text.PendSV_Handler)
    SVC_Handler                              0x08005471   Thumb Code     2  stm32f1xx_it.o(.text.SVC_Handler)
    SetInitEncoderCounter                    0x08005475   Thumb Code    26  encoder.o(.text.SetInitEncoderCounter)
    ShowTime                                 0x08005491   Thumb Code   188  main_task.o(.text.ShowTime)
    SysTick_Handler                          0x080055a1   Thumb Code     8  stm32f1xx_it.o(.text.SysTick_Handler)
    SystemClock_Config                       0x080055a9   Thumb Code   148  main.o(.text.SystemClock_Config)
    SystemInit                               0x0800563d   Thumb Code     2  system_stm32f1xx.o(.text.SystemInit)
    TIM_Base_SetConfig                       0x08005641   Thumb Code   262  stm32f1xx_hal_tim.o(.text.TIM_Base_SetConfig)
    TIM_CCxChannelCmd                        0x08005749   Thumb Code    54  stm32f1xx_hal_tim.o(.text.TIM_CCxChannelCmd)
    USART2_IRQHandler                        0x08005bf5   Thumb Code    16  stm32f1xx_it.o(.text.USART2_IRQHandler)
    UsageFault_Handler                       0x08005c05   Thumb Code     4  stm32f1xx_it.o(.text.UsageFault_Handler)
    main                                     0x08005cc9   Thumb Code    52  main.o(.text.main)
    _btod_d2e                                0x08005cfd   Thumb Code    62  btod.o(CL$$btod_d2e)
    _d2e_denorm_low                          0x08005d3b   Thumb Code    70  btod.o(CL$$btod_d2e_denorm_low)
    _d2e_norm_op1                            0x08005d81   Thumb Code    96  btod.o(CL$$btod_d2e_norm_op1)
    __btod_div_common                        0x08005de1   Thumb Code   696  btod.o(CL$$btod_div_common)
    _e2e                                     0x08006119   Thumb Code   220  btod.o(CL$$btod_e2e)
    _btod_ediv                               0x080061f5   Thumb Code    42  btod.o(CL$$btod_ediv)
    _btod_emul                               0x0800621f   Thumb Code    42  btod.o(CL$$btod_emul)
    __btod_mult_common                       0x08006249   Thumb Code   580  btod.o(CL$$btod_mult_common)
    __ARM_fpclassify                         0x0800648d   Thumb Code    40  fpclassify.o(i.__ARM_fpclassify)
    _is_digit                                0x080064b5   Thumb Code    14  __printf_wp.o(i._is_digit)
    _get_lc_numeric                          0x080064c5   Thumb Code    44  lc_numeric_c.o(locale$$code)
    _get_lc_ctype                            0x080064f1   Thumb Code    44  lc_ctype_c.o(locale$$code)
    _printf_fp_dec                           0x0800651d   Thumb Code     4  printf1.o(x$fpl$printf1)
    _printf_fp_hex                           0x08006521   Thumb Code     4  printf2.o(x$fpl$printf2)
    __I$use$fp                               0x08006524   Number         0  usenofp.o(x$fpl$usenofp)
    _monlen                                  0x08006565   Data          12  _monlen.o(.constdata)
    AHBPrescTable                            0x0800665e   Data          16  system_stm32f1xx.o(.rodata.AHBPrescTable)
    APBPrescTable                            0x0800666e   Data           8  system_stm32f1xx.o(.rodata.APBPrescTable)
    afont16x8                                0x0800669c   Data           8  font.o(.rodata.afont16x8)
    afont24x12                               0x080066a4   Data           8  font.o(.rodata.afont24x12)
    ascii_16x8                               0x080066ac   Data        1520  font.o(.rodata.ascii_16x8)
    ascii_24x12                              0x08006c9c   Data        3420  font.o(.rodata.ascii_24x12)
    Region$$Table$$Base                      0x08007a18   Number         0  anon$$obj.o(Region$$Table)
    Region$$Table$$Limit                     0x08007a38   Number         0  anon$$obj.o(Region$$Table)
    __ctype                                  0x08007a61   Data           0  lc_ctype_c.o(locale$$data)
    SystemCoreClock                          0x20000000   Data           4  system_stm32f1xx.o(.data.SystemCoreClock)
    uwTickFreq                               0x20000004   Data           1  stm32f1xx_hal.o(.data.uwTickFreq)
    uwTickPrio                               0x20000008   Data           4  stm32f1xx_hal.o(.data.uwTickPrio)
    weekDays                                 0x2000000c   Data          70  main_task.o(.data.weekDays)
    __libspace_start                         0x20000084   Data          96  libspace.o(.bss)
    OLED_GRAM                                0x200000e4   Data        1024  oled.o(.bss.OLED_GRAM)
    __temporary_stack_top$libspace           0x200000e4   Data           0  libspace.o(.bss)
    hdma_usart2_rx                           0x20000568   Data          68  usart.o(.bss.hdma_usart2_rx)
    hdma_usart2_tx                           0x200005ac   Data          68  usart.o(.bss.hdma_usart2_tx)
    hi2c1                                    0x200005f0   Data          84  i2c.o(.bss.hi2c1)
    hrtc                                     0x20000644   Data          20  rtc.o(.bss.hrtc)
    htim1                                    0x20000658   Data          72  tim.o(.bss.htim1)
    huart2                                   0x200006a0   Data          72  usart.o(.bss.huart2)
    last_read                                0x200006e8   Data           4  encoder.o(.bss.last_read)
    onBackwardCallback                       0x200006ec   Data           4  encoder.o(.bss.onBackwardCallback)
    onForwardCallback                        0x200006f0   Data           4  encoder.o(.bss.onForwardCallback)
    uwTick                                   0x200006f4   Data           4  stm32f1xx_hal.o(.bss.uwTick)



==============================================================================

Memory Map of the image

  Image Entry point : 0x080000ed

  Load Region LR_IROM1 (Base: 0x08000000, Size: 0x00007bc0, Max: 0x00010000, ABSOLUTE)

    Execution Region ER_IROM1 (Exec base: 0x08000000, Load base: 0x08000000, Size: 0x00007b64, Max: 0x00010000, ABSOLUTE)

    Exec Addr    Load Addr    Size         Type   Attr      Idx    E Section Name        Object

    0x08000000   0x08000000   0x000000ec   Data   RO            3    RESET               startup_stm32f103xb.o
    0x080000ec   0x080000ec   0x00000008   Code   RO         1448  * !!!main             c_w.l(__main.o)
    0x080000f4   0x080000f4   0x0000005c   Code   RO         1812    !!!scatter          c_w.l(__scatter.o)
    0x08000150   0x08000150   0x0000001a   Code   RO         1816    !!handler_copy      c_w.l(__scatter_copy.o)
    0x0800016a   0x0800016a   0x00000002   PAD
    0x0800016c   0x0800016c   0x00000002   Code   RO         1813    !!handler_null      c_w.l(__scatter.o)
    0x0800016e   0x0800016e   0x00000002   PAD
    0x08000170   0x08000170   0x0000001c   Code   RO         1818    !!handler_zi        c_w.l(__scatter_zi.o)
    0x0800018c   0x0800018c   0x00000000   Code   RO         1550    .ARM.Collect$$_printf_percent$$00000000  c_w.l(_printf_percent.o)
    0x0800018c   0x0800018c   0x00000006   Code   RO         1539    .ARM.Collect$$_printf_percent$$00000001  c_w.l(_printf_n.o)
    0x08000192   0x08000192   0x00000006   Code   RO         1541    .ARM.Collect$$_printf_percent$$00000002  c_w.l(_printf_p.o)
    0x08000198   0x08000198   0x00000006   Code   RO         1546    .ARM.Collect$$_printf_percent$$00000003  c_w.l(_printf_f.o)
    0x0800019e   0x0800019e   0x00000006   Code   RO         1547    .ARM.Collect$$_printf_percent$$00000004  c_w.l(_printf_e.o)
    0x080001a4   0x080001a4   0x00000006   Code   RO         1548    .ARM.Collect$$_printf_percent$$00000005  c_w.l(_printf_g.o)
    0x080001aa   0x080001aa   0x00000006   Code   RO         1549    .ARM.Collect$$_printf_percent$$00000006  c_w.l(_printf_a.o)
    0x080001b0   0x080001b0   0x0000000a   Code   RO         1554    .ARM.Collect$$_printf_percent$$00000007  c_w.l(_printf_ll.o)
    0x080001ba   0x080001ba   0x00000006   Code   RO         1543    .ARM.Collect$$_printf_percent$$00000008  c_w.l(_printf_i.o)
    0x080001c0   0x080001c0   0x00000006   Code   RO         1544    .ARM.Collect$$_printf_percent$$00000009  c_w.l(_printf_d.o)
    0x080001c6   0x080001c6   0x00000006   Code   RO         1545    .ARM.Collect$$_printf_percent$$0000000A  c_w.l(_printf_u.o)
    0x080001cc   0x080001cc   0x00000006   Code   RO         1542    .ARM.Collect$$_printf_percent$$0000000B  c_w.l(_printf_o.o)
    0x080001d2   0x080001d2   0x00000006   Code   RO         1540    .ARM.Collect$$_printf_percent$$0000000C  c_w.l(_printf_x.o)
    0x080001d8   0x080001d8   0x00000006   Code   RO         1551    .ARM.Collect$$_printf_percent$$0000000D  c_w.l(_printf_lli.o)
    0x080001de   0x080001de   0x00000006   Code   RO         1552    .ARM.Collect$$_printf_percent$$0000000E  c_w.l(_printf_lld.o)
    0x080001e4   0x080001e4   0x00000006   Code   RO         1553    .ARM.Collect$$_printf_percent$$0000000F  c_w.l(_printf_llu.o)
    0x080001ea   0x080001ea   0x00000006   Code   RO         1558    .ARM.Collect$$_printf_percent$$00000010  c_w.l(_printf_llo.o)
    0x080001f0   0x080001f0   0x00000006   Code   RO         1559    .ARM.Collect$$_printf_percent$$00000011  c_w.l(_printf_llx.o)
    0x080001f6   0x080001f6   0x0000000a   Code   RO         1555    .ARM.Collect$$_printf_percent$$00000012  c_w.l(_printf_l.o)
    0x08000200   0x08000200   0x00000006   Code   RO         1537    .ARM.Collect$$_printf_percent$$00000013  c_w.l(_printf_c.o)
    0x08000206   0x08000206   0x00000006   Code   RO         1538    .ARM.Collect$$_printf_percent$$00000014  c_w.l(_printf_s.o)
    0x0800020c   0x0800020c   0x00000006   Code   RO         1556    .ARM.Collect$$_printf_percent$$00000015  c_w.l(_printf_lc.o)
    0x08000212   0x08000212   0x00000006   Code   RO         1557    .ARM.Collect$$_printf_percent$$00000016  c_w.l(_printf_ls.o)
    0x08000218   0x08000218   0x00000004   Code   RO         1610    .ARM.Collect$$_printf_percent$$00000017  c_w.l(_printf_percent_end.o)
    0x0800021c   0x0800021c   0x00000002   Code   RO         1661    .ARM.Collect$$libinit$$00000000  c_w.l(libinit.o)
    0x0800021e   0x0800021e   0x00000000   Code   RO         1679    .ARM.Collect$$libinit$$00000002  c_w.l(libinit2.o)
    0x0800021e   0x0800021e   0x00000000   Code   RO         1681    .ARM.Collect$$libinit$$00000004  c_w.l(libinit2.o)
    0x0800021e   0x0800021e   0x00000000   Code   RO         1683    .ARM.Collect$$libinit$$00000006  c_w.l(libinit2.o)
    0x0800021e   0x0800021e   0x00000000   Code   RO         1686    .ARM.Collect$$libinit$$0000000C  c_w.l(libinit2.o)
    0x0800021e   0x0800021e   0x00000000   Code   RO         1688    .ARM.Collect$$libinit$$0000000E  c_w.l(libinit2.o)
    0x0800021e   0x0800021e   0x00000000   Code   RO         1690    .ARM.Collect$$libinit$$00000010  c_w.l(libinit2.o)
    0x0800021e   0x0800021e   0x00000006   Code   RO         1691    .ARM.Collect$$libinit$$00000011  c_w.l(libinit2.o)
    0x08000224   0x08000224   0x00000000   Code   RO         1693    .ARM.Collect$$libinit$$00000013  c_w.l(libinit2.o)
    0x08000224   0x08000224   0x0000000c   Code   RO         1694    .ARM.Collect$$libinit$$00000014  c_w.l(libinit2.o)
    0x08000230   0x08000230   0x00000000   Code   RO         1695    .ARM.Collect$$libinit$$00000015  c_w.l(libinit2.o)
    0x08000230   0x08000230   0x00000000   Code   RO         1697    .ARM.Collect$$libinit$$00000017  c_w.l(libinit2.o)
    0x08000230   0x08000230   0x0000000a   Code   RO         1698    .ARM.Collect$$libinit$$00000018  c_w.l(libinit2.o)
    0x0800023a   0x0800023a   0x00000000   Code   RO         1699    .ARM.Collect$$libinit$$00000019  c_w.l(libinit2.o)
    0x0800023a   0x0800023a   0x00000000   Code   RO         1701    .ARM.Collect$$libinit$$0000001B  c_w.l(libinit2.o)
    0x0800023a   0x0800023a   0x00000000   Code   RO         1703    .ARM.Collect$$libinit$$0000001D  c_w.l(libinit2.o)
    0x0800023a   0x0800023a   0x00000000   Code   RO         1705    .ARM.Collect$$libinit$$0000001F  c_w.l(libinit2.o)
    0x0800023a   0x0800023a   0x00000000   Code   RO         1707    .ARM.Collect$$libinit$$00000021  c_w.l(libinit2.o)
    0x0800023a   0x0800023a   0x00000000   Code   RO         1709    .ARM.Collect$$libinit$$00000023  c_w.l(libinit2.o)
    0x0800023a   0x0800023a   0x00000000   Code   RO         1711    .ARM.Collect$$libinit$$00000025  c_w.l(libinit2.o)
    0x0800023a   0x0800023a   0x00000000   Code   RO         1713    .ARM.Collect$$libinit$$00000027  c_w.l(libinit2.o)
    0x0800023a   0x0800023a   0x00000000   Code   RO         1717    .ARM.Collect$$libinit$$0000002E  c_w.l(libinit2.o)
    0x0800023a   0x0800023a   0x00000000   Code   RO         1719    .ARM.Collect$$libinit$$00000030  c_w.l(libinit2.o)
    0x0800023a   0x0800023a   0x00000000   Code   RO         1721    .ARM.Collect$$libinit$$00000032  c_w.l(libinit2.o)
    0x0800023a   0x0800023a   0x00000000   Code   RO         1723    .ARM.Collect$$libinit$$00000034  c_w.l(libinit2.o)
    0x0800023a   0x0800023a   0x00000002   Code   RO         1724    .ARM.Collect$$libinit$$00000035  c_w.l(libinit2.o)
    0x0800023c   0x0800023c   0x00000002   Code   RO         1748    .ARM.Collect$$libshutdown$$00000000  c_w.l(libshutdown.o)
    0x0800023e   0x0800023e   0x00000000   Code   RO         1763    .ARM.Collect$$libshutdown$$00000002  c_w.l(libshutdown2.o)
    0x0800023e   0x0800023e   0x00000000   Code   RO         1765    .ARM.Collect$$libshutdown$$00000004  c_w.l(libshutdown2.o)
    0x0800023e   0x0800023e   0x00000000   Code   RO         1768    .ARM.Collect$$libshutdown$$00000007  c_w.l(libshutdown2.o)
    0x0800023e   0x0800023e   0x00000000   Code   RO         1771    .ARM.Collect$$libshutdown$$0000000A  c_w.l(libshutdown2.o)
    0x0800023e   0x0800023e   0x00000000   Code   RO         1773    .ARM.Collect$$libshutdown$$0000000C  c_w.l(libshutdown2.o)
    0x0800023e   0x0800023e   0x00000000   Code   RO         1776    .ARM.Collect$$libshutdown$$0000000F  c_w.l(libshutdown2.o)
    0x0800023e   0x0800023e   0x00000002   Code   RO         1777    .ARM.Collect$$libshutdown$$00000010  c_w.l(libshutdown2.o)
    0x08000240   0x08000240   0x00000000   Code   RO         1468    .ARM.Collect$$rtentry$$00000000  c_w.l(__rtentry.o)
    0x08000240   0x08000240   0x00000000   Code   RO         1579    .ARM.Collect$$rtentry$$00000002  c_w.l(__rtentry2.o)
    0x08000240   0x08000240   0x00000006   Code   RO         1591    .ARM.Collect$$rtentry$$00000004  c_w.l(__rtentry4.o)
    0x08000246   0x08000246   0x00000000   Code   RO         1581    .ARM.Collect$$rtentry$$00000009  c_w.l(__rtentry2.o)
    0x08000246   0x08000246   0x00000004   Code   RO         1582    .ARM.Collect$$rtentry$$0000000A  c_w.l(__rtentry2.o)
    0x0800024a   0x0800024a   0x00000000   Code   RO         1584    .ARM.Collect$$rtentry$$0000000C  c_w.l(__rtentry2.o)
    0x0800024a   0x0800024a   0x00000008   Code   RO         1585    .ARM.Collect$$rtentry$$0000000D  c_w.l(__rtentry2.o)
    0x08000252   0x08000252   0x00000002   Code   RO         1669    .ARM.Collect$$rtexit$$00000000  c_w.l(rtexit.o)
    0x08000254   0x08000254   0x00000000   Code   RO         1726    .ARM.Collect$$rtexit$$00000002  c_w.l(rtexit2.o)
    0x08000254   0x08000254   0x00000004   Code   RO         1727    .ARM.Collect$$rtexit$$00000003  c_w.l(rtexit2.o)
    0x08000258   0x08000258   0x00000006   Code   RO         1728    .ARM.Collect$$rtexit$$00000004  c_w.l(rtexit2.o)
    0x0800025e   0x0800025e   0x00000002   PAD
    0x08000260   0x08000260   0x00000040   Code   RO            4    .text               startup_stm32f103xb.o
    0x080002a0   0x080002a0   0x0000002c   Code   RO         1429    .text               c_w.l(sprintf.o)
    0x080002cc   0x080002cc   0x0000003e   Code   RO         1433    .text               c_w.l(strlen.o)
    0x0800030a   0x0800030a   0x0000008a   Code   RO         1435    .text               c_w.l(rt_memcpy_v6.o)
    0x08000394   0x08000394   0x00000044   Code   RO         1437    .text               c_w.l(rt_memclr.o)
    0x080003d8   0x080003d8   0x0000004e   Code   RO         1439    .text               c_w.l(rt_memclr_w.o)
    0x08000426   0x08000426   0x00000002   PAD
    0x08000428   0x08000428   0x0000000c   Code   RO         1441    .text               c_w.l(localtime.o)
    0x08000434   0x08000434   0x000001a8   Code   RO         1444    .text               c_w.l(mktime.o)
    0x080005dc   0x080005dc   0x00000006   Code   RO         1446    .text               c_w.l(heapauxi.o)
    0x080005e2   0x080005e2   0x0000004e   Code   RO         1471    .text               c_w.l(_printf_pad.o)
    0x08000630   0x08000630   0x00000024   Code   RO         1473    .text               c_w.l(_printf_truncate.o)
    0x08000654   0x08000654   0x00000052   Code   RO         1475    .text               c_w.l(_printf_str.o)
    0x080006a6   0x080006a6   0x00000002   PAD
    0x080006a8   0x080006a8   0x00000078   Code   RO         1477    .text               c_w.l(_printf_dec.o)
    0x08000720   0x08000720   0x00000028   Code   RO         1479    .text               c_w.l(_printf_charcount.o)
    0x08000748   0x08000748   0x00000030   Code   RO         1481    .text               c_w.l(_printf_char_common.o)
    0x08000778   0x08000778   0x0000000a   Code   RO         1483    .text               c_w.l(_sputc.o)
    0x08000782   0x08000782   0x00000002   PAD
    0x08000784   0x08000784   0x000000bc   Code   RO         1485    .text               c_w.l(_printf_wctomb.o)
    0x08000840   0x08000840   0x0000007c   Code   RO         1488    .text               c_w.l(_printf_longlong_dec.o)
    0x080008bc   0x080008bc   0x00000070   Code   RO         1494    .text               c_w.l(_printf_oct_int_ll.o)
    0x0800092c   0x0800092c   0x00000094   Code   RO         1514    .text               c_w.l(_printf_hex_int_ll_ptr.o)
    0x080009c0   0x080009c0   0x00000188   Code   RO         1534    .text               c_w.l(__printf_flags_ss_wp.o)
    0x08000b48   0x08000b48   0x00000064   Code   RO         1560    .text               c_w.l(rt_memcpy_w.o)
    0x08000bac   0x08000bac   0x000000b8   Code   RO         1563    .text               c_w.l(localtime_internal.o)
    0x08000c64   0x08000c64   0x0000008a   Code   RO         1593    .text               c_w.l(lludiv10.o)
    0x08000cee   0x08000cee   0x000000b2   Code   RO         1595    .text               c_w.l(_printf_intcommon.o)
    0x08000da0   0x08000da0   0x0000041c   Code   RO         1597    .text               c_w.l(_printf_fp_dec.o)
    0x080011bc   0x080011bc   0x000002fc   Code   RO         1601    .text               c_w.l(_printf_fp_hex.o)
    0x080014b8   0x080014b8   0x0000002c   Code   RO         1606    .text               c_w.l(_printf_char.o)
    0x080014e4   0x080014e4   0x0000002c   Code   RO         1608    .text               c_w.l(_printf_wchar.o)
    0x08001510   0x08001510   0x00000048   Code   RO         1611    .text               c_w.l(_c16rtomb.o)
    0x08001558   0x08001558   0x0000004a   Code   RO         1613    .text               c_w.l(sys_stackheap_outer.o)
    0x080015a2   0x080015a2   0x00000002   PAD
    0x080015a4   0x080015a4   0x00000010   Code   RO         1615    .text               c_w.l(rt_ctype_table.o)
    0x080015b4   0x080015b4   0x00000008   Code   RO         1620    .text               c_w.l(rt_locale_intlibspace.o)
    0x080015bc   0x080015bc   0x00000080   Code   RO         1622    .text               c_w.l(_printf_fp_infnan.o)
    0x0800163c   0x0800163c   0x000000e4   Code   RO         1624    .text               c_w.l(bigflt0.o)
    0x08001720   0x08001720   0x00000012   Code   RO         1654    .text               c_w.l(exit.o)
    0x08001732   0x08001732   0x00000002   PAD
    0x08001734   0x08001734   0x00000008   Code   RO         1666    .text               c_w.l(libspace.o)
    0x0800173c   0x0800173c   0x00000080   Code   RO         1676    .text               c_w.l(strcmpv7m.o)
    0x080017bc   0x080017bc   0x0000000c   Code   RO         1738    .text               c_w.l(sys_exit.o)
    0x080017c8   0x080017c8   0x00000002   Code   RO         1753    .text               c_w.l(use_no_semi.o)
    0x080017ca   0x080017ca   0x00000000   Code   RO         1755    .text               c_w.l(indicate_semi.o)
    0x080017ca   0x080017ca   0x00000002   PAD
    0x080017cc   0x080017cc   0x00000004   Code   RO          105    .text.BusFault_Handler  stm32f1xx_it.o
    0x080017d0   0x080017d0   0x00000010   Code   RO          117    .text.DMA1_Channel6_IRQHandler  stm32f1xx_it.o
    0x080017e0   0x080017e0   0x00000010   Code   RO          119    .text.DMA1_Channel7_IRQHandler  stm32f1xx_it.o
    0x080017f0   0x080017f0   0x00000002   Code   RO          111    .text.DebugMon_Handler  stm32f1xx_it.o
    0x080017f2   0x080017f2   0x00000002   PAD
    0x080017f4   0x080017f4   0x0000000c   Code   RO          123    .text.EXTI15_10_IRQHandler  stm32f1xx_it.o
    0x08001800   0x08001800   0x00000036   Code   RO         1409    .text.EncoderBackward  main_task.o
    0x08001836   0x08001836   0x00000002   PAD
    0x08001838   0x08001838   0x00000036   Code   RO         1407    .text.EncoderForward  main_task.o
    0x0800186e   0x0800186e   0x00000002   PAD
    0x08001870   0x08001870   0x0000001a   Code   RO         1283    .text.EncoderInit   encoder.o
    0x0800188a   0x0800188a   0x00000002   PAD
    0x0800188c   0x0800188c   0x0000009e   Code   RO         1291    .text.EncoderJudge  encoder.o
    0x0800192a   0x0800192a   0x00000002   PAD
    0x0800192c   0x0800192c   0x00000014   Code   RO         1289    .text.EncoderSetOnBackwardCallback  encoder.o
    0x08001940   0x08001940   0x00000014   Code   RO         1287    .text.EncoderSetOnForwardCallback  encoder.o
    0x08001954   0x08001954   0x0000000e   Code   RO           15    .text.Error_Handler  main.o
    0x08001962   0x08001962   0x00000002   PAD
    0x08001964   0x08001964   0x0000000e   Code   RO         1285    .text.GetEncoderCounter  encoder.o
    0x08001972   0x08001972   0x00000002   PAD
    0x08001974   0x08001974   0x0000007c   Code   RO          471    .text.HAL_DMA_Abort  stm32f1xx_hal_dma.o
    0x080019f0   0x080019f0   0x0000011c   Code   RO          473    .text.HAL_DMA_Abort_IT  stm32f1xx_hal_dma.o
    0x08001b0c   0x08001b0c   0x00000286   Code   RO          477    .text.HAL_DMA_IRQHandler  stm32f1xx_hal_dma.o
    0x08001d92   0x08001d92   0x00000002   PAD
    0x08001d94   0x08001d94   0x000000ae   Code   RO          461    .text.HAL_DMA_Init  stm32f1xx_hal_dma.o
    0x08001e42   0x08001e42   0x00000002   PAD
    0x08001e44   0x08001e44   0x00000042   Code   RO          344    .text.HAL_Delay     stm32f1xx_hal.o
    0x08001e86   0x08001e86   0x00000002   PAD
    0x08001e88   0x08001e88   0x0000000a   Code   RO          452    .text.HAL_GPIO_EXTI_Callback  stm32f1xx_hal_gpio.o
    0x08001e92   0x08001e92   0x00000002   PAD
    0x08001e94   0x08001e94   0x00000038   Code   RO          450    .text.HAL_GPIO_EXTI_IRQHandler  stm32f1xx_hal_gpio.o
    0x08001ecc   0x08001ecc   0x0000031e   Code   RO          438    .text.HAL_GPIO_Init  stm32f1xx_hal_gpio.o
    0x080021ea   0x080021ea   0x00000002   PAD
    0x080021ec   0x080021ec   0x0000000c   Code   RO          336    .text.HAL_GetTick   stm32f1xx_hal.o
    0x080021f8   0x080021f8   0x000002a4   Code   RO          153    .text.HAL_I2C_Init  stm32f1xx_hal_i2c.o
    0x0800249c   0x0800249c   0x0000020c   Code   RO          161    .text.HAL_I2C_Master_Transmit  stm32f1xx_hal_i2c.o
    0x080026a8   0x080026a8   0x0000007e   Code   RO           43    .text.HAL_I2C_MspInit  i2c.o
    0x08002726   0x08002726   0x00000002   PAD
    0x08002728   0x08002728   0x0000001a   Code   RO          334    .text.HAL_IncTick   stm32f1xx_hal.o
    0x08002742   0x08002742   0x00000002   PAD
    0x08002744   0x08002744   0x00000026   Code   RO          324    .text.HAL_Init      stm32f1xx_hal.o
    0x0800276a   0x0800276a   0x00000002   PAD
    0x0800276c   0x0800276c   0x00000070   Code   RO          326    .text.HAL_InitTick  stm32f1xx_hal.o
    0x080027dc   0x080027dc   0x00000064   Code   RO          132    .text.HAL_MspInit   stm32f1xx_hal_msp.o
    0x08002840   0x08002840   0x00000014   Code   RO          506    .text.HAL_NVIC_EnableIRQ  stm32f1xx_hal_cortex.o
    0x08002854   0x08002854   0x00000032   Code   RO          498    .text.HAL_NVIC_SetPriority  stm32f1xx_hal_cortex.o
    0x08002886   0x08002886   0x00000002   PAD
    0x08002888   0x08002888   0x00000010   Code   RO          494    .text.HAL_NVIC_SetPriorityGrouping  stm32f1xx_hal_cortex.o
    0x08002898   0x08002898   0x0000000c   Code   RO          561    .text.HAL_PWR_EnableBkUpAccess  stm32f1xx_hal_pwr.o
    0x080028a4   0x080028a4   0x00000196   Code   RO          427    .text.HAL_RCCEx_GetPeriphCLKFreq  stm32f1xx_hal_rcc_ex.o
    0x08002a3a   0x08002a3a   0x00000002   PAD
    0x08002a3c   0x08002a3c   0x000001c8   Code   RO          423    .text.HAL_RCCEx_PeriphCLKConfig  stm32f1xx_hal_rcc_ex.o
    0x08002c04   0x08002c04   0x00000256   Code   RO          390    .text.HAL_RCC_ClockConfig  stm32f1xx_hal_rcc.o
    0x08002e5a   0x08002e5a   0x00000002   PAD
    0x08002e5c   0x08002e5c   0x0000000c   Code   RO          400    .text.HAL_RCC_GetHCLKFreq  stm32f1xx_hal_rcc.o
    0x08002e68   0x08002e68   0x00000022   Code   RO          402    .text.HAL_RCC_GetPCLK1Freq  stm32f1xx_hal_rcc.o
    0x08002e8a   0x08002e8a   0x00000002   PAD
    0x08002e8c   0x08002e8c   0x00000022   Code   RO          404    .text.HAL_RCC_GetPCLK2Freq  stm32f1xx_hal_rcc.o
    0x08002eae   0x08002eae   0x00000002   PAD
    0x08002eb0   0x08002eb0   0x000000bc   Code   RO          392    .text.HAL_RCC_GetSysClockFreq  stm32f1xx_hal_rcc.o
    0x08002f6c   0x08002f6c   0x0000067a   Code   RO          386    .text.HAL_RCC_OscConfig  stm32f1xx_hal_rcc.o
    0x080035e6   0x080035e6   0x00000002   PAD
    0x080035e8   0x080035e8   0x0000002e   Code   RO          789    .text.HAL_RTCEx_BKUPRead  stm32f1xx_hal_rtc_ex.o
    0x08003616   0x08003616   0x00000002   PAD
    0x08003618   0x08003618   0x0000002c   Code   RO          787    .text.HAL_RTCEx_BKUPWrite  stm32f1xx_hal_rtc_ex.o
    0x08003644   0x08003644   0x0000012a   Code   RO          702    .text.HAL_RTC_Init  stm32f1xx_hal_rtc.o
    0x0800376e   0x0800376e   0x00000002   PAD
    0x08003770   0x08003770   0x0000004c   Code   RO           57    .text.HAL_RTC_MspInit  rtc.o
    0x080037bc   0x080037bc   0x00000064   Code   RO          706    .text.HAL_RTC_WaitForSynchro  stm32f1xx_hal_rtc.o
    0x08003820   0x08003820   0x00000010   Code   RO          518    .text.HAL_SYSTICK_Config  stm32f1xx_hal_cortex.o
    0x08003830   0x08003830   0x000000dc   Code   RO         1113    .text.HAL_TIMEx_MasterConfigSynchronization  stm32f1xx_hal_tim_ex.o
    0x0800390c   0x0800390c   0x00000128   Code   RO          914    .text.HAL_TIM_Encoder_Init  stm32f1xx_hal_tim.o
    0x08003a34   0x08003a34   0x0000007e   Code   RO           71    .text.HAL_TIM_Encoder_MspInit  tim.o
    0x08003ab2   0x08003ab2   0x00000002   PAD
    0x08003ab4   0x08003ab4   0x0000014e   Code   RO          922    .text.HAL_TIM_Encoder_Start  stm32f1xx_hal_tim.o
    0x08003c02   0x08003c02   0x00000002   PAD
    0x08003c04   0x08003c04   0x0000000c   Code   RO         1228    .text.HAL_UARTEx_RxEventCallback  stm32f1xx_hal_uart.o
    0x08003c10   0x08003c10   0x00000008   Code   RO         1226    .text.HAL_UART_ErrorCallback  stm32f1xx_hal_uart.o
    0x08003c18   0x08003c18   0x0000042a   Code   RO         1220    .text.HAL_UART_IRQHandler  stm32f1xx_hal_uart.o
    0x08004042   0x08004042   0x00000002   PAD
    0x08004044   0x08004044   0x0000009e   Code   RO         1136    .text.HAL_UART_Init  stm32f1xx_hal_uart.o
    0x080040e2   0x080040e2   0x00000002   PAD
    0x080040e4   0x080040e4   0x00000138   Code   RO           85    .text.HAL_UART_MspInit  usart.o
    0x0800421c   0x0800421c   0x00000008   Code   RO         1238    .text.HAL_UART_RxCpltCallback  stm32f1xx_hal_uart.o
    0x08004224   0x08004224   0x00000130   Code   RO         1152    .text.HAL_UART_Transmit  stm32f1xx_hal_uart.o
    0x08004354   0x08004354   0x00000008   Code   RO         1234    .text.HAL_UART_TxCpltCallback  stm32f1xx_hal_uart.o
    0x0800435c   0x0800435c   0x00000004   Code   RO          101    .text.HardFault_Handler  stm32f1xx_it.o
    0x08004360   0x08004360   0x00000064   Code   RO          315    .text.I2C_IsAcknowledgeFailed  stm32f1xx_hal_i2c.o
    0x080043c4   0x080043c4   0x00000112   Code   RO          165    .text.I2C_MasterRequestWrite  stm32f1xx_hal_i2c.o
    0x080044d6   0x080044d6   0x00000002   PAD
    0x080044d8   0x080044d8   0x000000ac   Code   RO          169    .text.I2C_WaitOnBTFFlagUntilTimeout  stm32f1xx_hal_i2c.o
    0x08004584   0x08004584   0x00000108   Code   RO          163    .text.I2C_WaitOnFlagUntilTimeout  stm32f1xx_hal_i2c.o
    0x0800468c   0x0800468c   0x00000154   Code   RO          313    .text.I2C_WaitOnMasterAddressFlagUntilTimeout  stm32f1xx_hal_i2c.o
    0x080047e0   0x080047e0   0x000000a8   Code   RO          167    .text.I2C_WaitOnTXEFlagUntilTimeout  stm32f1xx_hal_i2c.o
    0x08004888   0x08004888   0x0000001c   Code   RO         1307    .text.KK_RTC_GetTime  rtc_tesk.o
    0x080048a4   0x080048a4   0x00000076   Code   RO         1311    .text.KK_RTC_Init   rtc_tesk.o
    0x0800491a   0x0800491a   0x00000002   PAD
    0x0800491c   0x0800491c   0x00000020   Code   RO         1303    .text.KK_RTC_SetTime  rtc_tesk.o
    0x0800493c   0x0800493c   0x0000004c   Code   RO           33    .text.MX_DMA_Init   dma.o
    0x08004988   0x08004988   0x000000bc   Code   RO           25    .text.MX_GPIO_Init  gpio.o
    0x08004a44   0x08004a44   0x00000048   Code   RO           41    .text.MX_I2C1_Init  i2c.o
    0x08004a8c   0x08004a8c   0x00000034   Code   RO           55    .text.MX_RTC_Init   rtc.o
    0x08004ac0   0x08004ac0   0x0000008e   Code   RO           69    .text.MX_TIM1_Init  tim.o
    0x08004b4e   0x08004b4e   0x00000002   PAD
    0x08004b50   0x08004b50   0x00000040   Code   RO           83    .text.MX_USART2_UART_Init  usart.o
    0x08004b90   0x08004b90   0x00000020   Code   RO         1415    .text.MainTask      main_task.o
    0x08004bb0   0x08004bb0   0x0000002a   Code   RO         1411    .text.MainTaskInit  main_task.o
    0x08004bda   0x08004bda   0x00000002   PAD
    0x08004bdc   0x08004bdc   0x00000004   Code   RO          103    .text.MemManage_Handler  stm32f1xx_it.o
    0x08004be0   0x08004be0   0x00000004   Code   RO           99    .text.NMI_Handler   stm32f1xx_it.o
    0x08004be4   0x08004be4   0x0000006c   Code   RO          504    .text.NVIC_EncodePriority  stm32f1xx_hal_cortex.o
    0x08004c50   0x08004c50   0x000000be   Code   RO         1345    .text.OLED_Init     oled.o
    0x08004d0e   0x08004d0e   0x00000002   PAD
    0x08004d10   0x08004d10   0x00000014   Code   RO         1353    .text.OLED_NewFrame  oled.o
    0x08004d24   0x08004d24   0x00000058   Code   RO         1387    .text.OLED_PrintASCIIChar  oled.o
    0x08004d7c   0x08004d7c   0x00000060   Code   RO         1389    .text.OLED_PrintASCIIString  oled.o
    0x08004ddc   0x08004ddc   0x0000002a   Code   RO         1341    .text.OLED_Send     oled.o
    0x08004e06   0x08004e06   0x00000002   PAD
    0x08004e08   0x08004e08   0x00000020   Code   RO         1343    .text.OLED_SendCmd  oled.o
    0x08004e28   0x08004e28   0x00000096   Code   RO         1365    .text.OLED_SetBits  oled.o
    0x08004ebe   0x08004ebe   0x00000002   PAD
    0x08004ec0   0x08004ec0   0x000000e0   Code   RO         1363    .text.OLED_SetBits_Fine  oled.o
    0x08004fa0   0x08004fa0   0x00000124   Code   RO         1367    .text.OLED_SetBlock  oled.o
    0x080050c4   0x080050c4   0x000000d6   Code   RO         1359    .text.OLED_SetByte_Fine  oled.o
    0x0800519a   0x0800519a   0x00000002   PAD
    0x0800519c   0x0800519c   0x00000076   Code   RO         1355    .text.OLED_ShowFrame  oled.o
    0x08005212   0x08005212   0x00000002   PAD
    0x08005214   0x08005214   0x00000002   Code   RO          113    .text.PendSV_Handler  stm32f1xx_it.o
    0x08005216   0x08005216   0x00000002   PAD
    0x08005218   0x08005218   0x0000003a   Code   RO          388    .text.RCC_Delay     stm32f1xx_hal_rcc.o
    0x08005252   0x08005252   0x00000002   PAD
    0x08005254   0x08005254   0x00000056   Code   RO          708    .text.RTC_EnterInitMode  stm32f1xx_hal_rtc.o
    0x080052aa   0x080052aa   0x00000002   PAD
    0x080052ac   0x080052ac   0x00000056   Code   RO         1313    .text.RTC_EnterInitMode  rtc_tesk.o
    0x08005302   0x08005302   0x00000002   PAD
    0x08005304   0x08005304   0x00000056   Code   RO          710    .text.RTC_ExitInitMode  stm32f1xx_hal_rtc.o
    0x0800535a   0x0800535a   0x00000002   PAD
    0x0800535c   0x0800535c   0x00000056   Code   RO         1315    .text.RTC_ExitInitMode  rtc_tesk.o
    0x080053b2   0x080053b2   0x00000002   PAD
    0x080053b4   0x080053b4   0x0000006a   Code   RO         1309    .text.RTC_ReadTimeCounter  rtc_tesk.o
    0x0800541e   0x0800541e   0x00000002   PAD
    0x08005420   0x08005420   0x00000050   Code   RO         1305    .text.RTC_WriteTimeCounter  rtc_tesk.o
    0x08005470   0x08005470   0x00000002   Code   RO          109    .text.SVC_Handler   stm32f1xx_it.o
    0x08005472   0x08005472   0x00000002   PAD
    0x08005474   0x08005474   0x0000001a   Code   RO         1281    .text.SetInitEncoderCounter  encoder.o
    0x0800548e   0x0800548e   0x00000002   PAD
    0x08005490   0x08005490   0x000000bc   Code   RO         1413    .text.ShowTime      main_task.o
    0x0800554c   0x0800554c   0x00000052   Code   RO          520    .text.SysTick_Config  stm32f1xx_hal_cortex.o
    0x0800559e   0x0800559e   0x00000002   PAD
    0x080055a0   0x080055a0   0x00000008   Code   RO          115    .text.SysTick_Handler  stm32f1xx_it.o
    0x080055a8   0x080055a8   0x00000094   Code   RO           13    .text.SystemClock_Config  main.o
    0x0800563c   0x0800563c   0x00000002   Code   RO         1267    .text.SystemInit    system_stm32f1xx.o
    0x0800563e   0x0800563e   0x00000002   PAD
    0x08005640   0x08005640   0x00000106   Code   RO          804    .text.TIM_Base_SetConfig  stm32f1xx_hal_tim.o
    0x08005746   0x08005746   0x00000002   PAD
    0x08005748   0x08005748   0x00000036   Code   RO          838    .text.TIM_CCxChannelCmd  stm32f1xx_hal_tim.o
    0x0800577e   0x0800577e   0x00000002   PAD
    0x08005780   0x08005780   0x00000020   Code   RO         1224    .text.UART_DMAAbortOnError  stm32f1xx_hal_uart.o
    0x080057a0   0x080057a0   0x00000094   Code   RO         1184    .text.UART_EndRxTransfer  stm32f1xx_hal_uart.o
    0x08005834   0x08005834   0x00000026   Code   RO         1232    .text.UART_EndTransmit_IT  stm32f1xx_hal_uart.o
    0x0800585a   0x0800585a   0x00000002   PAD
    0x0800585c   0x0800585c   0x0000016a   Code   RO         1222    .text.UART_Receive_IT  stm32f1xx_hal_uart.o
    0x080059c6   0x080059c6   0x00000002   PAD
    0x080059c8   0x080059c8   0x000000ba   Code   RO         1140    .text.UART_SetConfig  stm32f1xx_hal_uart.o
    0x08005a82   0x08005a82   0x00000002   PAD
    0x08005a84   0x08005a84   0x00000094   Code   RO         1230    .text.UART_Transmit_IT  stm32f1xx_hal_uart.o
    0x08005b18   0x08005b18   0x000000da   Code   RO         1154    .text.UART_WaitOnFlagUntilTimeout  stm32f1xx_hal_uart.o
    0x08005bf2   0x08005bf2   0x00000002   PAD
    0x08005bf4   0x08005bf4   0x00000010   Code   RO          121    .text.USART2_IRQHandler  stm32f1xx_it.o
    0x08005c04   0x08005c04   0x00000004   Code   RO          107    .text.UsageFault_Handler  stm32f1xx_it.o
    0x08005c08   0x08005c08   0x00000030   Code   RO          508    .text.__NVIC_EnableIRQ  stm32f1xx_hal_cortex.o
    0x08005c38   0x08005c38   0x00000010   Code   RO          500    .text.__NVIC_GetPriorityGrouping  stm32f1xx_hal_cortex.o
    0x08005c48   0x08005c48   0x00000042   Code   RO          502    .text.__NVIC_SetPriority  stm32f1xx_hal_cortex.o
    0x08005c8a   0x08005c8a   0x00000002   PAD
    0x08005c8c   0x08005c8c   0x0000003c   Code   RO          496    .text.__NVIC_SetPriorityGrouping  stm32f1xx_hal_cortex.o
    0x08005cc8   0x08005cc8   0x00000034   Code   RO           11    .text.main          main.o
    0x08005cfc   0x08005cfc   0x0000003e   Code   RO         1627    CL$$btod_d2e        c_w.l(btod.o)
    0x08005d3a   0x08005d3a   0x00000046   Code   RO         1629    CL$$btod_d2e_denorm_low  c_w.l(btod.o)
    0x08005d80   0x08005d80   0x00000060   Code   RO         1628    CL$$btod_d2e_norm_op1  c_w.l(btod.o)
    0x08005de0   0x08005de0   0x00000338   Code   RO         1637    CL$$btod_div_common  c_w.l(btod.o)
    0x08006118   0x08006118   0x000000dc   Code   RO         1634    CL$$btod_e2e        c_w.l(btod.o)
    0x080061f4   0x080061f4   0x0000002a   Code   RO         1631    CL$$btod_ediv       c_w.l(btod.o)
    0x0800621e   0x0800621e   0x0000002a   Code   RO         1630    CL$$btod_emul       c_w.l(btod.o)
    0x08006248   0x08006248   0x00000244   Code   RO         1636    CL$$btod_mult_common  c_w.l(btod.o)
    0x0800648c   0x0800648c   0x00000028   Code   RO         1664    i.__ARM_fpclassify  m_ws.l(fpclassify.o)
    0x080064b4   0x080064b4   0x0000000e   Code   RO         1527    i._is_digit         c_w.l(__printf_wp.o)
    0x080064c2   0x080064c2   0x00000002   PAD
    0x080064c4   0x080064c4   0x0000002c   Code   RO         1652    locale$$code        c_w.l(lc_numeric_c.o)
    0x080064f0   0x080064f0   0x0000002c   Code   RO         1674    locale$$code        c_w.l(lc_ctype_c.o)
    0x0800651c   0x0800651c   0x00000004   Code   RO         1569    x$fpl$printf1       fz_ws.l(printf1.o)
    0x08006520   0x08006520   0x00000004   Code   RO         1571    x$fpl$printf2       fz_ws.l(printf2.o)
    0x08006524   0x08006524   0x00000000   Code   RO         1577    x$fpl$usenofp       fz_ws.l(usenofp.o)
    0x08006524   0x08006524   0x00000008   Data   RO         1486    .constdata          c_w.l(_printf_wctomb.o)
    0x0800652c   0x0800652c   0x00000028   Data   RO         1515    .constdata          c_w.l(_printf_hex_int_ll_ptr.o)
    0x08006554   0x08006554   0x00000011   Data   RO         1535    .constdata          c_w.l(__printf_flags_ss_wp.o)
    0x08006565   0x08006565   0x0000000c   Data   RO         1562    .constdata          c_w.l(_monlen.o)
    0x08006571   0x08006571   0x00000026   Data   RO         1602    .constdata          c_w.l(_printf_fp_hex.o)
    0x08006597   0x08006597   0x00000001   PAD
    0x08006598   0x08006598   0x00000094   Data   RO         1625    .constdata          c_w.l(bigflt0.o)
    0x0800662c   0x0800662c   0x00000019   Data   RO         1419    .rodata..L__const.EncoderBackward.str  main_task.o
    0x08006645   0x08006645   0x00000019   Data   RO         1418    .rodata..L__const.EncoderForward.str  main_task.o
    0x0800665e   0x0800665e   0x00000010   Data   RO         1272    .rodata.AHBPrescTable  system_stm32f1xx.o
    0x0800666e   0x0800666e   0x00000008   Data   RO         1273    .rodata.APBPrescTable  system_stm32f1xx.o
    0x08006676   0x08006676   0x00000010   Data   RO          429    .rodata.HAL_RCCEx_GetPeriphCLKFreq.aPLLMULFactorTable  stm32f1xx_hal_rcc_ex.o
    0x08006686   0x08006686   0x00000002   Data   RO          430    .rodata.HAL_RCCEx_GetPeriphCLKFreq.aPredivFactorTable  stm32f1xx_hal_rcc_ex.o
    0x08006688   0x08006688   0x00000010   Data   RO          414    .rodata.HAL_RCC_GetSysClockFreq.aPLLMULFactorTable  stm32f1xx_hal_rcc.o
    0x08006698   0x08006698   0x00000002   Data   RO          415    .rodata.HAL_RCC_GetSysClockFreq.aPredivFactorTable  stm32f1xx_hal_rcc.o
    0x0800669a   0x0800669a   0x00000002   PAD
    0x0800669c   0x0800669c   0x00000008   Data   RO         1329    .rodata.afont16x8   font.o
    0x080066a4   0x080066a4   0x00000008   Data   RO         1331    .rodata.afont24x12  font.o
    0x080066ac   0x080066ac   0x000005f0   Data   RO         1328    .rodata.ascii_16x8  font.o
    0x08006c9c   0x08006c9c   0x00000d5c   Data   RO         1330    .rodata.ascii_24x12  font.o
    0x080079f8   0x080079f8   0x0000001e   Data   RO         1420    .rodata.str1.1      main_task.o
    0x08007a16   0x08007a16   0x00000002   PAD
    0x08007a18   0x08007a18   0x00000020   Data   RO         1811    Region$$Table       anon$$obj.o
    0x08007a38   0x08007a38   0x0000001c   Data   RO         1651    locale$$data        c_w.l(lc_numeric_c.o)
    0x08007a54   0x08007a54   0x00000110   Data   RO         1673    locale$$data        c_w.l(lc_ctype_c.o)


    Execution Region RW_IRAM1 (Exec base: 0x20000000, Load base: 0x08007b68, Size: 0x00000cf8, Max: 0x00005000, ABSOLUTE)

    Exec Addr    Load Addr    Size         Type   Attr      Idx    E Section Name        Object

    0x20000000   0x08007b68   0x00000004   Data   RW         1271    .data.SystemCoreClock  system_stm32f1xx.o
    0x20000004   0x08007b6c   0x00000001   Data   RW          375    .data.uwTickFreq    stm32f1xx_hal.o
    0x20000005   0x08007b6d   0x00000003   PAD
    0x20000008   0x08007b70   0x00000004   Data   RW          374    .data.uwTickPrio    stm32f1xx_hal.o
    0x2000000c   0x08007b74   0x00000046   Data   RW         1417    .data.weekDays      main_task.o
    0x20000052   0x08007bba   0x00000006   PAD
    0x20000058        -       0x0000002c   Zero   RW         1442    .bss                c_w.l(localtime.o)
    0x20000084        -       0x00000060   Zero   RW         1667    .bss                c_w.l(libspace.o)
    0x200000e4        -       0x00000400   Zero   RW         1396    .bss.OLED_GRAM      oled.o
    0x200004e4        -       0x00000002   Zero   RW         1395    .bss.OLED_SendCmd.sendBuffer  oled.o
    0x200004e6        -       0x00000001   Zero   RW         1398    .bss.OLED_SetByte_Fine.temp  oled.o
    0x200004e7        -       0x00000081   Zero   RW         1397    .bss.OLED_ShowFrame.sendBuffer  oled.o
    0x20000568        -       0x00000044   Zero   RW           90    .bss.hdma_usart2_rx  usart.o
    0x200005ac        -       0x00000044   Zero   RW           91    .bss.hdma_usart2_tx  usart.o
    0x200005f0        -       0x00000054   Zero   RW           47    .bss.hi2c1          i2c.o
    0x20000644        -       0x00000014   Zero   RW           61    .bss.hrtc           rtc.o
    0x20000658        -       0x00000048   Zero   RW           75    .bss.htim1          tim.o
    0x200006a0        -       0x00000048   Zero   RW           89    .bss.huart2         usart.o
    0x200006e8        -       0x00000004   Zero   RW         1295    .bss.last_read      encoder.o
    0x200006ec        -       0x00000004   Zero   RW         1294    .bss.onBackwardCallback  encoder.o
    0x200006f0        -       0x00000004   Zero   RW         1293    .bss.onForwardCallback  encoder.o
    0x200006f4        -       0x00000004   Zero   RW          376    .bss.uwTick         stm32f1xx_hal.o
    0x200006f8        -       0x00000200   Zero   RW            2    HEAP                startup_stm32f103xb.o
    0x200008f8        -       0x00000400   Zero   RW            1    STACK               startup_stm32f103xb.o


==============================================================================

Image component sizes


      Code (inc. data)   RO Data    RW Data    ZI Data      Debug   Object Name

        76          0          0          0          0       1975   dma.o
       264          0          0          0         12       4352   encoder.o
         0          0       4956          0          0       1216   font.o
       188          0          0          0          0       2507   gpio.o
       198          0          0          0         84       4242   i2c.o
       214          0          0          0          0       1876   main.o
       370          0         80         70          0       2037   main_task.o
      1466          0          0          0       1156       9789   oled.o
       128          0          0          0         20       2331   rtc.o
       536          0          0          0          0       3674   rtc_tesk.o
        64         26        236          0       1536        780   startup_stm32f103xb.o
       254          0          0          5          4       5535   stm32f1xx_hal.o
       482          0          0          0          0       7521   stm32f1xx_hal_cortex.o
      1228          0          0          0          0       6274   stm32f1xx_hal_dma.o
       864          0          0          0          0       4199   stm32f1xx_hal_gpio.o
      2518          0          0          0          0      37531   stm32f1xx_hal_i2c.o
       100          0          0          0          0       1173   stm32f1xx_hal_msp.o
        12          0          0          0          0       3956   stm32f1xx_hal_pwr.o
      2582          0         18          0          0       7400   stm32f1xx_hal_rcc.o
       862          0         18          0          0       3097   stm32f1xx_hal_rcc_ex.o
       570          0          0          0          0      10342   stm32f1xx_hal_rtc.o
        90          0          0          0          0       4930   stm32f1xx_hal_rtc_ex.o
       946          0          0          0          0      35637   stm32f1xx_hal_tim.o
       220          0          0          0          0      15082   stm32f1xx_hal_tim_ex.o
      2696          0          0          0          0      20026   stm32f1xx_hal_uart.o
        94          0          0          0          0       1517   stm32f1xx_it.o
         2          0         24          4          0       1542   system_stm32f1xx.o
       268          0          0          0         72       4969   tim.o
       376          0          0          0        208       5319   usart.o

    ----------------------------------------------------------------------
     17776         26       5368         84       3096     210829   Object Totals
         0          0         32          0          0          0   (incl. Generated)
       108          0          4          5          4          0   (incl. Padding)

    ----------------------------------------------------------------------

      Code (inc. data)   RO Data    RW Data    ZI Data      Debug   Library Member Name

         8          0          0          0          0         68   __main.o
       392          4         17          0          0         92   __printf_flags_ss_wp.o
        14          0          0          0          0         68   __printf_wp.o
         0          0          0          0          0          0   __rtentry.o
        12          0          0          0          0          0   __rtentry2.o
         6          0          0          0          0          0   __rtentry4.o
        94          8          0          0          0          0   __scatter.o
        26          0          0          0          0          0   __scatter_copy.o
        28          0          0          0          0          0   __scatter_zi.o
        72          0          0          0          0         96   _c16rtomb.o
         0          0         12          0          0          0   _monlen.o
         6          0          0          0          0          0   _printf_a.o
         6          0          0          0          0          0   _printf_c.o
        44          0          0          0          0        108   _printf_char.o
        48          6          0          0          0         96   _printf_char_common.o
        40          0          0          0          0         68   _printf_charcount.o
         6          0          0          0          0          0   _printf_d.o
       120         16          0          0          0         92   _printf_dec.o
         6          0          0          0          0          0   _printf_e.o
         6          0          0          0          0          0   _printf_f.o
      1052          0          0          0          0        148   _printf_fp_dec.o
       764          8         38          0          0        100   _printf_fp_hex.o
       128         16          0          0          0         84   _printf_fp_infnan.o
         6          0          0          0          0          0   _printf_g.o
       148          4         40          0          0        160   _printf_hex_int_ll_ptr.o
         6          0          0          0          0          0   _printf_i.o
       178          0          0          0          0         88   _printf_intcommon.o
        10          0          0          0          0          0   _printf_l.o
         6          0          0          0          0          0   _printf_lc.o
        10          0          0          0          0          0   _printf_ll.o
         6          0          0          0          0          0   _printf_lld.o
         6          0          0          0          0          0   _printf_lli.o
         6          0          0          0          0          0   _printf_llo.o
         6          0          0          0          0          0   _printf_llu.o
         6          0          0          0          0          0   _printf_llx.o
       124         16          0          0          0         92   _printf_longlong_dec.o
         6          0          0          0          0          0   _printf_ls.o
         6          0          0          0          0          0   _printf_n.o
         6          0          0          0          0          0   _printf_o.o
       112          8          0          0          0        124   _printf_oct_int_ll.o
         6          0          0          0          0          0   _printf_p.o
        78          0          0          0          0        108   _printf_pad.o
         0          0          0          0          0          0   _printf_percent.o
         4          0          0          0          0          0   _printf_percent_end.o
         6          0          0          0          0          0   _printf_s.o
        82          0          0          0          0         80   _printf_str.o
        36          0          0          0          0         84   _printf_truncate.o
         6          0          0          0          0          0   _printf_u.o
        44          0          0          0          0        108   _printf_wchar.o
       188          6          8          0          0         92   _printf_wctomb.o
         6          0          0          0          0          0   _printf_x.o
        10          0          0          0          0         68   _sputc.o
       228          4        148          0          0         96   bigflt0.o
      1936        128          0          0          0        668   btod.o
        18          0          0          0          0         80   exit.o
         6          0          0          0          0        152   heapauxi.o
         0          0          0          0          0          0   indicate_semi.o
        44         10        272          0          0         76   lc_ctype_c.o
        44         10         28          0          0         76   lc_numeric_c.o
         2          0          0          0          0          0   libinit.o
        30          0          0          0          0          0   libinit2.o
         2          0          0          0          0          0   libshutdown.o
         2          0          0          0          0          0   libshutdown2.o
         8          4          0          0         96         68   libspace.o
       138          0          0          0          0         80   lludiv10.o
        12          6          0          0         44         68   localtime.o
       184          6          0          0          0         80   localtime_internal.o
       424         10          0          0          0        124   mktime.o
        16          4          0          0          0         76   rt_ctype_table.o
         8          4          0          0          0         68   rt_locale_intlibspace.o
        68          0          0          0          0         68   rt_memclr.o
        78          0          0          0          0         80   rt_memclr_w.o
       138          0          0          0          0         68   rt_memcpy_v6.o
       100          0          0          0          0         80   rt_memcpy_w.o
         2          0          0          0          0          0   rtexit.o
        10          0          0          0          0          0   rtexit2.o
        44          6          0          0          0         84   sprintf.o
       128          0          0          0          0         68   strcmpv7m.o
        62          0          0          0          0         76   strlen.o
        12          4          0          0          0         68   sys_exit.o
        74          0          0          0          0         80   sys_stackheap_outer.o
         2          0          0          0          0         68   use_no_semi.o
         4          0          0          0          0         68   printf1.o
         4          0          0          0          0         68   printf2.o
         0          0          0          0          0          0   usenofp.o
        40          0          0          0          0         68   fpclassify.o

    ----------------------------------------------------------------------
      7880        288        564          0        140       4680   Library Totals
        20          0          1          0          0          0   (incl. Padding)

    ----------------------------------------------------------------------

      Code (inc. data)   RO Data    RW Data    ZI Data      Debug   Library Name

      7812        288        563          0        140       4476   c_w.l
         8          0          0          0          0        136   fz_ws.l
        40          0          0          0          0         68   m_ws.l

    ----------------------------------------------------------------------
      7880        288        564          0        140       4680   Library Totals

    ----------------------------------------------------------------------

==============================================================================


      Code (inc. data)   RO Data    RW Data    ZI Data      Debug   

     25656        314       5932         84       3236     212505   Grand Totals
     25656        314       5932         84       3236     212505   ELF Image Totals
     25656        314       5932         84          0          0   ROM Totals

==============================================================================

    Total RO  Size (Code + RO Data)                31588 (  30.85kB)
    Total RW  Size (RW Data + ZI Data)              3320 (   3.24kB)
    Total ROM Size (Code + RO Data + RW Data)      31672 (  30.93kB)

==============================================================================

