Component: Arm Compiler for Embedded 6.22 Tool: armlink [5ee90200]

==============================================================================

Section Cross References

    startup_stm32f103xb.o(STACK) refers (Special) to heapauxi.o(.text) for __use_two_region_memory
    startup_stm32f103xb.o(HEAP) refers (Special) to heapauxi.o(.text) for __use_two_region_memory
    startup_stm32f103xb.o(RESET) refers (Special) to heapauxi.o(.text) for __use_two_region_memory
    startup_stm32f103xb.o(RESET) refers to startup_stm32f103xb.o(STACK) for __initial_sp
    startup_stm32f103xb.o(RESET) refers to startup_stm32f103xb.o(.text) for Reset_Handler
    startup_stm32f103xb.o(RESET) refers to stm32f1xx_it.o(.text.NMI_Handler) for NMI_Handler
    startup_stm32f103xb.o(RESET) refers to stm32f1xx_it.o(.text.HardFault_Handler) for HardFault_Handler
    startup_stm32f103xb.o(RESET) refers to stm32f1xx_it.o(.text.MemManage_Handler) for MemManage_Handler
    startup_stm32f103xb.o(RESET) refers to stm32f1xx_it.o(.text.BusFault_Handler) for BusFault_Handler
    startup_stm32f103xb.o(RESET) refers to stm32f1xx_it.o(.text.UsageFault_Handler) for UsageFault_Handler
    startup_stm32f103xb.o(RESET) refers to stm32f1xx_it.o(.text.SVC_Handler) for SVC_Handler
    startup_stm32f103xb.o(RESET) refers to stm32f1xx_it.o(.text.DebugMon_Handler) for DebugMon_Handler
    startup_stm32f103xb.o(RESET) refers to stm32f1xx_it.o(.text.PendSV_Handler) for PendSV_Handler
    startup_stm32f103xb.o(RESET) refers to stm32f1xx_it.o(.text.SysTick_Handler) for SysTick_Handler
    startup_stm32f103xb.o(RESET) refers to stm32f1xx_it.o(.text.DMA1_Channel4_IRQHandler) for DMA1_Channel4_IRQHandler
    startup_stm32f103xb.o(RESET) refers to stm32f1xx_it.o(.text.DMA1_Channel5_IRQHandler) for DMA1_Channel5_IRQHandler
    startup_stm32f103xb.o(RESET) refers to stm32f1xx_it.o(.text.DMA1_Channel6_IRQHandler) for DMA1_Channel6_IRQHandler
    startup_stm32f103xb.o(RESET) refers to stm32f1xx_it.o(.text.DMA1_Channel7_IRQHandler) for DMA1_Channel7_IRQHandler
    startup_stm32f103xb.o(RESET) refers to stm32f1xx_it.o(.text.I2C2_EV_IRQHandler) for I2C2_EV_IRQHandler
    startup_stm32f103xb.o(RESET) refers to stm32f1xx_it.o(.text.I2C2_ER_IRQHandler) for I2C2_ER_IRQHandler
    startup_stm32f103xb.o(RESET) refers to stm32f1xx_it.o(.text.USART1_IRQHandler) for USART1_IRQHandler
    startup_stm32f103xb.o(RESET) refers to stm32f1xx_it.o(.text.USART2_IRQHandler) for USART2_IRQHandler
    startup_stm32f103xb.o(RESET) refers to stm32f1xx_it.o(.text.EXTI15_10_IRQHandler) for EXTI15_10_IRQHandler
    startup_stm32f103xb.o(.text) refers (Special) to heapauxi.o(.text) for __use_two_region_memory
    startup_stm32f103xb.o(.text) refers to system_stm32f1xx.o(.text.SystemInit) for SystemInit
    startup_stm32f103xb.o(.text) refers to __main.o(!!!main) for __main
    startup_stm32f103xb.o(.text) refers to startup_stm32f103xb.o(HEAP) for Heap_Mem
    startup_stm32f103xb.o(.text) refers to startup_stm32f103xb.o(STACK) for Stack_Mem
    main.o(.text.main) refers to stm32f1xx_hal.o(.text.HAL_Init) for HAL_Init
    main.o(.text.main) refers to main.o(.text.SystemClock_Config) for SystemClock_Config
    main.o(.text.main) refers to gpio.o(.text.MX_GPIO_Init) for MX_GPIO_Init
    main.o(.text.main) refers to dma.o(.text.MX_DMA_Init) for MX_DMA_Init
    main.o(.text.main) refers to i2c.o(.text.MX_I2C1_Init) for MX_I2C1_Init
    main.o(.text.main) refers to usart.o(.text.MX_USART2_UART_Init) for MX_USART2_UART_Init
    main.o(.text.main) refers to rtc.o(.text.MX_RTC_Init) for MX_RTC_Init
    main.o(.text.main) refers to tim.o(.text.MX_TIM1_Init) for MX_TIM1_Init
    main.o(.text.main) refers to i2c.o(.text.MX_I2C2_Init) for MX_I2C2_Init
    main.o(.text.main) refers to usart.o(.text.MX_USART1_UART_Init) for MX_USART1_UART_Init
    main.o(.text.main) refers to tim.o(.text.MX_TIM4_Init) for MX_TIM4_Init
    main.o(.text.main) refers to main_task.o(.text.MainTaskInit) for MainTaskInit
    main.o(.text.main) refers to main_task.o(.text.MainTask) for MainTask
    main.o(.ARM.exidx.text.main) refers to main.o(.text.main) for [Anonymous Symbol]
    main.o(.text.SystemClock_Config) refers to rt_memclr_w.o(.text) for __aeabi_memclr4
    main.o(.text.SystemClock_Config) refers to stm32f1xx_hal_rcc.o(.text.HAL_RCC_OscConfig) for HAL_RCC_OscConfig
    main.o(.text.SystemClock_Config) refers to main.o(.text.Error_Handler) for Error_Handler
    main.o(.text.SystemClock_Config) refers to stm32f1xx_hal_rcc.o(.text.HAL_RCC_ClockConfig) for HAL_RCC_ClockConfig
    main.o(.text.SystemClock_Config) refers to stm32f1xx_hal_rcc_ex.o(.text.HAL_RCCEx_PeriphCLKConfig) for HAL_RCCEx_PeriphCLKConfig
    main.o(.ARM.exidx.text.SystemClock_Config) refers to main.o(.text.SystemClock_Config) for [Anonymous Symbol]
    main.o(.ARM.exidx.text.Error_Handler) refers to main.o(.text.Error_Handler) for [Anonymous Symbol]
    gpio.o(.text.MX_GPIO_Init) refers to stm32f1xx_hal_gpio.o(.text.HAL_GPIO_WritePin) for HAL_GPIO_WritePin
[...]
    _printf_c                                0x08000201   Thumb Code     0  _printf_c.o(.ARM.Collect$$_printf_percent$$00000013)
    _printf_s                                0x08000207   Thumb Code     0  _printf_s.o(.ARM.Collect$$_printf_percent$$00000014)
    _printf_lc                               0x0800020d   Thumb Code     0  _printf_lc.o(.ARM.Collect$$_printf_percent$$00000015)
    _printf_ls                               0x08000213   Thumb Code     0  _printf_ls.o(.ARM.Collect$$_printf_percent$$00000016)
    _printf_percent_end                      0x08000219   Thumb Code     0  _printf_percent_end.o(.ARM.Collect$$_printf_percent$$00000017)
    __rt_lib_init                            0x0800021d   Thumb Code     0  libinit.o(.ARM.Collect$$libinit$$00000000)
    __rt_lib_init_fp_1                       0x0800021f   Thumb Code     0  libinit2.o(.ARM.Collect$$libinit$$00000002)
    __rt_lib_init_heap_1                     0x0800021f   Thumb Code     0  libinit2.o(.ARM.Collect$$libinit$$0000000C)
    __rt_lib_init_lc_common                  0x0800021f   Thumb Code     0  libinit2.o(.ARM.Collect$$libinit$$00000011)
    __rt_lib_init_preinit_1                  0x0800021f   Thumb Code     0  libinit2.o(.ARM.Collect$$libinit$$00000006)
    __rt_lib_init_rand_1                     0x0800021f   Thumb Code     0  libinit2.o(.ARM.Collect$$libinit$$00000010)
    __rt_lib_init_relocate_pie_1             0x0800021f   Thumb Code     0  libinit2.o(.ARM.Collect$$libinit$$00000004)
    __rt_lib_init_user_alloc_1               0x0800021f   Thumb Code     0  libinit2.o(.ARM.Collect$$libinit$$0000000E)
    __rt_lib_init_lc_collate_1               0x08000225   Thumb Code     0  libinit2.o(.ARM.Collect$$libinit$$00000013)
    __rt_lib_init_lc_ctype_2                 0x08000225   Thumb Code     0  libinit2.o(.ARM.Collect$$libinit$$00000014)
    __rt_lib_init_lc_ctype_1                 0x08000231   Thumb Code     0  libinit2.o(.ARM.Collect$$libinit$$00000015)
    __rt_lib_init_lc_monetary_1              0x08000231   Thumb Code     0  libinit2.o(.ARM.Collect$$libinit$$00000017)
    __rt_lib_init_lc_numeric_2               0x08000231   Thumb Code     0  libinit2.o(.ARM.Collect$$libinit$$00000018)
    __rt_lib_init_alloca_1                   0x0800023b   Thumb Code     0  libinit2.o(.ARM.Collect$$libinit$$00000030)
    __rt_lib_init_argv_1                     0x0800023b   Thumb Code     0  libinit2.o(.ARM.Collect$$libinit$$0000002E)
    __rt_lib_init_atexit_1                   0x0800023b   Thumb Code     0  libinit2.o(.ARM.Collect$$libinit$$0000001D)
    __rt_lib_init_clock_1                    0x0800023b   Thumb Code     0  libinit2.o(.ARM.Collect$$libinit$$00000023)
    __rt_lib_init_cpp_1                      0x0800023b   Thumb Code     0  libinit2.o(.ARM.Collect$$libinit$$00000034)
    __rt_lib_init_exceptions_1               0x0800023b   Thumb Code     0  libinit2.o(.ARM.Collect$$libinit$$00000032)
    __rt_lib_init_fp_trap_1                  0x0800023b   Thumb Code     0  libinit2.o(.ARM.Collect$$libinit$$00000021)
    __rt_lib_init_getenv_1                   0x0800023b   Thumb Code     0  libinit2.o(.ARM.Collect$$libinit$$00000025)
    __rt_lib_init_lc_numeric_1               0x0800023b   Thumb Code     0  libinit2.o(.ARM.Collect$$libinit$$00000019)
    __rt_lib_init_lc_time_1                  0x0800023b   Thumb Code     0  libinit2.o(.ARM.Collect$$libinit$$0000001B)
    __rt_lib_init_return                     0x0800023b   Thumb Code     0  libinit2.o(.ARM.Collect$$libinit$$00000035)
    __rt_lib_init_signal_1                   0x0800023b   Thumb Code     0  libinit2.o(.ARM.Collect$$libinit$$0000001F)
    __rt_lib_init_stdio_1                    0x0800023b   Thumb Code     0  libinit2.o(.ARM.Collect$$libinit$$00000027)
    __rt_lib_shutdown                        0x0800023d   Thumb Code     0  libshutdown.o(.ARM.Collect$$libshutdown$$00000000)
    __rt_lib_shutdown_cpp_1                  0x0800023f   Thumb Code     0  libshutdown2.o(.ARM.Collect$$libshutdown$$00000002)
    __rt_lib_shutdown_fp_trap_1              0x0800023f   Thumb Code     0  libshutdown2.o(.ARM.Collect$$libshutdown$$00000007)
    __rt_lib_shutdown_heap_1                 0x0800023f   Thumb Code     0  libshutdown2.o(.ARM.Collect$$libshutdown$$0000000F)
    __rt_lib_shutdown_return                 0x0800023f   Thumb Code     0  libshutdown2.o(.ARM.Collect$$libshutdown$$00000010)
    __rt_lib_shutdown_signal_1               0x0800023f   Thumb Code     0  libshutdown2.o(.ARM.Collect$$libshutdown$$0000000A)
    __rt_lib_shutdown_stdio_1                0x0800023f   Thumb Code     0  libshutdown2.o(.ARM.Collect$$libshutdown$$00000004)
    __rt_lib_shutdown_user_alloc_1           0x0800023f   Thumb Code     0  libshutdown2.o(.ARM.Collect$$libshutdown$$0000000C)
    __rt_entry                               0x08000241   Thumb Code     0  __rtentry.o(.ARM.Collect$$rtentry$$00000000)
    __rt_entry_presh_1                       0x08000241   Thumb Code     0  __rtentry2.o(.ARM.Collect$$rtentry$$00000002)
    __rt_entry_sh                            0x08000241   Thumb Code     0  __rtentry4.o(.ARM.Collect$$rtentry$$00000004)
    __rt_entry_li                            0x08000247   Thumb Code     0  __rtentry2.o(.ARM.Collect$$rtentry$$0000000A)
    __rt_entry_postsh_1                      0x08000247   Thumb Code     0  __rtentry2.o(.ARM.Collect$$rtentry$$00000009)
    __rt_entry_main                          0x0800024b   Thumb Code     0  __rtentry2.o(.ARM.Collect$$rtentry$$0000000D)
    __rt_entry_postli_1                      0x0800024b   Thumb Code     0  __rtentry2.o(.ARM.Collect$$rtentry$$0000000C)
    __rt_exit                                0x08000253   Thumb Code     0  rtexit.o(.ARM.Collect$$rtexit$$00000000)
    __rt_exit_ls                             0x08000255   Thumb Code     0  rtexit2.o(.ARM.Collect$$rtexit$$00000003)
    __rt_exit_prels_1                        0x08000255   Thumb Code     0  rtexit2.o(.ARM.Collect$$rtexit$$00000002)
    __rt_exit_exit                           0x08000259   Thumb Code     0  rtexit2.o(.ARM.Collect$$rtexit$$00000004)
    Reset_Handler                            0x08000261   Thumb Code     8  startup_stm32f103xb.o(.text)
    ADC1_2_IRQHandler                        0x0800027b   Thumb Code     0  startup_stm32f103xb.o(.text)
    CAN1_RX1_IRQHandler                      0x0800027b   Thumb Code     0  startup_stm32f103xb.o(.text)
    CAN1_SCE_IRQHandler                      0x0800027b   Thumb Code     0  startup_stm32f103xb.o(.text)
    DMA1_Channel1_IRQHandler                 0x0800027b   Thumb Code     0  startup_stm32f103xb.o(.text)
    DMA1_Channel2_IRQHandler                 0x0800027b   Thumb Code     0  startup_stm32f103xb.o(.text)
    DMA1_Channel3_IRQHandler                 0x0800027b   Thumb Code     0  startup_stm32f103xb.o(.text)
    EXTI0_IRQHandler                         0x0800027b   Thumb Code     0  startup_stm32f103xb.o(.text)
    EXTI1_IRQHandler                         0x0800027b   Thumb Code     0  startup_stm32f103xb.o(.text)
    EXTI2_IRQHandler                         0x0800027b   Thumb Code     0  startup_stm32f103xb.o(.text)
    EXTI3_IRQHandler                         0x0800027b   Thumb Code     0  startup_stm32f103xb.o(.text)
    EXTI4_IRQHandler                         0x0800027b   Thumb Code     0  startup_stm32f103xb.o(.text)
    EXTI9_5_IRQHandler                       0x0800027b   Thumb Code     0  startup_stm32f103xb.o(.text)
    FLASH_IRQHandler                         0x0800027b   Thumb Code     0  startup_stm32f103xb.o(.text)
    I2C1_ER_IRQHandler                       0x0800027b   Thumb Code     0  startup_stm32f103xb.o(.text)
    I2C1_EV_IRQHandler                       0x0800027b   Thumb Code     0  startup_stm32f103xb.o(.text)
    PVD_IRQHandler                           0x0800027b   Thumb Code     0  startup_stm32f103xb.o(.text)
    RCC_IRQHandler                           0x0800027b   Thumb Code     0  startup_stm32f103xb.o(.text)
    RTC_Alarm_IRQHandler                     0x0800027b   Thumb Code     0  startup_stm32f103xb.o(.text)
    RTC_IRQHandler                           0x0800027b   Thumb Code     0  startup_stm32f103xb.o(.text)
    SPI1_IRQHandler                          0x0800027b   Thumb Code     0  startup_stm32f103xb.o(.text)
    SPI2_IRQHandler                          0x0800027b   Thumb Code     0  startup_stm32f103xb.o(.text)
    TAMPER_IRQHandler                        0x0800027b   Thumb Code     0  startup_stm32f103xb.o(.text)
    TIM1_BRK_IRQHandler                      0x0800027b   Thumb Code     0  startup_stm32f103xb.o(.text)
    TIM1_CC_IRQHandler                       0x0800027b   Thumb Code     0  startup_stm32f103xb.o(.text)
    TIM1_TRG_COM_IRQHandler                  0x0800027b   Thumb Code     0  startup_stm32f103xb.o(.text)
    TIM1_UP_IRQHandler                       0x0800027b   Thumb Code     0  startup_stm32f103xb.o(.text)
    TIM2_IRQHandler                          0x0800027b   Thumb Code     0  startup_stm32f103xb.o(.text)
    TIM3_IRQHandler                          0x0800027b   Thumb Code     0  startup_stm32f103xb.o(.text)
    TIM4_IRQHandler                          0x0800027b   Thumb Code     0  startup_stm32f103xb.o(.text)
    USART3_IRQHandler                        0x0800027b   Thumb Code     0  startup_stm32f103xb.o(.text)
    USBWakeUp_IRQHandler                     0x0800027b   Thumb Code     0  startup_stm32f103xb.o(.text)
    USB_HP_CAN1_TX_IRQHandler                0x0800027b   Thumb Code     0  startup_stm32f103xb.o(.text)
    USB_LP_CAN1_RX0_IRQHandler               0x0800027b   Thumb Code     0  startup_stm32f103xb.o(.text)
    WWDG_IRQHandler                          0x0800027b   Thumb Code     0  startup_stm32f103xb.o(.text)
    __user_initial_stackheap                 0x0800027d   Thumb Code     0  startup_stm32f103xb.o(.text)
    sprintf                                  0x080002a1   Thumb Code    38  sprintf.o(.text)
    strlen                                   0x080002cd   Thumb Code    62  strlen.o(.text)
    __aeabi_memcpy                           0x0800030b   Thumb Code     0  rt_memcpy_v6.o(.text)
    __rt_memcpy                              0x0800030b   Thumb Code   138  rt_memcpy_v6.o(.text)
    _memcpy_lastbytes                        0x08000371   Thumb Code     0  rt_memcpy_v6.o(.text)
    __aeabi_memclr                           0x08000395   Thumb Code     0  rt_memclr.o(.text)
    __rt_memclr                              0x08000395   Thumb Code     0  rt_memclr.o(.text)
    _memset                                  0x08000399   Thumb Code    64  rt_memclr.o(.text)
    __aeabi_memclr4                          0x080003d9   Thumb Code     0  rt_memclr_w.o(.text)
    __aeabi_memclr8                          0x080003d9   Thumb Code     0  rt_memclr_w.o(.text)
    __rt_memclr_w                            0x080003d9   Thumb Code     0  rt_memclr_w.o(.text)
    _memset_w                                0x080003dd   Thumb Code    74  rt_memclr_w.o(.text)
    localtime                                0x08000429   Thumb Code     6  localtime.o(.text)
    mktime                                   0x08000473   Thumb Code   352  mktime.o(.text)
    __use_two_region_memory                  0x080005dd   Thumb Code     2  heapauxi.o(.text)
    __rt_heap_escrow$2region                 0x080005df   Thumb Code     2  heapauxi.o(.text)
    __rt_heap_expand$2region                 0x080005e1   Thumb Code     2  heapauxi.o(.text)
    _printf_pre_padding                      0x080005e3   Thumb Code    44  _printf_pad.o(.text)
    _printf_post_padding                     0x0800060f   Thumb Code    34  _printf_pad.o(.text)
    _printf_truncate_signed                  0x08000631   Thumb Code    18  _printf_truncate.o(.text)
    _printf_truncate_unsigned                0x08000643   Thumb Code    18  _printf_truncate.o(.text)
    _printf_str                              0x08000655   Thumb Code    82  _printf_str.o(.text)
    _printf_int_dec                          0x080006a9   Thumb Code   104  _printf_dec.o(.text)
    _printf_charcount                        0x08000721   Thumb Code    40  _printf_charcount.o(.text)
    _printf_char_common                      0x08000753   Thumb Code    32  _printf_char_common.o(.text)
    _sputc                                   0x08000779   Thumb Code    10  _sputc.o(.text)
    _printf_wctomb                           0x08000785   Thumb Code   182  _printf_wctomb.o(.text)
    _printf_longlong_dec                     0x08000841   Thumb Code   108  _printf_longlong_dec.o(.text)
    _printf_longlong_oct                     0x080008bd   Thumb Code    68  _printf_oct_int_ll.o(.text)
    _printf_int_oct                          0x08000901   Thumb Code    24  _printf_oct_int_ll.o(.text)
    _printf_ll_oct                           0x08000919   Thumb Code    12  _printf_oct_int_ll.o(.text)
    _printf_longlong_hex                     0x0800092d   Thumb Code    86  _printf_hex_int_ll_ptr.o(.text)
    _printf_int_hex                          0x08000983   Thumb Code    28  _printf_hex_int_ll_ptr.o(.text)
    _printf_ll_hex                           0x0800099f   Thumb Code    12  _printf_hex_int_ll_ptr.o(.text)
    _printf_hex_ptr                          0x080009ab   Thumb Code    18  _printf_hex_int_ll_ptr.o(.text)
    __printf                                 0x080009c1   Thumb Code   388  __printf_flags_ss_wp.o(.text)
    __aeabi_memcpy4                          0x08000b49   Thumb Code     0  rt_memcpy_w.o(.text)
    __aeabi_memcpy8                          0x08000b49   Thumb Code     0  rt_memcpy_w.o(.text)
    __rt_memcpy_w                            0x08000b49   Thumb Code   100  rt_memcpy_w.o(.text)
    _memcpy_lastbytes_aligned                0x08000b91   Thumb Code     0  rt_memcpy_w.o(.text)
    _localtime_r                             0x08000bad   Thumb Code   178  localtime_internal.o(.text)
    _n$localtime_r                           0x08000bad   Thumb Code     0  localtime_internal.o(.text)
    _ll_udiv10                               0x08000c65   Thumb Code   138  lludiv10.o(.text)
    _printf_int_common                       0x08000cef   Thumb Code   178  _printf_intcommon.o(.text)
    _printf_fp_dec_real                      0x08000f51   Thumb Code   620  _printf_fp_dec.o(.text)
    _printf_fp_hex_real                      0x080011bd   Thumb Code   756  _printf_fp_hex.o(.text)
    _printf_cs_common                        0x080014b9   Thumb Code    20  _printf_char.o(.text)
    _printf_char                             0x080014cd   Thumb Code    16  _printf_char.o(.text)
    _printf_string                           0x080014dd   Thumb Code     8  _printf_char.o(.text)
    _printf_lcs_common                       0x080014e5   Thumb Code    20  _printf_wchar.o(.text)
    _printf_wchar                            0x080014f9   Thumb Code    16  _printf_wchar.o(.text)
    _printf_wstring                          0x08001509   Thumb Code     8  _printf_wchar.o(.text)
    _c16rtomb                                0x08001511   Thumb Code    72  _c16rtomb.o(.text)
    _wcrtomb                                 0x08001511   Thumb Code     0  _c16rtomb.o(.text)
    __user_setup_stackheap                   0x08001559   Thumb Code    74  sys_stackheap_outer.o(.text)
    __rt_ctype_table                         0x080015a5   Thumb Code    16  rt_ctype_table.o(.text)
    __rt_locale                              0x080015b5   Thumb Code     8  rt_locale_intlibspace.o(.text)
    _printf_fp_infnan                        0x080015bd   Thumb Code   112  _printf_fp_infnan.o(.text)
    _btod_etento                             0x0800163d   Thumb Code   224  bigflt0.o(.text)
    exit                                     0x08001721   Thumb Code    18  exit.o(.text)
    __user_libspace                          0x08001735   Thumb Code     8  libspace.o(.text)
    __user_perproc_libspace                  0x08001735   Thumb Code     0  libspace.o(.text)
    __user_perthread_libspace                0x08001735   Thumb Code     0  libspace.o(.text)
    strcmp                                   0x0800173d   Thumb Code   128  strcmpv7m.o(.text)
    _sys_exit                                0x080017bd   Thumb Code     8  sys_exit.o(.text)
    __I$use$semihosting                      0x080017c9   Thumb Code     0  use_no_semi.o(.text)
    __use_no_semihosting_swi                 0x080017c9   Thumb Code     2  use_no_semi.o(.text)
    __semihosting_library_function           0x080017cb   Thumb Code     0  indicate_semi.o(.text)
    BusFault_Handler                         0x080017cd   Thumb Code     4  stm32f1xx_it.o(.text.BusFault_Handler)
    DMA1_Channel4_IRQHandler                 0x080017d1   Thumb Code    16  stm32f1xx_it.o(.text.DMA1_Channel4_IRQHandler)
    DMA1_Channel5_IRQHandler                 0x080017e1   Thumb Code    16  stm32f1xx_it.o(.text.DMA1_Channel5_IRQHandler)
    DMA1_Channel6_IRQHandler                 0x080017f1   Thumb Code    16  stm32f1xx_it.o(.text.DMA1_Channel6_IRQHandler)
    DMA1_Channel7_IRQHandler                 0x08001801   Thumb Code    16  stm32f1xx_it.o(.text.DMA1_Channel7_IRQHandler)
    DebugMon_Handler                         0x08001811   Thumb Code     2  stm32f1xx_it.o(.text.DebugMon_Handler)
    EXTI15_10_IRQHandler                     0x08001815   Thumb Code    12  stm32f1xx_it.o(.text.EXTI15_10_IRQHandler)
    EncoderBackward                          0x08001821   Thumb Code   250  main_task.o(.text.EncoderBackward)
    EncoderButtonPressed                     0x0800191d   Thumb Code   200  main_task.o(.text.EncoderButtonPressed)
    EncoderForward                           0x080019e5   Thumb Code   242  main_task.o(.text.EncoderForward)
    EncoderInit                              0x08001ad9   Thumb Code    26  encoder.o(.text.EncoderInit)
    EncoderJudge                             0x08001af5   Thumb Code   322  encoder.o(.text.EncoderJudge)
    EncoderSetOnBackwardCallback             0x08001c39   Thumb Code    20  encoder.o(.text.EncoderSetOnBackwardCallback)
    EncoderSetOnButtonPressedCallback        0x08001c4d   Thumb Code    20  encoder.o(.text.EncoderSetOnButtonPressedCallback)
    EncoderSetOnForwardCallback              0x08001c61   Thumb Code    20  encoder.o(.text.EncoderSetOnForwardCallback)
    Error_Handler                            0x08001c75   Thumb Code    14  main.o(.text.Error_Handler)
    GetButtonState                           0x08001c85   Thumb Code    26  encoder.o(.text.GetButtonState)
    GetEncoderCounter                        0x08001ca1   Thumb Code    14  encoder.o(.text.GetEncoderCounter)
    GetTick                                  0x08001cb1   Thumb Code     8  encoder.o(.text.GetTick)
    HAL_DMA_Abort                            0x08001cb9   Thumb Code   124  stm32f1xx_hal_dma.o(.text.HAL_DMA_Abort)
    HAL_DMA_Abort_IT                         0x08001d35   Thumb Code   284  stm32f1xx_hal_dma.o(.text.HAL_DMA_Abort_IT)
    HAL_DMA_GetState                         0x08001e51   Thumb Code    14  stm32f1xx_hal_dma.o(.text.HAL_DMA_GetState)
    HAL_DMA_IRQHandler                       0x08001e61   Thumb Code   646  stm32f1xx_hal_dma.o(.text.HAL_DMA_IRQHandler)
    HAL_DMA_Init                             0x080020e9   Thumb Code   174  stm32f1xx_hal_dma.o(.text.HAL_DMA_Init)
    HAL_Delay                                0x08002199   Thumb Code    66  stm32f1xx_hal.o(.text.HAL_Delay)
    HAL_GPIO_EXTI_Callback                   0x080021dd   Thumb Code    10  stm32f1xx_hal_gpio.o(.text.HAL_GPIO_EXTI_Callback)
    HAL_GPIO_EXTI_IRQHandler                 0x080021e9   Thumb Code    56  stm32f1xx_hal_gpio.o(.text.HAL_GPIO_EXTI_IRQHandler)
    HAL_GPIO_Init                            0x08002221   Thumb Code   798  stm32f1xx_hal_gpio.o(.text.HAL_GPIO_Init)
    HAL_GPIO_ReadPin                         0x08002541   Thumb Code    46  stm32f1xx_hal_gpio.o(.text.HAL_GPIO_ReadPin)
    HAL_GPIO_WritePin                        0x08002571   Thumb Code    46  stm32f1xx_hal_gpio.o(.text.HAL_GPIO_WritePin)
    HAL_GetTick                              0x080025a1   Thumb Code    12  stm32f1xx_hal.o(.text.HAL_GetTick)
    HAL_I2C_AbortCpltCallback                0x080025ad   Thumb Code     8  stm32f1xx_hal_i2c.o(.text.HAL_I2C_AbortCpltCallback)
    HAL_I2C_AddrCallback                     0x080025b5   Thumb Code    16  stm32f1xx_hal_i2c.o(.text.HAL_I2C_AddrCallback)
    HAL_I2C_ER_IRQHandler                    0x080025c5   Thumb Code   390  stm32f1xx_hal_i2c.o(.text.HAL_I2C_ER_IRQHandler)
    HAL_I2C_EV_IRQHandler                    0x0800274d   Thumb Code   970  stm32f1xx_hal_i2c.o(.text.HAL_I2C_EV_IRQHandler)
    HAL_I2C_ErrorCallback                    0x08002b19   Thumb Code     8  stm32f1xx_hal_i2c.o(.text.HAL_I2C_ErrorCallback)
    HAL_I2C_Init                             0x08002b21   Thumb Code   676  stm32f1xx_hal_i2c.o(.text.HAL_I2C_Init)
    HAL_I2C_ListenCpltCallback               0x08002dc5   Thumb Code     8  stm32f1xx_hal_i2c.o(.text.HAL_I2C_ListenCpltCallback)
    HAL_I2C_MasterRxCpltCallback             0x08002dcd   Thumb Code     8  stm32f1xx_hal_i2c.o(.text.HAL_I2C_MasterRxCpltCallback)
    HAL_I2C_MasterTxCpltCallback             0x08002dd5   Thumb Code     8  stm32f1xx_hal_i2c.o(.text.HAL_I2C_MasterTxCpltCallback)
    HAL_I2C_Master_Transmit                  0x08002ddd   Thumb Code   524  stm32f1xx_hal_i2c.o(.text.HAL_I2C_Master_Transmit)
    HAL_I2C_MemRxCpltCallback                0x08002fe9   Thumb Code     8  stm32f1xx_hal_i2c.o(.text.HAL_I2C_MemRxCpltCallback)
    HAL_I2C_MemTxCpltCallback                0x08002ff1   Thumb Code     8  stm32f1xx_hal_i2c.o(.text.HAL_I2C_MemTxCpltCallback)
    HAL_I2C_MspInit                          0x08002ff9   Thumb Code   454  i2c.o(.text.HAL_I2C_MspInit)
    HAL_I2C_SlaveRxCpltCallback              0x080031c1   Thumb Code     8  stm32f1xx_hal_i2c.o(.text.HAL_I2C_SlaveRxCpltCallback)
    HAL_I2C_SlaveTxCpltCallback              0x080031c9   Thumb Code     8  stm32f1xx_hal_i2c.o(.text.HAL_I2C_SlaveTxCpltCallback)
    HAL_IncTick                              0x080031d1   Thumb Code    26  stm32f1xx_hal.o(.text.HAL_IncTick)
    HAL_Init                                 0x080031ed   Thumb Code    38  stm32f1xx_hal.o(.text.HAL_Init)
    HAL_InitTick                             0x08003215   Thumb Code   112  stm32f1xx_hal.o(.text.HAL_InitTick)
    HAL_MspInit                              0x08003285   Thumb Code   100  stm32f1xx_hal_msp.o(.text.HAL_MspInit)
    HAL_NVIC_EnableIRQ                       0x080032e9   Thumb Code    20  stm32f1xx_hal_cortex.o(.text.HAL_NVIC_EnableIRQ)
    HAL_NVIC_SetPriority                     0x080032fd   Thumb Code    50  stm32f1xx_hal_cortex.o(.text.HAL_NVIC_SetPriority)
    HAL_NVIC_SetPriorityGrouping             0x08003331   Thumb Code    16  stm32f1xx_hal_cortex.o(.text.HAL_NVIC_SetPriorityGrouping)
    HAL_PWR_EnableBkUpAccess                 0x08003341   Thumb Code    12  stm32f1xx_hal_pwr.o(.text.HAL_PWR_EnableBkUpAccess)
    HAL_RCCEx_GetPeriphCLKFreq               0x0800334d   Thumb Code   406  stm32f1xx_hal_rcc_ex.o(.text.HAL_RCCEx_GetPeriphCLKFreq)
    HAL_RCCEx_PeriphCLKConfig                0x080034e5   Thumb Code   456  stm32f1xx_hal_rcc_ex.o(.text.HAL_RCCEx_PeriphCLKConfig)
    HAL_RCC_ClockConfig                      0x080036ad   Thumb Code   598  stm32f1xx_hal_rcc.o(.text.HAL_RCC_ClockConfig)
    HAL_RCC_GetHCLKFreq                      0x08003905   Thumb Code    12  stm32f1xx_hal_rcc.o(.text.HAL_RCC_GetHCLKFreq)
    HAL_RCC_GetPCLK1Freq                     0x08003911   Thumb Code    34  stm32f1xx_hal_rcc.o(.text.HAL_RCC_GetPCLK1Freq)
    HAL_RCC_GetPCLK2Freq                     0x08003935   Thumb Code    34  stm32f1xx_hal_rcc.o(.text.HAL_RCC_GetPCLK2Freq)
    HAL_RCC_GetSysClockFreq                  0x08003959   Thumb Code   188  stm32f1xx_hal_rcc.o(.text.HAL_RCC_GetSysClockFreq)
    HAL_RCC_OscConfig                        0x08003a15   Thumb Code  1658  stm32f1xx_hal_rcc.o(.text.HAL_RCC_OscConfig)
    HAL_RTCEx_BKUPRead                       0x08004091   Thumb Code    46  stm32f1xx_hal_rtc_ex.o(.text.HAL_RTCEx_BKUPRead)
    HAL_RTCEx_BKUPWrite                      0x080040c1   Thumb Code    44  stm32f1xx_hal_rtc_ex.o(.text.HAL_RTCEx_BKUPWrite)
    HAL_RTC_Init                             0x080040ed   Thumb Code   298  stm32f1xx_hal_rtc.o(.text.HAL_RTC_Init)
    HAL_RTC_MspInit                          0x08004219   Thumb Code    76  rtc.o(.text.HAL_RTC_MspInit)
    HAL_RTC_WaitForSynchro                   0x08004265   Thumb Code   100  stm32f1xx_hal_rtc.o(.text.HAL_RTC_WaitForSynchro)
    HAL_SYSTICK_Config                       0x080042c9   Thumb Code    16  stm32f1xx_hal_cortex.o(.text.HAL_SYSTICK_Config)
    HAL_TIMEx_MasterConfigSynchronization    0x080042d9   Thumb Code   220  stm32f1xx_hal_tim_ex.o(.text.HAL_TIMEx_MasterConfigSynchronization)
    HAL_TIM_Base_Init                        0x080043b5   Thumb Code   156  stm32f1xx_hal_tim.o(.text.HAL_TIM_Base_Init)
    HAL_TIM_Base_MspInit                     0x08004451   Thumb Code    58  tim.o(.text.HAL_TIM_Base_MspInit)
    HAL_TIM_ConfigClockSource                0x0800448d   Thumb Code   388  stm32f1xx_hal_tim.o(.text.HAL_TIM_ConfigClockSource)
    HAL_TIM_Encoder_Init                     0x08004611   Thumb Code   296  stm32f1xx_hal_tim.o(.text.HAL_TIM_Encoder_Init)
    HAL_TIM_Encoder_MspInit                  0x08004739   Thumb Code   126  tim.o(.text.HAL_TIM_Encoder_MspInit)
    HAL_TIM_Encoder_Start                    0x080047b9   Thumb Code   334  stm32f1xx_hal_tim.o(.text.HAL_TIM_Encoder_Start)
    HAL_UARTEx_RxEventCallback               0x08004909   Thumb Code    12  stm32f1xx_hal_uart.o(.text.HAL_UARTEx_RxEventCallback)
    HAL_UART_ErrorCallback                   0x08004915   Thumb Code     8  stm32f1xx_hal_uart.o(.text.HAL_UART_ErrorCallback)
    HAL_UART_IRQHandler                      0x0800491d   Thumb Code  1066  stm32f1xx_hal_uart.o(.text.HAL_UART_IRQHandler)
    HAL_UART_Init                            0x08004d49   Thumb Code   158  stm32f1xx_hal_uart.o(.text.HAL_UART_Init)
    HAL_UART_MspInit                         0x08004de9   Thumb Code   494  usart.o(.text.HAL_UART_MspInit)
    HAL_UART_RxCpltCallback                  0x08004fd9   Thumb Code     8  stm32f1xx_hal_uart.o(.text.HAL_UART_RxCpltCallback)
    HAL_UART_TxCpltCallback                  0x08004fe1   Thumb Code     8  stm32f1xx_hal_uart.o(.text.HAL_UART_TxCpltCallback)
    HardFault_Handler                        0x08004fe9   Thumb Code     4  stm32f1xx_it.o(.text.HardFault_Handler)
    I2C2_ER_IRQHandler                       0x08004fed   Thumb Code    16  stm32f1xx_it.o(.text.I2C2_ER_IRQHandler)
    I2C2_EV_IRQHandler                       0x08004ffd   Thumb Code    16  stm32f1xx_it.o(.text.I2C2_EV_IRQHandler)
    KK_RTC_GetTime                           0x080069e1   Thumb Code    28  rtc_tesk.o(.text.KK_RTC_GetTime)
    KK_RTC_Init                              0x080069fd   Thumb Code   118  rtc_tesk.o(.text.KK_RTC_Init)
    KK_RTC_SetTime                           0x08006a75   Thumb Code    32  rtc_tesk.o(.text.KK_RTC_SetTime)
    MX_DMA_Init                              0x08006a95   Thumb Code   112  dma.o(.text.MX_DMA_Init)
    MX_GPIO_Init                             0x08006b05   Thumb Code   262  gpio.o(.text.MX_GPIO_Init)
    MX_I2C1_Init                             0x08006c0d   Thumb Code    72  i2c.o(.text.MX_I2C1_Init)
    MX_I2C2_Init                             0x08006c55   Thumb Code    72  i2c.o(.text.MX_I2C2_Init)
    MX_RTC_Init                              0x08006c9d   Thumb Code    52  rtc.o(.text.MX_RTC_Init)
    MX_TIM1_Init                             0x08006cd1   Thumb Code   140  tim.o(.text.MX_TIM1_Init)
    MX_TIM4_Init                             0x08006d5d   Thumb Code   132  tim.o(.text.MX_TIM4_Init)
    MX_USART1_UART_Init                      0x08006de1   Thumb Code    64  usart.o(.text.MX_USART1_UART_Init)
    MX_USART2_UART_Init                      0x08006e21   Thumb Code    64  usart.o(.text.MX_USART2_UART_Init)
    MainTask                                 0x08006e61   Thumb Code    66  main_task.o(.text.MainTask)
    MainTaskInit                             0x08006ea5   Thumb Code    54  main_task.o(.text.MainTaskInit)
    MemManage_Handler                        0x08006edd   Thumb Code     4  stm32f1xx_it.o(.text.MemManage_Handler)
    NMI_Handler                              0x08006ee1   Thumb Code     4  stm32f1xx_it.o(.text.NMI_Handler)
    OLED_DrawLine                            0x08006f51   Thumb Code   648  oled.o(.text.OLED_DrawLine)
    OLED_Init                                0x080071d9   Thumb Code   190  oled.o(.text.OLED_Init)
    OLED_NewFrame                            0x08007299   Thumb Code    20  oled.o(.text.OLED_NewFrame)
    OLED_PrintASCIIChar                      0x080072ad   Thumb Code    88  oled.o(.text.OLED_PrintASCIIChar)
    OLED_PrintASCIIString                    0x08007305   Thumb Code    96  oled.o(.text.OLED_PrintASCIIString)
    OLED_Send                                0x08007365   Thumb Code    42  oled.o(.text.OLED_Send)
    OLED_SendCmd                             0x08007391   Thumb Code    32  oled.o(.text.OLED_SendCmd)
    OLED_SetBits                             0x080073b1   Thumb Code   150  oled.o(.text.OLED_SetBits)
    OLED_SetBits_Fine                        0x08007449   Thumb Code   224  oled.o(.text.OLED_SetBits_Fine)
    OLED_SetBlock                            0x08007529   Thumb Code   292  oled.o(.text.OLED_SetBlock)
    OLED_SetByte_Fine                        0x0800764d   Thumb Code   214  oled.o(.text.OLED_SetByte_Fine)
    OLED_SetPixel                            0x08007725   Thumb Code   136  oled.o(.text.OLED_SetPixel)
    OLED_ShowFrame                           0x080077ad   Thumb Code   118  oled.o(.text.OLED_ShowFrame)
    PendSV_Handler                           0x08007825   Thumb Code     2  stm32f1xx_it.o(.text.PendSV_Handler)
    SVC_Handler                              0x08007a81   Thumb Code     2  stm32f1xx_it.o(.text.SVC_Handler)
    SetInitEncoderCounter                    0x08007a85   Thumb Code    26  encoder.o(.text.SetInitEncoderCounter)
    ShowCursorPosition                       0x08007aa1   Thumb Code   120  main_task.o(.text.ShowCursorPosition)
    ShowTime                                 0x08007b19   Thumb Code   188  main_task.o(.text.ShowTime)
    SysTick_Handler                          0x08007c29   Thumb Code     8  stm32f1xx_it.o(.text.SysTick_Handler)
    SystemClock_Config                       0x08007c31   Thumb Code   148  main.o(.text.SystemClock_Config)
    SystemInit                               0x08007cc5   Thumb Code     2  system_stm32f1xx.o(.text.SystemInit)
    TIM_Base_SetConfig                       0x08007cc9   Thumb Code   262  stm32f1xx_hal_tim.o(.text.TIM_Base_SetConfig)
    TIM_CCxChannelCmd                        0x08007dd1   Thumb Code    54  stm32f1xx_hal_tim.o(.text.TIM_CCxChannelCmd)
    TIM_ETR_SetConfig                        0x08007e09   Thumb Code    52  stm32f1xx_hal_tim.o(.text.TIM_ETR_SetConfig)
    USART1_IRQHandler                        0x080082a5   Thumb Code    16  stm32f1xx_it.o(.text.USART1_IRQHandler)
    USART2_IRQHandler                        0x080082b5   Thumb Code    16  stm32f1xx_it.o(.text.USART2_IRQHandler)
    UsageFault_Handler                       0x080082c5   Thumb Code     4  stm32f1xx_it.o(.text.UsageFault_Handler)
    main                                     0x08008389   Thumb Code    72  main.o(.text.main)
    _btod_d2e                                0x080083d1   Thumb Code    62  btod.o(CL$$btod_d2e)
    _d2e_denorm_low                          0x0800840f   Thumb Code    70  btod.o(CL$$btod_d2e_denorm_low)
    _d2e_norm_op1                            0x08008455   Thumb Code    96  btod.o(CL$$btod_d2e_norm_op1)
    __btod_div_common                        0x080084b5   Thumb Code   696  btod.o(CL$$btod_div_common)
    _e2e                                     0x080087ed   Thumb Code   220  btod.o(CL$$btod_e2e)
    _btod_ediv                               0x080088c9   Thumb Code    42  btod.o(CL$$btod_ediv)
    _btod_emul                               0x080088f3   Thumb Code    42  btod.o(CL$$btod_emul)
    __btod_mult_common                       0x0800891d   Thumb Code   580  btod.o(CL$$btod_mult_common)
    __ARM_fpclassify                         0x08008b61   Thumb Code    40  fpclassify.o(i.__ARM_fpclassify)
    _is_digit                                0x08008b89   Thumb Code    14  __printf_wp.o(i._is_digit)
    _get_lc_numeric                          0x08008b99   Thumb Code    44  lc_numeric_c.o(locale$$code)
    _get_lc_ctype                            0x08008bc5   Thumb Code    44  lc_ctype_c.o(locale$$code)
    _printf_fp_dec                           0x08008bf1   Thumb Code     4  printf1.o(x$fpl$printf1)
    _printf_fp_hex                           0x08008bf5   Thumb Code     4  printf2.o(x$fpl$printf2)
    __I$use$fp                               0x08008bf8   Number         0  usenofp.o(x$fpl$usenofp)
    _monlen                                  0x08008c39   Data          12  _monlen.o(.constdata)
    AHBPrescTable                            0x08008d00   Data          16  system_stm32f1xx.o(.rodata.AHBPrescTable)
    APBPrescTable                            0x08008d10   Data           8  system_stm32f1xx.o(.rodata.APBPrescTable)
    afont16x8                                0x08008d3c   Data           8  font.o(.rodata.afont16x8)
    afont24x12                               0x08008d44   Data           8  font.o(.rodata.afont24x12)
    ascii_16x8                               0x08008d4c   Data        1520  font.o(.rodata.ascii_16x8)
    ascii_24x12                              0x0800933c   Data        3420  font.o(.rodata.ascii_24x12)
    Region$$Table$$Base                      0x0800a0b8   Number         0  anon$$obj.o(Region$$Table)
    Region$$Table$$Limit                     0x0800a0d8   Number         0  anon$$obj.o(Region$$Table)
    __ctype                                  0x0800a101   Data           0  lc_ctype_c.o(locale$$data)
    SystemCoreClock                          0x20000000   Data           4  system_stm32f1xx.o(.data.SystemCoreClock)
    cursor_position_coordinate               0x20000004   Data          24  main_task.o(.data.cursor_position_coordinate)
    uwTickFreq                               0x2000001c   Data           1  stm32f1xx_hal.o(.data.uwTickFreq)
    uwTickPrio                               0x20000020   Data           4  stm32f1xx_hal.o(.data.uwTickPrio)
    weekDays                                 0x20000024   Data          70  main_task.o(.data.weekDays)
    __libspace_start                         0x2000009c   Data          96  libspace.o(.bss)
    __temporary_stack_top$libspace           0x200000fc   Data           0  libspace.o(.bss)
    OLED_GRAM                                0x20000105   Data        1024  oled.o(.bss.OLED_GRAM)
    calenderMode                             0x20000590   Data           1  main_task.o(.bss.calenderMode)
    cursor_position                          0x20000591   Data           1  main_task.o(.bss.cursor_position)
    hdma_i2c2_rx                             0x20000594   Data          68  i2c.o(.bss.hdma_i2c2_rx)
    hdma_i2c2_tx                             0x200005d8   Data          68  i2c.o(.bss.hdma_i2c2_tx)
    hdma_usart2_rx                           0x2000061c   Data          68  usart.o(.bss.hdma_usart2_rx)
    hdma_usart2_tx                           0x20000660   Data          68  usart.o(.bss.hdma_usart2_tx)
    hi2c1                                    0x200006a4   Data          84  i2c.o(.bss.hi2c1)
    hi2c2                                    0x200006f8   Data          84  i2c.o(.bss.hi2c2)
    hrtc                                     0x2000074c   Data          20  rtc.o(.bss.hrtc)
    htim1                                    0x20000760   Data          72  tim.o(.bss.htim1)
    htim4                                    0x200007a8   Data          72  tim.o(.bss.htim4)
    huart1                                   0x200007f0   Data          72  usart.o(.bss.huart1)
    huart2                                   0x20000838   Data          72  usart.o(.bss.huart2)
    last_read                                0x20000880   Data           4  encoder.o(.bss.last_read)
    onBackwardCallback                       0x20000884   Data           4  encoder.o(.bss.onBackwardCallback)
    onButtonPressedCallback                  0x20000888   Data           4  encoder.o(.bss.onButtonPressedCallback)
    onForwardCallback                        0x2000088c   Data           4  encoder.o(.bss.onForwardCallback)
    setting_time                             0x20000890   Data          44  main_task.o(.bss.setting_time)
    uwTick                                   0x200008bc   Data           4  stm32f1xx_hal.o(.bss.uwTick)



==============================================================================

Memory Map of the image

  Image Entry point : 0x080000ed

  Load Region LR_IROM1 (Base: 0x08000000, Size: 0x0000a278, Max: 0x00010000, ABSOLUTE)

    Execution Region ER_IROM1 (Exec base: 0x08000000, Load base: 0x08000000, Size: 0x0000a204, Max: 0x00010000, ABSOLUTE)

    Exec Addr    Load Addr    Size         Type   Attr      Idx    E Section Name        Object

    0x08000000   0x08000000   0x000000ec   Data   RO            3    RESET               startup_stm32f103xb.o
    0x080000ec   0x080000ec   0x00000008   Code   RO         1508  * !!!main             c_w.l(__main.o)
    0x080000f4   0x080000f4   0x0000005c   Code   RO         1896    !!!scatter          c_w.l(__scatter.o)
    0x08000150   0x08000150   0x0000001a   Code   RO         1900    !!handler_copy      c_w.l(__scatter_copy.o)
    0x0800016a   0x0800016a   0x00000002   PAD
    0x0800016c   0x0800016c   0x00000002   Code   RO         1897    !!handler_null      c_w.l(__scatter.o)
    0x0800016e   0x0800016e   0x00000002   PAD
    0x08000170   0x08000170   0x0000001c   Code   RO         1902    !!handler_zi        c_w.l(__scatter_zi.o)
    0x0800018c   0x0800018c   0x00000000   Code   RO         1630    .ARM.Collect$$_printf_percent$$00000000  c_w.l(_printf_percent.o)
    0x0800018c   0x0800018c   0x00000006   Code   RO         1619    .ARM.Collect$$_printf_percent$$00000001  c_w.l(_printf_n.o)
    0x08000192   0x08000192   0x00000006   Code   RO         1621    .ARM.Collect$$_printf_percent$$00000002  c_w.l(_printf_p.o)
    0x08000198   0x08000198   0x00000006   Code   RO         1626    .ARM.Collect$$_printf_percent$$00000003  c_w.l(_printf_f.o)
    0x0800019e   0x0800019e   0x00000006   Code   RO         1627    .ARM.Collect$$_printf_percent$$00000004  c_w.l(_printf_e.o)
    0x080001a4   0x080001a4   0x00000006   Code   RO         1628    .ARM.Collect$$_printf_percent$$00000005  c_w.l(_printf_g.o)
    0x080001aa   0x080001aa   0x00000006   Code   RO         1629    .ARM.Collect$$_printf_percent$$00000006  c_w.l(_printf_a.o)
    0x080001b0   0x080001b0   0x0000000a   Code   RO         1634    .ARM.Collect$$_printf_percent$$00000007  c_w.l(_printf_ll.o)
    0x080001ba   0x080001ba   0x00000006   Code   RO         1623    .ARM.Collect$$_printf_percent$$00000008  c_w.l(_printf_i.o)
    0x080001c0   0x080001c0   0x00000006   Code   RO         1624    .ARM.Collect$$_printf_percent$$00000009  c_w.l(_printf_d.o)
    0x080001c6   0x080001c6   0x00000006   Code   RO         1625    .ARM.Collect$$_printf_percent$$0000000A  c_w.l(_printf_u.o)
    0x080001cc   0x080001cc   0x00000006   Code   RO         1622    .ARM.Collect$$_printf_percent$$0000000B  c_w.l(_printf_o.o)
    0x080001d2   0x080001d2   0x00000006   Code   RO         1620    .ARM.Collect$$_printf_percent$$0000000C  c_w.l(_printf_x.o)
    0x080001d8   0x080001d8   0x00000006   Code   RO         1631    .ARM.Collect$$_printf_percent$$0000000D  c_w.l(_printf_lli.o)
    0x080001de   0x080001de   0x00000006   Code   RO         1632    .ARM.Collect$$_printf_percent$$0000000E  c_w.l(_printf_lld.o)
    0x080001e4   0x080001e4   0x00000006   Code   RO         1633    .ARM.Collect$$_printf_percent$$0000000F  c_w.l(_printf_llu.o)
    0x080001ea   0x080001ea   0x00000006   Code   RO         1638    .ARM.Collect$$_printf_percent$$00000010  c_w.l(_printf_llo.o)
    0x080001f0   0x080001f0   0x00000006   Code   RO         1639    .ARM.Collect$$_printf_percent$$00000011  c_w.l(_printf_llx.o)
    0x080001f6   0x080001f6   0x0000000a   Code   RO         1635    .ARM.Collect$$_printf_percent$$00000012  c_w.l(_printf_l.o)
    0x08000200   0x08000200   0x00000006   Code   RO         1617    .ARM.Collect$$_printf_percent$$00000013  c_w.l(_printf_c.o)
    0x08000206   0x08000206   0x00000006   Code   RO         1618    .ARM.Collect$$_printf_percent$$00000014  c_w.l(_printf_s.o)
    0x0800020c   0x0800020c   0x00000006   Code   RO         1636    .ARM.Collect$$_printf_percent$$00000015  c_w.l(_printf_lc.o)
    0x08000212   0x08000212   0x00000006   Code   RO         1637    .ARM.Collect$$_printf_percent$$00000016  c_w.l(_printf_ls.o)
    0x08000218   0x08000218   0x00000004   Code   RO         1694    .ARM.Collect$$_printf_percent$$00000017  c_w.l(_printf_percent_end.o)
    0x0800021c   0x0800021c   0x00000002   Code   RO         1745    .ARM.Collect$$libinit$$00000000  c_w.l(libinit.o)
    0x0800021e   0x0800021e   0x00000000   Code   RO         1763    .ARM.Collect$$libinit$$00000002  c_w.l(libinit2.o)
    0x0800021e   0x0800021e   0x00000000   Code   RO         1765    .ARM.Collect$$libinit$$00000004  c_w.l(libinit2.o)
    0x0800021e   0x0800021e   0x00000000   Code   RO         1767    .ARM.Collect$$libinit$$00000006  c_w.l(libinit2.o)
    0x0800021e   0x0800021e   0x00000000   Code   RO         1770    .ARM.Collect$$libinit$$0000000C  c_w.l(libinit2.o)
    0x0800021e   0x0800021e   0x00000000   Code   RO         1772    .ARM.Collect$$libinit$$0000000E  c_w.l(libinit2.o)
    0x0800021e   0x0800021e   0x00000000   Code   RO         1774    .ARM.Collect$$libinit$$00000010  c_w.l(libinit2.o)
    0x0800021e   0x0800021e   0x00000006   Code   RO         1775    .ARM.Collect$$libinit$$00000011  c_w.l(libinit2.o)
    0x08000224   0x08000224   0x00000000   Code   RO         1777    .ARM.Collect$$libinit$$00000013  c_w.l(libinit2.o)
    0x08000224   0x08000224   0x0000000c   Code   RO         1778    .ARM.Collect$$libinit$$00000014  c_w.l(libinit2.o)
    0x08000230   0x08000230   0x00000000   Code   RO         1779    .ARM.Collect$$libinit$$00000015  c_w.l(libinit2.o)
    0x08000230   0x08000230   0x00000000   Code   RO         1781    .ARM.Collect$$libinit$$00000017  c_w.l(libinit2.o)
    0x08000230   0x08000230   0x0000000a   Code   RO         1782    .ARM.Collect$$libinit$$00000018  c_w.l(libinit2.o)
    0x0800023a   0x0800023a   0x00000000   Code   RO         1783    .ARM.Collect$$libinit$$00000019  c_w.l(libinit2.o)
    0x0800023a   0x0800023a   0x00000000   Code   RO         1785    .ARM.Collect$$libinit$$0000001B  c_w.l(libinit2.o)
    0x0800023a   0x0800023a   0x00000000   Code   RO         1787    .ARM.Collect$$libinit$$0000001D  c_w.l(libinit2.o)
    0x0800023a   0x0800023a   0x00000000   Code   RO         1789    .ARM.Collect$$libinit$$0000001F  c_w.l(libinit2.o)
    0x0800023a   0x0800023a   0x00000000   Code   RO         1791    .ARM.Collect$$libinit$$00000021  c_w.l(libinit2.o)
    0x0800023a   0x0800023a   0x00000000   Code   RO         1793    .ARM.Collect$$libinit$$00000023  c_w.l(libinit2.o)
    0x0800023a   0x0800023a   0x00000000   Code   RO         1795    .ARM.Collect$$libinit$$00000025  c_w.l(libinit2.o)
    0x0800023a   0x0800023a   0x00000000   Code   RO         1797    .ARM.Collect$$libinit$$00000027  c_w.l(libinit2.o)
    0x0800023a   0x0800023a   0x00000000   Code   RO         1801    .ARM.Collect$$libinit$$0000002E  c_w.l(libinit2.o)
    0x0800023a   0x0800023a   0x00000000   Code   RO         1803    .ARM.Collect$$libinit$$00000030  c_w.l(libinit2.o)
    0x0800023a   0x0800023a   0x00000000   Code   RO         1805    .ARM.Collect$$libinit$$00000032  c_w.l(libinit2.o)
    0x0800023a   0x0800023a   0x00000000   Code   RO         1807    .ARM.Collect$$libinit$$00000034  c_w.l(libinit2.o)
    0x0800023a   0x0800023a   0x00000002   Code   RO         1808    .ARM.Collect$$libinit$$00000035  c_w.l(libinit2.o)
    0x0800023c   0x0800023c   0x00000002   Code   RO         1832    .ARM.Collect$$libshutdown$$00000000  c_w.l(libshutdown.o)
    0x0800023e   0x0800023e   0x00000000   Code   RO         1847    .ARM.Collect$$libshutdown$$00000002  c_w.l(libshutdown2.o)
    0x0800023e   0x0800023e   0x00000000   Code   RO         1849    .ARM.Collect$$libshutdown$$00000004  c_w.l(libshutdown2.o)
    0x0800023e   0x0800023e   0x00000000   Code   RO         1852    .ARM.Collect$$libshutdown$$00000007  c_w.l(libshutdown2.o)
    0x0800023e   0x0800023e   0x00000000   Code   RO         1855    .ARM.Collect$$libshutdown$$0000000A  c_w.l(libshutdown2.o)
    0x0800023e   0x0800023e   0x00000000   Code   RO         1857    .ARM.Collect$$libshutdown$$0000000C  c_w.l(libshutdown2.o)
    0x0800023e   0x0800023e   0x00000000   Code   RO         1860    .ARM.Collect$$libshutdown$$0000000F  c_w.l(libshutdown2.o)
    0x0800023e   0x0800023e   0x00000002   Code   RO         1861    .ARM.Collect$$libshutdown$$00000010  c_w.l(libshutdown2.o)
    0x08000240   0x08000240   0x00000000   Code   RO         1548    .ARM.Collect$$rtentry$$00000000  c_w.l(__rtentry.o)
    0x08000240   0x08000240   0x00000000   Code   RO         1663    .ARM.Collect$$rtentry$$00000002  c_w.l(__rtentry2.o)
    0x08000240   0x08000240   0x00000006   Code   RO         1675    .ARM.Collect$$rtentry$$00000004  c_w.l(__rtentry4.o)
    0x08000246   0x08000246   0x00000000   Code   RO         1665    .ARM.Collect$$rtentry$$00000009  c_w.l(__rtentry2.o)
    0x08000246   0x08000246   0x00000004   Code   RO         1666    .ARM.Collect$$rtentry$$0000000A  c_w.l(__rtentry2.o)
    0x0800024a   0x0800024a   0x00000000   Code   RO         1668    .ARM.Collect$$rtentry$$0000000C  c_w.l(__rtentry2.o)
    0x0800024a   0x0800024a   0x00000008   Code   RO         1669    .ARM.Collect$$rtentry$$0000000D  c_w.l(__rtentry2.o)
    0x08000252   0x08000252   0x00000002   Code   RO         1753    .ARM.Collect$$rtexit$$00000000  c_w.l(rtexit.o)
    0x08000254   0x08000254   0x00000000   Code   RO         1810    .ARM.Collect$$rtexit$$00000002  c_w.l(rtexit2.o)
    0x08000254   0x08000254   0x00000004   Code   RO         1811    .ARM.Collect$$rtexit$$00000003  c_w.l(rtexit2.o)
    0x08000258   0x08000258   0x00000006   Code   RO         1812    .ARM.Collect$$rtexit$$00000004  c_w.l(rtexit2.o)
    0x0800025e   0x0800025e   0x00000002   PAD
    0x08000260   0x08000260   0x00000040   Code   RO            4    .text               startup_stm32f103xb.o
    0x080002a0   0x080002a0   0x0000002c   Code   RO         1489    .text               c_w.l(sprintf.o)
    0x080002cc   0x080002cc   0x0000003e   Code   RO         1493    .text               c_w.l(strlen.o)
    0x0800030a   0x0800030a   0x0000008a   Code   RO         1495    .text               c_w.l(rt_memcpy_v6.o)
    0x08000394   0x08000394   0x00000044   Code   RO         1497    .text               c_w.l(rt_memclr.o)
    0x080003d8   0x080003d8   0x0000004e   Code   RO         1499    .text               c_w.l(rt_memclr_w.o)
    0x08000426   0x08000426   0x00000002   PAD
    0x08000428   0x08000428   0x0000000c   Code   RO         1501    .text               c_w.l(localtime.o)
    0x08000434   0x08000434   0x000001a8   Code   RO         1504    .text               c_w.l(mktime.o)
    0x080005dc   0x080005dc   0x00000006   Code   RO         1506    .text               c_w.l(heapauxi.o)
    0x080005e2   0x080005e2   0x0000004e   Code   RO         1551    .text               c_w.l(_printf_pad.o)
    0x08000630   0x08000630   0x00000024   Code   RO         1553    .text               c_w.l(_printf_truncate.o)
    0x08000654   0x08000654   0x00000052   Code   RO         1555    .text               c_w.l(_printf_str.o)
    0x080006a6   0x080006a6   0x00000002   PAD
    0x080006a8   0x080006a8   0x00000078   Code   RO         1557    .text               c_w.l(_printf_dec.o)
    0x08000720   0x08000720   0x00000028   Code   RO         1559    .text               c_w.l(_printf_charcount.o)
    0x08000748   0x08000748   0x00000030   Code   RO         1561    .text               c_w.l(_printf_char_common.o)
    0x08000778   0x08000778   0x0000000a   Code   RO         1563    .text               c_w.l(_sputc.o)
    0x08000782   0x08000782   0x00000002   PAD
    0x08000784   0x08000784   0x000000bc   Code   RO         1565    .text               c_w.l(_printf_wctomb.o)
    0x08000840   0x08000840   0x0000007c   Code   RO         1568    .text               c_w.l(_printf_longlong_dec.o)
    0x080008bc   0x080008bc   0x00000070   Code   RO         1574    .text               c_w.l(_printf_oct_int_ll.o)
    0x0800092c   0x0800092c   0x00000094   Code   RO         1594    .text               c_w.l(_printf_hex_int_ll_ptr.o)
    0x080009c0   0x080009c0   0x00000188   Code   RO         1614    .text               c_w.l(__printf_flags_ss_wp.o)
    0x08000b48   0x08000b48   0x00000064   Code   RO         1640    .text               c_w.l(rt_memcpy_w.o)
    0x08000bac   0x08000bac   0x000000b8   Code   RO         1643    .text               c_w.l(localtime_internal.o)
    0x08000c64   0x08000c64   0x0000008a   Code   RO         1677    .text               c_w.l(lludiv10.o)
    0x08000cee   0x08000cee   0x000000b2   Code   RO         1679    .text               c_w.l(_printf_intcommon.o)
    0x08000da0   0x08000da0   0x0000041c   Code   RO         1681    .text               c_w.l(_printf_fp_dec.o)
    0x080011bc   0x080011bc   0x000002fc   Code   RO         1685    .text               c_w.l(_printf_fp_hex.o)
    0x080014b8   0x080014b8   0x0000002c   Code   RO         1690    .text               c_w.l(_printf_char.o)
    0x080014e4   0x080014e4   0x0000002c   Code   RO         1692    .text               c_w.l(_printf_wchar.o)
    0x08001510   0x08001510   0x00000048   Code   RO         1695    .text               c_w.l(_c16rtomb.o)
    0x08001558   0x08001558   0x0000004a   Code   RO         1697    .text               c_w.l(sys_stackheap_outer.o)
    0x080015a2   0x080015a2   0x00000002   PAD
    0x080015a4   0x080015a4   0x00000010   Code   RO         1699    .text               c_w.l(rt_ctype_table.o)
    0x080015b4   0x080015b4   0x00000008   Code   RO         1704    .text               c_w.l(rt_locale_intlibspace.o)
    0x080015bc   0x080015bc   0x00000080   Code   RO         1706    .text               c_w.l(_printf_fp_infnan.o)
    0x0800163c   0x0800163c   0x000000e4   Code   RO         1708    .text               c_w.l(bigflt0.o)
    0x08001720   0x08001720   0x00000012   Code   RO         1738    .text               c_w.l(exit.o)
    0x08001732   0x08001732   0x00000002   PAD
    0x08001734   0x08001734   0x00000008   Code   RO         1750    .text               c_w.l(libspace.o)
    0x0800173c   0x0800173c   0x00000080   Code   RO         1760    .text               c_w.l(strcmpv7m.o)
    0x080017bc   0x080017bc   0x0000000c   Code   RO         1822    .text               c_w.l(sys_exit.o)
    0x080017c8   0x080017c8   0x00000002   Code   RO         1837    .text               c_w.l(use_no_semi.o)
    0x080017ca   0x080017ca   0x00000000   Code   RO         1839    .text               c_w.l(indicate_semi.o)
    0x080017ca   0x080017ca   0x00000002   PAD
    0x080017cc   0x080017cc   0x00000004   Code   RO          120    .text.BusFault_Handler  stm32f1xx_it.o
    0x080017d0   0x080017d0   0x00000010   Code   RO          132    .text.DMA1_Channel4_IRQHandler  stm32f1xx_it.o
    0x080017e0   0x080017e0   0x00000010   Code   RO          134    .text.DMA1_Channel5_IRQHandler  stm32f1xx_it.o
    0x080017f0   0x080017f0   0x00000010   Code   RO          136    .text.DMA1_Channel6_IRQHandler  stm32f1xx_it.o
    0x08001800   0x08001800   0x00000010   Code   RO          138    .text.DMA1_Channel7_IRQHandler  stm32f1xx_it.o
    0x08001810   0x08001810   0x00000002   Code   RO          126    .text.DebugMon_Handler  stm32f1xx_it.o
    0x08001812   0x08001812   0x00000002   PAD
    0x08001814   0x08001814   0x0000000c   Code   RO          148    .text.EXTI15_10_IRQHandler  stm32f1xx_it.o
    0x08001820   0x08001820   0x000000fa   Code   RO         1462    .text.EncoderBackward  main_task.o
    0x0800191a   0x0800191a   0x00000002   PAD
    0x0800191c   0x0800191c   0x000000c8   Code   RO         1464    .text.EncoderButtonPressed  main_task.o
    0x080019e4   0x080019e4   0x000000f2   Code   RO         1460    .text.EncoderForward  main_task.o
    0x08001ad6   0x08001ad6   0x00000002   PAD
    0x08001ad8   0x08001ad8   0x0000001a   Code   RO         1435    .text.EncoderInit   encoder.o
    0x08001af2   0x08001af2   0x00000002   PAD
    0x08001af4   0x08001af4   0x00000142   Code   RO         1445    .text.EncoderJudge  encoder.o
    0x08001c36   0x08001c36   0x00000002   PAD
    0x08001c38   0x08001c38   0x00000014   Code   RO         1441    .text.EncoderSetOnBackwardCallback  encoder.o
    0x08001c4c   0x08001c4c   0x00000014   Code   RO         1443    .text.EncoderSetOnButtonPressedCallback  encoder.o
    0x08001c60   0x08001c60   0x00000014   Code   RO         1439    .text.EncoderSetOnForwardCallback  encoder.o
    0x08001c74   0x08001c74   0x0000000e   Code   RO           15    .text.Error_Handler  main.o
    0x08001c82   0x08001c82   0x00000002   PAD
    0x08001c84   0x08001c84   0x0000001a   Code   RO         1429    .text.GetButtonState  encoder.o
    0x08001c9e   0x08001c9e   0x00000002   PAD
    0x08001ca0   0x08001ca0   0x0000000e   Code   RO         1437    .text.GetEncoderCounter  encoder.o
    0x08001cae   0x08001cae   0x00000002   PAD
    0x08001cb0   0x08001cb0   0x00000008   Code   RO         1431    .text.GetTick       encoder.o
    0x08001cb8   0x08001cb8   0x0000007c   Code   RO          496    .text.HAL_DMA_Abort  stm32f1xx_hal_dma.o
    0x08001d34   0x08001d34   0x0000011c   Code   RO          498    .text.HAL_DMA_Abort_IT  stm32f1xx_hal_dma.o
    0x08001e50   0x08001e50   0x0000000e   Code   RO          508    .text.HAL_DMA_GetState  stm32f1xx_hal_dma.o
    0x08001e5e   0x08001e5e   0x00000002   PAD
    0x08001e60   0x08001e60   0x00000286   Code   RO          502    .text.HAL_DMA_IRQHandler  stm32f1xx_hal_dma.o
    0x080020e6   0x080020e6   0x00000002   PAD
    0x080020e8   0x080020e8   0x000000ae   Code   RO          486    .text.HAL_DMA_Init  stm32f1xx_hal_dma.o
    0x08002196   0x08002196   0x00000002   PAD
    0x08002198   0x08002198   0x00000042   Code   RO          369    .text.HAL_Delay     stm32f1xx_hal.o
    0x080021da   0x080021da   0x00000002   PAD
    0x080021dc   0x080021dc   0x0000000a   Code   RO          477    .text.HAL_GPIO_EXTI_Callback  stm32f1xx_hal_gpio.o
    0x080021e6   0x080021e6   0x00000002   PAD
    0x080021e8   0x080021e8   0x00000038   Code   RO          475    .text.HAL_GPIO_EXTI_IRQHandler  stm32f1xx_hal_gpio.o
    0x08002220   0x08002220   0x0000031e   Code   RO          463    .text.HAL_GPIO_Init  stm32f1xx_hal_gpio.o
    0x0800253e   0x0800253e   0x00000002   PAD
    0x08002540   0x08002540   0x0000002e   Code   RO          467    .text.HAL_GPIO_ReadPin  stm32f1xx_hal_gpio.o
    0x0800256e   0x0800256e   0x00000002   PAD
    0x08002570   0x08002570   0x0000002e   Code   RO          469    .text.HAL_GPIO_WritePin  stm32f1xx_hal_gpio.o
    0x0800259e   0x0800259e   0x00000002   PAD
    0x080025a0   0x080025a0   0x0000000c   Code   RO          361    .text.HAL_GetTick   stm32f1xx_hal.o
    0x080025ac   0x080025ac   0x00000008   Code   RO          326    .text.HAL_I2C_AbortCpltCallback  stm32f1xx_hal_i2c.o
    0x080025b4   0x080025b4   0x00000010   Code   RO          316    .text.HAL_I2C_AddrCallback  stm32f1xx_hal_i2c.o
    0x080025c4   0x080025c4   0x00000186   Code   RO          304    .text.HAL_I2C_ER_IRQHandler  stm32f1xx_hal_i2c.o
    0x0800274a   0x0800274a   0x00000002   PAD
    0x0800274c   0x0800274c   0x000003ca   Code   RO          272    .text.HAL_I2C_EV_IRQHandler  stm32f1xx_hal_i2c.o
    0x08002b16   0x08002b16   0x00000002   PAD
    0x08002b18   0x08002b18   0x00000008   Code   RO          324    .text.HAL_I2C_ErrorCallback  stm32f1xx_hal_i2c.o
    0x08002b20   0x08002b20   0x000002a4   Code   RO          178    .text.HAL_I2C_Init  stm32f1xx_hal_i2c.o
    0x08002dc4   0x08002dc4   0x00000008   Code   RO          318    .text.HAL_I2C_ListenCpltCallback  stm32f1xx_hal_i2c.o
    0x08002dcc   0x08002dcc   0x00000008   Code   RO          310    .text.HAL_I2C_MasterRxCpltCallback  stm32f1xx_hal_i2c.o
    0x08002dd4   0x08002dd4   0x00000008   Code   RO          308    .text.HAL_I2C_MasterTxCpltCallback  stm32f1xx_hal_i2c.o
    0x08002ddc   0x08002ddc   0x0000020c   Code   RO          186    .text.HAL_I2C_Master_Transmit  stm32f1xx_hal_i2c.o
    0x08002fe8   0x08002fe8   0x00000008   Code   RO          322    .text.HAL_I2C_MemRxCpltCallback  stm32f1xx_hal_i2c.o
    0x08002ff0   0x08002ff0   0x00000008   Code   RO          320    .text.HAL_I2C_MemTxCpltCallback  stm32f1xx_hal_i2c.o
    0x08002ff8   0x08002ff8   0x000001c6   Code   RO           45    .text.HAL_I2C_MspInit  i2c.o
    0x080031be   0x080031be   0x00000002   PAD
    0x080031c0   0x080031c0   0x00000008   Code   RO          314    .text.HAL_I2C_SlaveRxCpltCallback  stm32f1xx_hal_i2c.o
    0x080031c8   0x080031c8   0x00000008   Code   RO          312    .text.HAL_I2C_SlaveTxCpltCallback  stm32f1xx_hal_i2c.o
    0x080031d0   0x080031d0   0x0000001a   Code   RO          359    .text.HAL_IncTick   stm32f1xx_hal.o
    0x080031ea   0x080031ea   0x00000002   PAD
    0x080031ec   0x080031ec   0x00000026   Code   RO          349    .text.HAL_Init      stm32f1xx_hal.o
    0x08003212   0x08003212   0x00000002   PAD
    0x08003214   0x08003214   0x00000070   Code   RO          351    .text.HAL_InitTick  stm32f1xx_hal.o
    0x08003284   0x08003284   0x00000064   Code   RO          157    .text.HAL_MspInit   stm32f1xx_hal_msp.o
    0x080032e8   0x080032e8   0x00000014   Code   RO          531    .text.HAL_NVIC_EnableIRQ  stm32f1xx_hal_cortex.o
    0x080032fc   0x080032fc   0x00000032   Code   RO          523    .text.HAL_NVIC_SetPriority  stm32f1xx_hal_cortex.o
    0x0800332e   0x0800332e   0x00000002   PAD
    0x08003330   0x08003330   0x00000010   Code   RO          519    .text.HAL_NVIC_SetPriorityGrouping  stm32f1xx_hal_cortex.o
    0x08003340   0x08003340   0x0000000c   Code   RO          586    .text.HAL_PWR_EnableBkUpAccess  stm32f1xx_hal_pwr.o
    0x0800334c   0x0800334c   0x00000196   Code   RO          452    .text.HAL_RCCEx_GetPeriphCLKFreq  stm32f1xx_hal_rcc_ex.o
    0x080034e2   0x080034e2   0x00000002   PAD
    0x080034e4   0x080034e4   0x000001c8   Code   RO          448    .text.HAL_RCCEx_PeriphCLKConfig  stm32f1xx_hal_rcc_ex.o
    0x080036ac   0x080036ac   0x00000256   Code   RO          415    .text.HAL_RCC_ClockConfig  stm32f1xx_hal_rcc.o
    0x08003902   0x08003902   0x00000002   PAD
    0x08003904   0x08003904   0x0000000c   Code   RO          425    .text.HAL_RCC_GetHCLKFreq  stm32f1xx_hal_rcc.o
    0x08003910   0x08003910   0x00000022   Code   RO          427    .text.HAL_RCC_GetPCLK1Freq  stm32f1xx_hal_rcc.o
    0x08003932   0x08003932   0x00000002   PAD
    0x08003934   0x08003934   0x00000022   Code   RO          429    .text.HAL_RCC_GetPCLK2Freq  stm32f1xx_hal_rcc.o
    0x08003956   0x08003956   0x00000002   PAD
    0x08003958   0x08003958   0x000000bc   Code   RO          417    .text.HAL_RCC_GetSysClockFreq  stm32f1xx_hal_rcc.o
    0x08003a14   0x08003a14   0x0000067a   Code   RO          411    .text.HAL_RCC_OscConfig  stm32f1xx_hal_rcc.o
    0x0800408e   0x0800408e   0x00000002   PAD
    0x08004090   0x08004090   0x0000002e   Code   RO          814    .text.HAL_RTCEx_BKUPRead  stm32f1xx_hal_rtc_ex.o
    0x080040be   0x080040be   0x00000002   PAD
    0x080040c0   0x080040c0   0x0000002c   Code   RO          812    .text.HAL_RTCEx_BKUPWrite  stm32f1xx_hal_rtc_ex.o
    0x080040ec   0x080040ec   0x0000012a   Code   RO          727    .text.HAL_RTC_Init  stm32f1xx_hal_rtc.o
    0x08004216   0x08004216   0x00000002   PAD
    0x08004218   0x08004218   0x0000004c   Code   RO           62    .text.HAL_RTC_MspInit  rtc.o
    0x08004264   0x08004264   0x00000064   Code   RO          731    .text.HAL_RTC_WaitForSynchro  stm32f1xx_hal_rtc.o
    0x080042c8   0x080042c8   0x00000010   Code   RO          543    .text.HAL_SYSTICK_Config  stm32f1xx_hal_cortex.o
    0x080042d8   0x080042d8   0x000000dc   Code   RO         1138    .text.HAL_TIMEx_MasterConfigSynchronization  stm32f1xx_hal_tim_ex.o
    0x080043b4   0x080043b4   0x0000009c   Code   RO          825    .text.HAL_TIM_Base_Init  stm32f1xx_hal_tim.o
    0x08004450   0x08004450   0x0000003a   Code   RO           80    .text.HAL_TIM_Base_MspInit  tim.o
    0x0800448a   0x0800448a   0x00000002   PAD
    0x0800448c   0x0800448c   0x00000184   Code   RO         1017    .text.HAL_TIM_ConfigClockSource  stm32f1xx_hal_tim.o
    0x08004610   0x08004610   0x00000128   Code   RO          939    .text.HAL_TIM_Encoder_Init  stm32f1xx_hal_tim.o
    0x08004738   0x08004738   0x0000007e   Code   RO           78    .text.HAL_TIM_Encoder_MspInit  tim.o
    0x080047b6   0x080047b6   0x00000002   PAD
    0x080047b8   0x080047b8   0x0000014e   Code   RO          947    .text.HAL_TIM_Encoder_Start  stm32f1xx_hal_tim.o
    0x08004906   0x08004906   0x00000002   PAD
    0x08004908   0x08004908   0x0000000c   Code   RO         1253    .text.HAL_UARTEx_RxEventCallback  stm32f1xx_hal_uart.o
    0x08004914   0x08004914   0x00000008   Code   RO         1251    .text.HAL_UART_ErrorCallback  stm32f1xx_hal_uart.o
    0x0800491c   0x0800491c   0x0000042a   Code   RO         1245    .text.HAL_UART_IRQHandler  stm32f1xx_hal_uart.o
    0x08004d46   0x08004d46   0x00000002   PAD
    0x08004d48   0x08004d48   0x0000009e   Code   RO         1161    .text.HAL_UART_Init  stm32f1xx_hal_uart.o
    0x08004de6   0x08004de6   0x00000002   PAD
    0x08004de8   0x08004de8   0x000001ee   Code   RO           99    .text.HAL_UART_MspInit  usart.o
    0x08004fd6   0x08004fd6   0x00000002   PAD
    0x08004fd8   0x08004fd8   0x00000008   Code   RO         1263    .text.HAL_UART_RxCpltCallback  stm32f1xx_hal_uart.o
    0x08004fe0   0x08004fe0   0x00000008   Code   RO         1259    .text.HAL_UART_TxCpltCallback  stm32f1xx_hal_uart.o
    0x08004fe8   0x08004fe8   0x00000004   Code   RO          116    .text.HardFault_Handler  stm32f1xx_it.o
    0x08004fec   0x08004fec   0x00000010   Code   RO          142    .text.I2C2_ER_IRQHandler  stm32f1xx_it.o
    0x08004ffc   0x08004ffc   0x00000010   Code   RO          140    .text.I2C2_EV_IRQHandler  stm32f1xx_it.o
    0x0800500c   0x0800500c   0x00000034   Code   RO          274    .text.I2C_ConvertOtherXferOptions  stm32f1xx_hal_i2c.o
    0x08005040   0x08005040   0x00000156   Code   RO          258    .text.I2C_DMAAbort  stm32f1xx_hal_i2c.o
    0x08005196   0x08005196   0x00000002   PAD
    0x08005198   0x08005198   0x00000024   Code   RO          334    .text.I2C_Flush_DR  stm32f1xx_hal_i2c.o
    0x080051bc   0x080051bc   0x0000027c   Code   RO          270    .text.I2C_ITError   stm32f1xx_hal_i2c.o
    0x08005438   0x08005438   0x00000064   Code   RO          340    .text.I2C_IsAcknowledgeFailed  stm32f1xx_hal_i2c.o
    0x0800549c   0x0800549c   0x000001ac   Code   RO          290    .text.I2C_MasterReceive_BTF  stm32f1xx_hal_i2c.o
    0x08005648   0x08005648   0x0000016a   Code   RO          288    .text.I2C_MasterReceive_RXNE  stm32f1xx_hal_i2c.o
    0x080057b2   0x080057b2   0x00000002   PAD
    0x080057b4   0x080057b4   0x00000112   Code   RO          190    .text.I2C_MasterRequestWrite  stm32f1xx_hal_i2c.o
    0x080058c6   0x080058c6   0x00000002   PAD
    0x080058c8   0x080058c8   0x000000de   Code   RO          284    .text.I2C_MasterTransmit_BTF  stm32f1xx_hal_i2c.o
    0x080059a6   0x080059a6   0x00000002   PAD
    0x080059a8   0x080059a8   0x0000013e   Code   RO          282    .text.I2C_MasterTransmit_TXE  stm32f1xx_hal_i2c.o
    0x08005ae6   0x08005ae6   0x00000002   PAD
    0x08005ae8   0x08005ae8   0x00000046   Code   RO          278    .text.I2C_Master_ADD10  stm32f1xx_hal_i2c.o
    0x08005b2e   0x08005b2e   0x00000002   PAD
    0x08005b30   0x08005b30   0x00000358   Code   RO          280    .text.I2C_Master_ADDR  stm32f1xx_hal_i2c.o
    0x08005e88   0x08005e88   0x000000f0   Code   RO          276    .text.I2C_Master_SB  stm32f1xx_hal_i2c.o
    0x08005f78   0x08005f78   0x00000128   Code   RO          286    .text.I2C_MemoryTransmit_TXE_BTF  stm32f1xx_hal_i2c.o
    0x080060a0   0x080060a0   0x0000002e   Code   RO          302    .text.I2C_SlaveReceive_BTF  stm32f1xx_hal_i2c.o
    0x080060ce   0x080060ce   0x00000002   PAD
    0x080060d0   0x080060d0   0x0000006e   Code   RO          300    .text.I2C_SlaveReceive_RXNE  stm32f1xx_hal_i2c.o
    0x0800613e   0x0800613e   0x00000002   PAD
    0x08006140   0x08006140   0x0000002c   Code   RO          298    .text.I2C_SlaveTransmit_BTF  stm32f1xx_hal_i2c.o
    0x0800616c   0x0800616c   0x0000006c   Code   RO          296    .text.I2C_SlaveTransmit_TXE  stm32f1xx_hal_i2c.o
    0x080061d8   0x080061d8   0x000000ae   Code   RO          292    .text.I2C_Slave_ADDR  stm32f1xx_hal_i2c.o
    0x08006286   0x08006286   0x00000002   PAD
    0x08006288   0x08006288   0x000000e4   Code   RO          306    .text.I2C_Slave_AF  stm32f1xx_hal_i2c.o
    0x0800636c   0x0800636c   0x0000024a   Code   RO          294    .text.I2C_Slave_STOPF  stm32f1xx_hal_i2c.o
    0x080065b6   0x080065b6   0x00000002   PAD
    0x080065b8   0x080065b8   0x000000ac   Code   RO          194    .text.I2C_WaitOnBTFFlagUntilTimeout  stm32f1xx_hal_i2c.o
    0x08006664   0x08006664   0x00000108   Code   RO          188    .text.I2C_WaitOnFlagUntilTimeout  stm32f1xx_hal_i2c.o
    0x0800676c   0x0800676c   0x00000154   Code   RO          338    .text.I2C_WaitOnMasterAddressFlagUntilTimeout  stm32f1xx_hal_i2c.o
    0x080068c0   0x080068c0   0x00000078   Code   RO          336    .text.I2C_WaitOnSTOPRequestThroughIT  stm32f1xx_hal_i2c.o
    0x08006938   0x08006938   0x000000a8   Code   RO          192    .text.I2C_WaitOnTXEFlagUntilTimeout  stm32f1xx_hal_i2c.o
    0x080069e0   0x080069e0   0x0000001c   Code   RO         1310    .text.KK_RTC_GetTime  rtc_tesk.o
    0x080069fc   0x080069fc   0x00000076   Code   RO         1314    .text.KK_RTC_Init   rtc_tesk.o
    0x08006a72   0x08006a72   0x00000002   PAD
    0x08006a74   0x08006a74   0x00000020   Code   RO         1306    .text.KK_RTC_SetTime  rtc_tesk.o
    0x08006a94   0x08006a94   0x00000070   Code   RO           33    .text.MX_DMA_Init   dma.o
    0x08006b04   0x08006b04   0x00000106   Code   RO           25    .text.MX_GPIO_Init  gpio.o
    0x08006c0a   0x08006c0a   0x00000002   PAD
    0x08006c0c   0x08006c0c   0x00000048   Code   RO           41    .text.MX_I2C1_Init  i2c.o
    0x08006c54   0x08006c54   0x00000048   Code   RO           43    .text.MX_I2C2_Init  i2c.o
    0x08006c9c   0x08006c9c   0x00000034   Code   RO           60    .text.MX_RTC_Init   rtc.o
    0x08006cd0   0x08006cd0   0x0000008c   Code   RO           74    .text.MX_TIM1_Init  tim.o
    0x08006d5c   0x08006d5c   0x00000084   Code   RO           76    .text.MX_TIM4_Init  tim.o
    0x08006de0   0x08006de0   0x00000040   Code   RO           95    .text.MX_USART1_UART_Init  usart.o
    0x08006e20   0x08006e20   0x00000040   Code   RO           97    .text.MX_USART2_UART_Init  usart.o
    0x08006e60   0x08006e60   0x00000042   Code   RO         1472    .text.MainTask      main_task.o
    0x08006ea2   0x08006ea2   0x00000002   PAD
    0x08006ea4   0x08006ea4   0x00000036   Code   RO         1466    .text.MainTaskInit  main_task.o
    0x08006eda   0x08006eda   0x00000002   PAD
    0x08006edc   0x08006edc   0x00000004   Code   RO          118    .text.MemManage_Handler  stm32f1xx_it.o
    0x08006ee0   0x08006ee0   0x00000004   Code   RO          114    .text.NMI_Handler   stm32f1xx_it.o
    0x08006ee4   0x08006ee4   0x0000006c   Code   RO          529    .text.NVIC_EncodePriority  stm32f1xx_hal_cortex.o
    0x08006f50   0x08006f50   0x00000288   Code   RO         1372    .text.OLED_DrawLine  oled.o
    0x080071d8   0x080071d8   0x000000be   Code   RO         1348    .text.OLED_Init     oled.o
    0x08007296   0x08007296   0x00000002   PAD
    0x08007298   0x08007298   0x00000014   Code   RO         1356    .text.OLED_NewFrame  oled.o
    0x080072ac   0x080072ac   0x00000058   Code   RO         1390    .text.OLED_PrintASCIIChar  oled.o
    0x08007304   0x08007304   0x00000060   Code   RO         1392    .text.OLED_PrintASCIIString  oled.o
    0x08007364   0x08007364   0x0000002a   Code   RO         1344    .text.OLED_Send     oled.o
    0x0800738e   0x0800738e   0x00000002   PAD
    0x08007390   0x08007390   0x00000020   Code   RO         1346    .text.OLED_SendCmd  oled.o
    0x080073b0   0x080073b0   0x00000096   Code   RO         1368    .text.OLED_SetBits  oled.o
    0x08007446   0x08007446   0x00000002   PAD
    0x08007448   0x08007448   0x000000e0   Code   RO         1366    .text.OLED_SetBits_Fine  oled.o
    0x08007528   0x08007528   0x00000124   Code   RO         1370    .text.OLED_SetBlock  oled.o
    0x0800764c   0x0800764c   0x000000d6   Code   RO         1362    .text.OLED_SetByte_Fine  oled.o
    0x08007722   0x08007722   0x00000002   PAD
    0x08007724   0x08007724   0x00000088   Code   RO         1360    .text.OLED_SetPixel  oled.o
    0x080077ac   0x080077ac   0x00000076   Code   RO         1358    .text.OLED_ShowFrame  oled.o
    0x08007822   0x08007822   0x00000002   PAD
    0x08007824   0x08007824   0x00000002   Code   RO          128    .text.PendSV_Handler  stm32f1xx_it.o
    0x08007826   0x08007826   0x00000002   PAD
    0x08007828   0x08007828   0x0000003a   Code   RO          413    .text.RCC_Delay     stm32f1xx_hal_rcc.o
    0x08007862   0x08007862   0x00000002   PAD
    0x08007864   0x08007864   0x00000056   Code   RO          733    .text.RTC_EnterInitMode  stm32f1xx_hal_rtc.o
    0x080078ba   0x080078ba   0x00000002   PAD
    0x080078bc   0x080078bc   0x00000056   Code   RO         1316    .text.RTC_EnterInitMode  rtc_tesk.o
    0x08007912   0x08007912   0x00000002   PAD
    0x08007914   0x08007914   0x00000056   Code   RO          735    .text.RTC_ExitInitMode  stm32f1xx_hal_rtc.o
    0x0800796a   0x0800796a   0x00000002   PAD
    0x0800796c   0x0800796c   0x00000056   Code   RO         1318    .text.RTC_ExitInitMode  rtc_tesk.o
    0x080079c2   0x080079c2   0x00000002   PAD
    0x080079c4   0x080079c4   0x0000006a   Code   RO         1312    .text.RTC_ReadTimeCounter  rtc_tesk.o
    0x08007a2e   0x08007a2e   0x00000002   PAD
    0x08007a30   0x08007a30   0x00000050   Code   RO         1308    .text.RTC_WriteTimeCounter  rtc_tesk.o
    0x08007a80   0x08007a80   0x00000002   Code   RO          124    .text.SVC_Handler   stm32f1xx_it.o
    0x08007a82   0x08007a82   0x00000002   PAD
    0x08007a84   0x08007a84   0x0000001a   Code   RO         1433    .text.SetInitEncoderCounter  encoder.o
    0x08007a9e   0x08007a9e   0x00000002   PAD
    0x08007aa0   0x08007aa0   0x00000078   Code   RO         1470    .text.ShowCursorPosition  main_task.o
    0x08007b18   0x08007b18   0x000000bc   Code   RO         1468    .text.ShowTime      main_task.o
    0x08007bd4   0x08007bd4   0x00000052   Code   RO          545    .text.SysTick_Config  stm32f1xx_hal_cortex.o
    0x08007c26   0x08007c26   0x00000002   PAD
    0x08007c28   0x08007c28   0x00000008   Code   RO          130    .text.SysTick_Handler  stm32f1xx_it.o
    0x08007c30   0x08007c30   0x00000094   Code   RO           13    .text.SystemClock_Config  main.o
    0x08007cc4   0x08007cc4   0x00000002   Code   RO         1292    .text.SystemInit    system_stm32f1xx.o
    0x08007cc6   0x08007cc6   0x00000002   PAD
    0x08007cc8   0x08007cc8   0x00000106   Code   RO          829    .text.TIM_Base_SetConfig  stm32f1xx_hal_tim.o
    0x08007dce   0x08007dce   0x00000002   PAD
    0x08007dd0   0x08007dd0   0x00000036   Code   RO          863    .text.TIM_CCxChannelCmd  stm32f1xx_hal_tim.o
    0x08007e06   0x08007e06   0x00000002   PAD
    0x08007e08   0x08007e08   0x00000034   Code   RO         1015    .text.TIM_ETR_SetConfig  stm32f1xx_hal_tim.o
    0x08007e3c   0x08007e3c   0x0000002a   Code   RO         1021    .text.TIM_ITRx_SetConfig  stm32f1xx_hal_tim.o
    0x08007e66   0x08007e66   0x00000002   PAD
    0x08007e68   0x08007e68   0x00000050   Code   RO         1019    .text.TIM_TI1_ConfigInputStage  stm32f1xx_hal_tim.o
    0x08007eb8   0x08007eb8   0x00000052   Code   RO         1023    .text.TIM_TI2_ConfigInputStage  stm32f1xx_hal_tim.o
    0x08007f0a   0x08007f0a   0x00000002   PAD
    0x08007f0c   0x08007f0c   0x00000020   Code   RO         1249    .text.UART_DMAAbortOnError  stm32f1xx_hal_uart.o
    0x08007f2c   0x08007f2c   0x00000094   Code   RO         1209    .text.UART_EndRxTransfer  stm32f1xx_hal_uart.o
    0x08007fc0   0x08007fc0   0x00000026   Code   RO         1257    .text.UART_EndTransmit_IT  stm32f1xx_hal_uart.o
    0x08007fe6   0x08007fe6   0x00000002   PAD
    0x08007fe8   0x08007fe8   0x0000016a   Code   RO         1247    .text.UART_Receive_IT  stm32f1xx_hal_uart.o
    0x08008152   0x08008152   0x00000002   PAD
    0x08008154   0x08008154   0x000000ba   Code   RO         1165    .text.UART_SetConfig  stm32f1xx_hal_uart.o
    0x0800820e   0x0800820e   0x00000002   PAD
    0x08008210   0x08008210   0x00000094   Code   RO         1255    .text.UART_Transmit_IT  stm32f1xx_hal_uart.o
    0x080082a4   0x080082a4   0x00000010   Code   RO          144    .text.USART1_IRQHandler  stm32f1xx_it.o
    0x080082b4   0x080082b4   0x00000010   Code   RO          146    .text.USART2_IRQHandler  stm32f1xx_it.o
    0x080082c4   0x080082c4   0x00000004   Code   RO          122    .text.UsageFault_Handler  stm32f1xx_it.o
    0x080082c8   0x080082c8   0x00000030   Code   RO          533    .text.__NVIC_EnableIRQ  stm32f1xx_hal_cortex.o
    0x080082f8   0x080082f8   0x00000010   Code   RO          525    .text.__NVIC_GetPriorityGrouping  stm32f1xx_hal_cortex.o
    0x08008308   0x08008308   0x00000042   Code   RO          527    .text.__NVIC_SetPriority  stm32f1xx_hal_cortex.o
    0x0800834a   0x0800834a   0x00000002   PAD
    0x0800834c   0x0800834c   0x0000003c   Code   RO          521    .text.__NVIC_SetPriorityGrouping  stm32f1xx_hal_cortex.o
    0x08008388   0x08008388   0x00000048   Code   RO           11    .text.main          main.o
    0x080083d0   0x080083d0   0x0000003e   Code   RO         1711    CL$$btod_d2e        c_w.l(btod.o)
    0x0800840e   0x0800840e   0x00000046   Code   RO         1713    CL$$btod_d2e_denorm_low  c_w.l(btod.o)
    0x08008454   0x08008454   0x00000060   Code   RO         1712    CL$$btod_d2e_norm_op1  c_w.l(btod.o)
    0x080084b4   0x080084b4   0x00000338   Code   RO         1721    CL$$btod_div_common  c_w.l(btod.o)
    0x080087ec   0x080087ec   0x000000dc   Code   RO         1718    CL$$btod_e2e        c_w.l(btod.o)
    0x080088c8   0x080088c8   0x0000002a   Code   RO         1715    CL$$btod_ediv       c_w.l(btod.o)
    0x080088f2   0x080088f2   0x0000002a   Code   RO         1714    CL$$btod_emul       c_w.l(btod.o)
    0x0800891c   0x0800891c   0x00000244   Code   RO         1720    CL$$btod_mult_common  c_w.l(btod.o)
    0x08008b60   0x08008b60   0x00000028   Code   RO         1748    i.__ARM_fpclassify  m_ws.l(fpclassify.o)
    0x08008b88   0x08008b88   0x0000000e   Code   RO         1607    i._is_digit         c_w.l(__printf_wp.o)
    0x08008b96   0x08008b96   0x00000002   PAD
    0x08008b98   0x08008b98   0x0000002c   Code   RO         1736    locale$$code        c_w.l(lc_numeric_c.o)
    0x08008bc4   0x08008bc4   0x0000002c   Code   RO         1758    locale$$code        c_w.l(lc_ctype_c.o)
    0x08008bf0   0x08008bf0   0x00000004   Code   RO         1653    x$fpl$printf1       fz_ws.l(printf1.o)
    0x08008bf4   0x08008bf4   0x00000004   Code   RO         1655    x$fpl$printf2       fz_ws.l(printf2.o)
    0x08008bf8   0x08008bf8   0x00000000   Code   RO         1661    x$fpl$usenofp       fz_ws.l(usenofp.o)
    0x08008bf8   0x08008bf8   0x00000008   Data   RO         1566    .constdata          c_w.l(_printf_wctomb.o)
    0x08008c00   0x08008c00   0x00000028   Data   RO         1595    .constdata          c_w.l(_printf_hex_int_ll_ptr.o)
    0x08008c28   0x08008c28   0x00000011   Data   RO         1615    .constdata          c_w.l(__printf_flags_ss_wp.o)
    0x08008c39   0x08008c39   0x0000000c   Data   RO         1642    .constdata          c_w.l(_monlen.o)
    0x08008c45   0x08008c45   0x00000026   Data   RO         1686    .constdata          c_w.l(_printf_fp_hex.o)
    0x08008c6b   0x08008c6b   0x00000001   PAD
    0x08008c6c   0x08008c6c   0x00000094   Data   RO         1709    .constdata          c_w.l(bigflt0.o)
    0x08008d00   0x08008d00   0x00000010   Data   RO         1297    .rodata.AHBPrescTable  system_stm32f1xx.o
    0x08008d10   0x08008d10   0x00000008   Data   RO         1298    .rodata.APBPrescTable  system_stm32f1xx.o
    0x08008d18   0x08008d18   0x00000010   Data   RO          454    .rodata.HAL_RCCEx_GetPeriphCLKFreq.aPLLMULFactorTable  stm32f1xx_hal_rcc_ex.o
    0x08008d28   0x08008d28   0x00000002   Data   RO          455    .rodata.HAL_RCCEx_GetPeriphCLKFreq.aPredivFactorTable  stm32f1xx_hal_rcc_ex.o
    0x08008d2a   0x08008d2a   0x00000010   Data   RO          439    .rodata.HAL_RCC_GetSysClockFreq.aPLLMULFactorTable  stm32f1xx_hal_rcc.o
    0x08008d3a   0x08008d3a   0x00000002   Data   RO          440    .rodata.HAL_RCC_GetSysClockFreq.aPredivFactorTable  stm32f1xx_hal_rcc.o
    0x08008d3c   0x08008d3c   0x00000008   Data   RO         1332    .rodata.afont16x8   font.o
    0x08008d44   0x08008d44   0x00000008   Data   RO         1334    .rodata.afont24x12  font.o
    0x08008d4c   0x08008d4c   0x000005f0   Data   RO         1331    .rodata.ascii_16x8  font.o
    0x0800933c   0x0800933c   0x00000d5c   Data   RO         1333    .rodata.ascii_24x12  font.o
    0x0800a098   0x0800a098   0x0000001e   Data   RO         1479    .rodata.str1.1      main_task.o
    0x0800a0b6   0x0800a0b6   0x00000002   PAD
    0x0800a0b8   0x0800a0b8   0x00000020   Data   RO         1895    Region$$Table       anon$$obj.o
    0x0800a0d8   0x0800a0d8   0x0000001c   Data   RO         1735    locale$$data        c_w.l(lc_numeric_c.o)
    0x0800a0f4   0x0800a0f4   0x00000110   Data   RO         1757    locale$$data        c_w.l(lc_ctype_c.o)


    Execution Region RW_IRAM1 (Exec base: 0x20000000, Load base: 0x0800a208, Size: 0x00000ec0, Max: 0x00005000, ABSOLUTE)

    Exec Addr    Load Addr    Size         Type   Attr      Idx    E Section Name        Object

    0x20000000   0x0800a208   0x00000004   Data   RW         1296    .data.SystemCoreClock  system_stm32f1xx.o
    0x20000004   0x0800a20c   0x00000018   Data   RW         1475    .data.cursor_position_coordinate  main_task.o
    0x2000001c   0x0800a224   0x00000001   Data   RW          400    .data.uwTickFreq    stm32f1xx_hal.o
    0x2000001d   0x0800a225   0x00000003   PAD
    0x20000020   0x0800a228   0x00000004   Data   RW          399    .data.uwTickPrio    stm32f1xx_hal.o
    0x20000024   0x0800a22c   0x00000046   Data   RW         1474    .data.weekDays      main_task.o
    0x2000006a   0x0800a272   0x00000006   PAD
    0x20000070        -       0x0000002c   Zero   RW         1502    .bss                c_w.l(localtime.o)
    0x2000009c        -       0x00000060   Zero   RW         1751    .bss                c_w.l(libspace.o)
    0x200000fc        -       0x00000001   Zero   RW         1451    .bss.EncoderJudge.callback_state  encoder.o
    0x200000fd   0x0800a272   0x00000003   PAD
    0x20000100        -       0x00000004   Zero   RW         1452    .bss.EncoderJudge.pressed_time  encoder.o
    0x20000104        -       0x00000001   Zero   RW         1402    .bss.OLED_DrawLine.temp  oled.o
    0x20000105        -       0x00000400   Zero   RW         1399    .bss.OLED_GRAM      oled.o
    0x20000505        -       0x00000002   Zero   RW         1398    .bss.OLED_SendCmd.sendBuffer  oled.o
    0x20000507        -       0x00000001   Zero   RW         1401    .bss.OLED_SetByte_Fine.temp  oled.o
    0x20000508        -       0x00000081   Zero   RW         1400    .bss.OLED_ShowFrame.sendBuffer  oled.o
    0x20000589   0x0800a272   0x00000003   PAD
    0x2000058c        -       0x00000004   Zero   RW         1480    .bss.ShowCursorPosition.time_recording  main_task.o
    0x20000590        -       0x00000001   Zero   RW         1476    .bss.calenderMode   main_task.o
    0x20000591        -       0x00000001   Zero   RW         1477    .bss.cursor_position  main_task.o
    0x20000592   0x0800a272   0x00000002   PAD
    0x20000594        -       0x00000044   Zero   RW           52    .bss.hdma_i2c2_rx   i2c.o
    0x200005d8        -       0x00000044   Zero   RW           51    .bss.hdma_i2c2_tx   i2c.o
    0x2000061c        -       0x00000044   Zero   RW          105    .bss.hdma_usart2_rx  usart.o
    0x20000660        -       0x00000044   Zero   RW          106    .bss.hdma_usart2_tx  usart.o
    0x200006a4        -       0x00000054   Zero   RW           49    .bss.hi2c1          i2c.o
    0x200006f8        -       0x00000054   Zero   RW           50    .bss.hi2c2          i2c.o
    0x2000074c        -       0x00000014   Zero   RW           66    .bss.hrtc           rtc.o
    0x20000760        -       0x00000048   Zero   RW           86    .bss.htim1          tim.o
    0x200007a8        -       0x00000048   Zero   RW           87    .bss.htim4          tim.o
    0x200007f0        -       0x00000048   Zero   RW          103    .bss.huart1         usart.o
    0x20000838        -       0x00000048   Zero   RW          104    .bss.huart2         usart.o
    0x20000880        -       0x00000004   Zero   RW         1450    .bss.last_read      encoder.o
    0x20000884        -       0x00000004   Zero   RW         1448    .bss.onBackwardCallback  encoder.o
    0x20000888        -       0x00000004   Zero   RW         1449    .bss.onButtonPressedCallback  encoder.o
    0x2000088c        -       0x00000004   Zero   RW         1447    .bss.onForwardCallback  encoder.o
    0x20000890        -       0x0000002c   Zero   RW         1478    .bss.setting_time   main_task.o
    0x200008bc        -       0x00000004   Zero   RW          401    .bss.uwTick         stm32f1xx_hal.o
    0x200008c0        -       0x00000200   Zero   RW            2    HEAP                startup_stm32f103xb.o
    0x20000ac0        -       0x00000400   Zero   RW            1    STACK               startup_stm32f103xb.o


==============================================================================

Image component sizes


      Code (inc. data)   RO Data    RW Data    ZI Data      Debug   Object Name

       112          0          0          0          0       1979   dma.o
       482          0          0          0         21       5242   encoder.o
         0          0       4956          0          0       1216   font.o
       262          0          0          0          0       2614   gpio.o
       598          0          0          0        304       6033   i2c.o
       234          0          0          0          0       1952   main.o
      1120         12         30         94         50       3242   main_task.o
      2250          0          0          0       1157       9789   oled.o
       128          0          0          0         20       2331   rtc.o
       536          0          0          0          0       3674   rtc_tesk.o
        64         26        236          0       1536        780   startup_stm32f103xb.o
       254          0          0          5          4       5535   stm32f1xx_hal.o
       482          0          0          0          0       7521   stm32f1xx_hal_cortex.o
      1242          0          0          0          0       6274   stm32f1xx_hal_dma.o
       956          0          0          0          0       4199   stm32f1xx_hal_gpio.o
      9240          0          0          0          0      37531   stm32f1xx_hal_i2c.o
       100          0          0          0          0       1173   stm32f1xx_hal_msp.o
        12          0          0          0          0       3956   stm32f1xx_hal_pwr.o
      2582          0         18          0          0       7400   stm32f1xx_hal_rcc.o
       862          0         18          0          0       3097   stm32f1xx_hal_rcc_ex.o
       570          0          0          0          0      10342   stm32f1xx_hal_rtc.o
        90          0          0          0          0       4930   stm32f1xx_hal_rtc_ex.o
      1746          0          0          0          0      35637   stm32f1xx_hal_tim.o
       220          0          0          0          0      15082   stm32f1xx_hal_tim_ex.o
      2174          0          0          0          0      20026   stm32f1xx_hal_uart.o
       174          0          0          0          0       2024   stm32f1xx_it.o
         2          0         24          4          0       1542   system_stm32f1xx.o
       456          0          0          0        144       5659   tim.o
       622          0          0          0        280       5886   usart.o

    ----------------------------------------------------------------------
     27716         38       5316        108       3528     216666   Object Totals
         0          0         32          0          0          0   (incl. Generated)
       146          0          2          5         12          0   (incl. Padding)

    ----------------------------------------------------------------------

      Code (inc. data)   RO Data    RW Data    ZI Data      Debug   Library Member Name

         8          0          0          0          0         68   __main.o
       392          4         17          0          0         92   __printf_flags_ss_wp.o
        14          0          0          0          0         68   __printf_wp.o
         0          0          0          0          0          0   __rtentry.o
        12          0          0          0          0          0   __rtentry2.o
         6          0          0          0          0          0   __rtentry4.o
        94          8          0          0          0          0   __scatter.o
        26          0          0          0          0          0   __scatter_copy.o
        28          0          0          0          0          0   __scatter_zi.o
        72          0          0          0          0         96   _c16rtomb.o
         0          0         12          0          0          0   _monlen.o
         6          0          0          0          0          0   _printf_a.o
         6          0          0          0          0          0   _printf_c.o
        44          0          0          0          0        108   _printf_char.o
        48          6          0          0          0         96   _printf_char_common.o
        40          0          0          0          0         68   _printf_charcount.o
         6          0          0          0          0          0   _printf_d.o
       120         16          0          0          0         92   _printf_dec.o
         6          0          0          0          0          0   _printf_e.o
         6          0          0          0          0          0   _printf_f.o
      1052          0          0          0          0        148   _printf_fp_dec.o
       764          8         38          0          0        100   _printf_fp_hex.o
       128         16          0          0          0         84   _printf_fp_infnan.o
         6          0          0          0          0          0   _printf_g.o
       148          4         40          0          0        160   _printf_hex_int_ll_ptr.o
         6          0          0          0          0          0   _printf_i.o
       178          0          0          0          0         88   _printf_intcommon.o
        10          0          0          0          0          0   _printf_l.o
         6          0          0          0          0          0   _printf_lc.o
        10          0          0          0          0          0   _printf_ll.o
         6          0          0          0          0          0   _printf_lld.o
         6          0          0          0          0          0   _printf_lli.o
         6          0          0          0          0          0   _printf_llo.o
         6          0          0          0          0          0   _printf_llu.o
         6          0          0          0          0          0   _printf_llx.o
       124         16          0          0          0         92   _printf_longlong_dec.o
         6          0          0          0          0          0   _printf_ls.o
         6          0          0          0          0          0   _printf_n.o
         6          0          0          0          0          0   _printf_o.o
       112          8          0          0          0        124   _printf_oct_int_ll.o
         6          0          0          0          0          0   _printf_p.o
        78          0          0          0          0        108   _printf_pad.o
         0          0          0          0          0          0   _printf_percent.o
         4          0          0          0          0          0   _printf_percent_end.o
         6          0          0          0          0          0   _printf_s.o
        82          0          0          0          0         80   _printf_str.o
        36          0          0          0          0         84   _printf_truncate.o
         6          0          0          0          0          0   _printf_u.o
        44          0          0          0          0        108   _printf_wchar.o
       188          6          8          0          0         92   _printf_wctomb.o
         6          0          0          0          0          0   _printf_x.o
        10          0          0          0          0         68   _sputc.o
       228          4        148          0          0         96   bigflt0.o
      1936        128          0          0          0        668   btod.o
        18          0          0          0          0         80   exit.o
         6          0          0          0          0        152   heapauxi.o
         0          0          0          0          0          0   indicate_semi.o
        44         10        272          0          0         76   lc_ctype_c.o
        44         10         28          0          0         76   lc_numeric_c.o
         2          0          0          0          0          0   libinit.o
        30          0          0          0          0          0   libinit2.o
         2          0          0          0          0          0   libshutdown.o
         2          0          0          0          0          0   libshutdown2.o
         8          4          0          0         96         68   libspace.o
       138          0          0          0          0         80   lludiv10.o
        12          6          0          0         44         68   localtime.o
       184          6          0          0          0         80   localtime_internal.o
       424         10          0          0          0        124   mktime.o
        16          4          0          0          0         76   rt_ctype_table.o
         8          4          0          0          0         68   rt_locale_intlibspace.o
        68          0          0          0          0         68   rt_memclr.o
        78          0          0          0          0         80   rt_memclr_w.o
       138          0          0          0          0         68   rt_memcpy_v6.o
       100          0          0          0          0         80   rt_memcpy_w.o
         2          0          0          0          0          0   rtexit.o
        10          0          0          0          0          0   rtexit2.o
        44          6          0          0          0         84   sprintf.o
       128          0          0          0          0         68   strcmpv7m.o
        62          0          0          0          0         76   strlen.o
        12          4          0          0          0         68   sys_exit.o
        74          0          0          0          0         80   sys_stackheap_outer.o
         2          0          0          0          0         68   use_no_semi.o
         4          0          0          0          0         68   printf1.o
         4          0          0          0          0         68   printf2.o
         0          0          0          0          0          0   usenofp.o
        40          0          0          0          0         68   fpclassify.o

    ----------------------------------------------------------------------
      7880        288        564          0        140       4680   Library Totals
        20          0          1          0          0          0   (incl. Padding)

    ----------------------------------------------------------------------

      Code (inc. data)   RO Data    RW Data    ZI Data      Debug   Library Name

      7812        288        563          0        140       4476   c_w.l
         8          0          0          0          0        136   fz_ws.l
        40          0          0          0          0         68   m_ws.l

    ----------------------------------------------------------------------
      7880        288        564          0        140       4680   Library Totals

    ----------------------------------------------------------------------

==============================================================================


      Code (inc. data)   RO Data    RW Data    ZI Data      Debug   

     35596        326       5880        108       3668     218342   Grand Totals
     35596        326       5880        108       3668     218342   ELF Image Totals
     35596        326       5880        108          0          0   ROM Totals

==============================================================================

    Total RO  Size (Code + RO Data)                41476 (  40.50kB)
    Total RW  Size (RW Data + ZI Data)              3776 (   3.69kB)
    Total ROM Size (Code + RO Data + RW Data)      41584 (  40.61kB)

==============================================================================

