Component: Arm Compiler for Embedded 6.22 Tool: armlink [5ee90200]

==============================================================================

Section Cross References

    startup_stm32f103xe.o(STACK) refers (Special) to heapauxi.o(.text) for __use_two_region_memory
    startup_stm32f103xe.o(HEAP) refers (Special) to heapauxi.o(.text) for __use_two_region_memory
    startup_stm32f103xe.o(RESET) refers (Special) to heapauxi.o(.text) for __use_two_region_memory
    startup_stm32f103xe.o(RESET) refers to startup_stm32f103xe.o(STACK) for __initial_sp
    startup_stm32f103xe.o(RESET) refers to startup_stm32f103xe.o(.text) for Reset_Handler
    startup_stm32f103xe.o(RESET) refers to stm32f1xx_it.o(.text.NMI_Handler) for NMI_Handler
    startup_stm32f103xe.o(RESET) refers to stm32f1xx_it.o(.text.HardFault_Handler) for HardFault_Handler
    startup_stm32f103xe.o(RESET) refers to stm32f1xx_it.o(.text.MemManage_Handler) for MemManage_Handler
    startup_stm32f103xe.o(RESET) refers to stm32f1xx_it.o(.text.BusFault_Handler) for BusFault_Handler
    startup_stm32f103xe.o(RESET) refers to stm32f1xx_it.o(.text.UsageFault_Handler) for UsageFault_Handler
    startup_stm32f103xe.o(RESET) refers to stm32f1xx_it.o(.text.SVC_Handler) for SVC_Handler
    startup_stm32f103xe.o(RESET) refers to stm32f1xx_it.o(.text.DebugMon_Handler) for DebugMon_Handler
    startup_stm32f103xe.o(RESET) refers to stm32f1xx_it.o(.text.PendSV_Handler) for PendSV_Handler
    startup_stm32f103xe.o(RESET) refers to stm32f1xx_it.o(.text.SysTick_Handler) for SysTick_Handler
    startup_stm32f103xe.o(RESET) refers to max30102.o(.text.EXTI3_IRQHandler) for EXTI3_IRQHandler
    startup_stm32f103xe.o(RESET) refers to stm32f1xx_it.o(.text.USART1_IRQHandler) for USART1_IRQHandler
    startup_stm32f103xe.o(.text) refers (Special) to heapauxi.o(.text) for __use_two_region_memory
    startup_stm32f103xe.o(.text) refers to system_stm32f1xx.o(.text.SystemInit) for SystemInit
    startup_stm32f103xe.o(.text) refers to __main.o(!!!main) for __main
    startup_stm32f103xe.o(.text) refers to startup_stm32f103xe.o(HEAP) for Heap_Mem
    startup_stm32f103xe.o(.text) refers to startup_stm32f103xe.o(STACK) for Stack_Mem
    main.o(.text.main) refers to stm32f1xx_hal.o(.text.HAL_Init) for HAL_Init
    main.o(.text.main) refers to main.o(.text.SystemClock_Config) for SystemClock_Config
    main.o(.text.main) refers to gpio.o(.text.MX_GPIO_Init) for MX_GPIO_Init
    main.o(.text.main) refers to usart.o(.text.MX_USART1_UART_Init) for MX_USART1_UART_Init
    main.o(.text.main) refers to i2c.o(.text.MX_I2C1_Init) for MX_I2C1_Init
    main.o(.text.main) refers to max30102.o(.text.atk_max30102_init) for atk_max30102_init
    main.o(.text.main) refers to main.o(.rodata.str1.1) for .L.str
    main.o(.text.main) refers to printf.o(.text) for printf
    main.o(.text.main) refers to main.o(.bss.raw_ac_ir) for raw_ac_ir
    main.o(.text.main) refers to main.o(.bss.lpf_ac_ir) for lpf_ac_ir
    main.o(.text.main) refers to heart_rate.o(.text.DC_Data_Print) for DC_Data_Print
    main.o(.ARM.exidx.text.main) refers to main.o(.text.main) for [Anonymous Symbol]
    main.o(.text.SystemClock_Config) refers to rt_memclr_w.o(.text) for __aeabi_memclr4
    main.o(.text.SystemClock_Config) refers to stm32f1xx_hal_rcc.o(.text.HAL_RCC_OscConfig) for HAL_RCC_OscConfig
    main.o(.text.SystemClock_Config) refers to main.o(.text.Error_Handler) for Error_Handler
    main.o(.text.SystemClock_Config) refers to stm32f1xx_hal_rcc.o(.text.HAL_RCC_ClockConfig) for HAL_RCC_ClockConfig
    main.o(.ARM.exidx.text.SystemClock_Config) refers to main.o(.text.SystemClock_Config) for [Anonymous Symbol]
    main.o(.ARM.exidx.text.Error_Handler) refers to main.o(.text.Error_Handler) for [Anonymous Symbol]
    gpio.o(.text.MX_GPIO_Init) refers to stm32f1xx_hal_gpio.o(.text.HAL_GPIO_WritePin) for HAL_GPIO_WritePin
    gpio.o(.text.MX_GPIO_Init) refers to stm32f1xx_hal_gpio.o(.text.HAL_GPIO_Init) for HAL_GPIO_Init
    gpio.o(.ARM.exidx.text.MX_GPIO_Init) refers to gpio.o(.text.MX_GPIO_Init) for [Anonymous Symbol]
    i2c.o(.text.MX_I2C1_Init) refers to i2c.o(.bss.hi2c1) for hi2c1
    i2c.o(.text.MX_I2C1_Init) refers to stm32f1xx_hal_i2c.o(.text.HAL_I2C_Init) for HAL_I2C_Init
    i2c.o(.text.MX_I2C1_Init) refers to main.o(.text.Error_Handler) for Error_Handler
    i2c.o(.ARM.exidx.text.MX_I2C1_Init) refers to i2c.o(.text.MX_I2C1_Init) for [Anonymous Symbol]
    i2c.o(.text.HAL_I2C_MspInit) refers to stm32f1xx_hal_gpio.o(.text.HAL_GPIO_Init) for HAL_GPIO_Init
    i2c.o(.ARM.exidx.text.HAL_I2C_MspInit) refers to i2c.o(.text.HAL_I2C_MspInit) for [Anonymous Symbol]
    i2c.o(.text.HAL_I2C_MspDeInit) refers to stm32f1xx_hal_gpio.o(.text.HAL_GPIO_DeInit) for HAL_GPIO_DeInit
    i2c.o(.ARM.exidx.text.HAL_I2C_MspDeInit) refers to i2c.o(.text.HAL_I2C_MspDeInit) for [Anonymous Symbol]
    usart.o(.text.fputc) refers to usart.o(.bss.huart1) for huart1
[...]
    __NVIC_GetPriorityGrouping               0x08003bcd   Thumb Code    16  stm32f1xx_hal_cortex.o(.text.__NVIC_GetPriorityGrouping)
    [Anonymous Symbol]                       0x08003bcc   Section        0  stm32f1xx_hal_cortex.o(.text.__NVIC_GetPriorityGrouping)
    __NVIC_SetPriority                       0x08003bdd   Thumb Code    66  stm32f1xx_hal_cortex.o(.text.__NVIC_SetPriority)
    [Anonymous Symbol]                       0x08003bdc   Section        0  stm32f1xx_hal_cortex.o(.text.__NVIC_SetPriority)
    __NVIC_SetPriorityGrouping               0x08003c21   Thumb Code    60  stm32f1xx_hal_cortex.o(.text.__NVIC_SetPriorityGrouping)
    [Anonymous Symbol]                       0x08003c20   Section        0  stm32f1xx_hal_cortex.o(.text.__NVIC_SetPriorityGrouping)
    [Anonymous Symbol]                       0x08003c5c   Section        0  max30102.o(.text.atk_max30102_fifo_read)
    [Anonymous Symbol]                       0x08003cc0   Section        0  max30102.o(.text.atk_max30102_init)
    [Anonymous Symbol]                       0x08003d8c   Section        0  max30102.o(.text.atk_max30102_read_byte)
    [Anonymous Symbol]                       0x08003e14   Section        0  max30102.o(.text.atk_max30102_read_nbytes)
    [Anonymous Symbol]                       0x08003ec4   Section        0  max30102.o(.text.atk_max30102_reset)
    [Anonymous Symbol]                       0x08003ed8   Section        0  max30102.o(.text.atk_max30102_write_byte)
    [Anonymous Symbol]                       0x08003f50   Section        0  usart.o(.text.fputc)
    [Anonymous Symbol]                       0x08003f74   Section        0  myiic.o(.text.iic_ack)
    iic_delay                                0x08003fd9   Thumb Code    30  myiic.o(.text.iic_delay)
    [Anonymous Symbol]                       0x08003fd8   Section        0  myiic.o(.text.iic_delay)
    [Anonymous Symbol]                       0x08003ff8   Section        0  myiic.o(.text.iic_init)
    [Anonymous Symbol]                       0x08004078   Section        0  myiic.o(.text.iic_nack)
    [Anonymous Symbol]                       0x080040c4   Section        0  myiic.o(.text.iic_read_byte)
    [Anonymous Symbol]                       0x08004164   Section        0  myiic.o(.text.iic_send_byte)
    [Anonymous Symbol]                       0x08004214   Section        0  myiic.o(.text.iic_start)
    [Anonymous Symbol]                       0x08004274   Section        0  myiic.o(.text.iic_stop)
    [Anonymous Symbol]                       0x080042c0   Section        0  myiic.o(.text.iic_wait_ack)
    [Anonymous Symbol]                       0x08004354   Section        0  main.o(.text.main)
    CL$$btod_d2e                             0x080043a0   Section       62  btod.o(CL$$btod_d2e)
    CL$$btod_d2e_denorm_low                  0x080043de   Section       70  btod.o(CL$$btod_d2e_denorm_low)
    CL$$btod_d2e_norm_op1                    0x08004424   Section       96  btod.o(CL$$btod_d2e_norm_op1)
    CL$$btod_div_common                      0x08004484   Section      824  btod.o(CL$$btod_div_common)
    CL$$btod_e2e                             0x080047bc   Section      220  btod.o(CL$$btod_e2e)
    CL$$btod_ediv                            0x08004898   Section       42  btod.o(CL$$btod_ediv)
    CL$$btod_emul                            0x080048c2   Section       42  btod.o(CL$$btod_emul)
    CL$$btod_mult_common                     0x080048ec   Section      580  btod.o(CL$$btod_mult_common)
    i.__ARM_fpclassify                       0x08004b30   Section        0  fpclassify.o(i.__ARM_fpclassify)
    i._is_digit                              0x08004b58   Section        0  __printf_wp.o(i._is_digit)
    locale$$code                             0x08004b68   Section       44  lc_numeric_c.o(locale$$code)
    locale$$code                             0x08004b94   Section       44  lc_ctype_c.o(locale$$code)
    x$fpl$dretinf                            0x08004bc0   Section       12  dretinf.o(x$fpl$dretinf)
    x$fpl$f2d                                0x08004bcc   Section       86  f2d.o(x$fpl$f2d)
    x$fpl$fadd                               0x08004c24   Section      196  faddsub_clz.o(x$fpl$fadd)
    _fadd1                                   0x08004c33   Thumb Code     0  faddsub_clz.o(x$fpl$fadd)
    x$fpl$fcmp                               0x08004ce8   Section       84  fcmp.o(x$fpl$fcmp)
    x$fpl$fcmpinf                            0x08004d3c   Section       24  fcmpi.o(x$fpl$fcmpinf)
    _fdiv1                                   0x08004d55   Thumb Code     0  fdiv.o(x$fpl$fdiv)
    x$fpl$fdiv                               0x08004d54   Section      388  fdiv.o(x$fpl$fdiv)
    x$fpl$feqf                               0x08004ed8   Section      104  feqf.o(x$fpl$feqf)
    x$fpl$fflt                               0x08004f40   Section       48  fflt_clz.o(x$fpl$fflt)
    x$fpl$ffltu                              0x08004f70   Section       38  fflt_clz.o(x$fpl$ffltu)
    x$fpl$fgeqf                              0x08004f98   Section      104  fgeqf.o(x$fpl$fgeqf)
    x$fpl$fleqf                              0x08005000   Section      104  fleqf.o(x$fpl$fleqf)
    x$fpl$fmul                               0x08005068   Section      258  fmul.o(x$fpl$fmul)
    x$fpl$fnaninf                            0x0800516a   Section      140  fnaninf.o(x$fpl$fnaninf)
    x$fpl$fretinf                            0x080051f6   Section       10  fretinf.o(x$fpl$fretinf)
    x$fpl$fsub                               0x08005200   Section      234  faddsub_clz.o(x$fpl$fsub)
    _fsub1                                   0x0800520f   Thumb Code     0  faddsub_clz.o(x$fpl$fsub)
    x$fpl$printf1                            0x080052ea   Section        4  printf1.o(x$fpl$printf1)
    x$fpl$printf2                            0x080052ee   Section        4  printf2.o(x$fpl$printf2)
    x$fpl$usenofp                            0x080052f2   Section        0  usenofp.o(x$fpl$usenofp)
    initial_mbstate                          0x080052f4   Data           8  _printf_wctomb.o(.constdata)
    .constdata                               0x080052f4   Section        8  _printf_wctomb.o(.constdata)
    uc_hextab                                0x080052fc   Data          20  _printf_hex_int_ll_ptr.o(.constdata)
    .constdata                               0x080052fc   Section       40  _printf_hex_int_ll_ptr.o(.constdata)
    lc_hextab                                0x08005310   Data          20  _printf_hex_int_ll_ptr.o(.constdata)
    maptable                                 0x08005324   Data          17  __printf_flags_ss_wp.o(.constdata)
    .constdata                               0x08005324   Section       17  __printf_flags_ss_wp.o(.constdata)
    lc_hextab                                0x08005335   Data          19  _printf_fp_hex.o(.constdata)
    .constdata                               0x08005335   Section       38  _printf_fp_hex.o(.constdata)
    uc_hextab                                0x08005348   Data          19  _printf_fp_hex.o(.constdata)
    tenpwrs_x                                0x0800535c   Data          60  bigflt0.o(.constdata)
    .constdata                               0x0800535c   Section      148  bigflt0.o(.constdata)
    tenpwrs_i                                0x08005398   Data          64  bigflt0.o(.constdata)
    HAL_RCC_GetSysClockFreq.aPLLMULFactorTable 0x08005408   Data          16  stm32f1xx_hal_rcc.o(.rodata.HAL_RCC_GetSysClockFreq.aPLLMULFactorTable)
    [Anonymous Symbol]                       0x08005408   Section        0  stm32f1xx_hal_rcc.o(.rodata.HAL_RCC_GetSysClockFreq.aPLLMULFactorTable)
    HAL_RCC_GetSysClockFreq.aPredivFactorTable 0x08005418   Data           2  stm32f1xx_hal_rcc.o(.rodata.HAL_RCC_GetSysClockFreq.aPredivFactorTable)
    [Anonymous Symbol]                       0x08005418   Section        0  stm32f1xx_hal_rcc.o(.rodata.HAL_RCC_GetSysClockFreq.aPredivFactorTable)
    .L.str                                   0x0800541a   Data          51  main.o(.rodata.str1.1)
    [Anonymous Symbol]                       0x0800541a   Section        0  main.o(.rodata.str1.1)
    .L.str                                   0x0800544d   Data          34  heart_rate.o(.rodata.str1.1)
    [Anonymous Symbol]                       0x0800544d   Section        0  heart_rate.o(.rodata.str1.1)
    .L.str.1                                 0x0800546f   Data          14  heart_rate.o(.rodata.str1.1)
    locale$$data                             0x080054a0   Section       28  lc_numeric_c.o(locale$$data)
    __lcnum_c_name                           0x080054a4   Data           2  lc_numeric_c.o(locale$$data)
    __lcnum_c_start                          0x080054ac   Data           0  lc_numeric_c.o(locale$$data)
    __lcnum_c_point                          0x080054b8   Data           0  lc_numeric_c.o(locale$$data)
    __lcnum_c_thousands                      0x080054ba   Data           0  lc_numeric_c.o(locale$$data)
    __lcnum_c_grouping                       0x080054bb   Data           0  lc_numeric_c.o(locale$$data)
    __lcnum_c_end                            0x080054bc   Data           0  lc_numeric_c.o(locale$$data)
    locale$$data                             0x080054bc   Section      272  lc_ctype_c.o(locale$$data)
    __lcctype_c_name                         0x080054c0   Data           2  lc_ctype_c.o(locale$$data)
    __lcctype_c_start                        0x080054c8   Data           0  lc_ctype_c.o(locale$$data)
    __lcctype_c_end                          0x080055cc   Data           0  lc_ctype_c.o(locale$$data)
    Get_Heart_Rate.dynamic_threshold         0x20000000   Data           4  heart_rate.o(.data.Get_Heart_Rate.dynamic_threshold)
    [Anonymous Symbol]                       0x20000000   Section        0  heart_rate.o(.data.Get_Heart_Rate.dynamic_threshold)
    .bss                                     0x20000010   Section       96  libspace.o(.bss)
    Get_Heart_Rate.is_rising                 0x20000070   Data           1  heart_rate.o(.bss.Get_Heart_Rate.is_rising)
    [Anonymous Symbol]                       0x20000070   Section        0  heart_rate.o(.bss.Get_Heart_Rate.is_rising)
    Get_Heart_Rate.last_beat_time            0x20000074   Data           4  heart_rate.o(.bss.Get_Heart_Rate.last_beat_time)
    [Anonymous Symbol]                       0x20000074   Section        0  heart_rate.o(.bss.Get_Heart_Rate.last_beat_time)
    Get_Heart_Rate.local_max                 0x20000078   Data           4  heart_rate.o(.bss.Get_Heart_Rate.local_max)
    [Anonymous Symbol]                       0x20000078   Section        0  heart_rate.o(.bss.Get_Heart_Rate.local_max)
    High_Pass_Filter.buf_red_pre             0x2000007c   Data           4  heart_rate.o(.bss.High_Pass_Filter.buf_red_pre)
    [Anonymous Symbol]                       0x2000007c   Section        0  heart_rate.o(.bss.High_Pass_Filter.buf_red_pre)
    Low_Pass_Filter.buf_lpf_pre              0x20000080   Data           4  heart_rate.o(.bss.Low_Pass_Filter.buf_lpf_pre)
    [Anonymous Symbol]                       0x20000080   Section        0  heart_rate.o(.bss.Low_Pass_Filter.buf_lpf_pre)
    Heap_Mem                                 0x20000190   Data         512  startup_stm32f103xe.o(HEAP)
    HEAP                                     0x20000190   Section      512  startup_stm32f103xe.o(HEAP)
    Stack_Mem                                0x20000390   Data        1024  startup_stm32f103xe.o(STACK)
    STACK                                    0x20000390   Section     1024  startup_stm32f103xe.o(STACK)
    __initial_sp                             0x20000790   Data           0  startup_stm32f103xe.o(STACK)

    Global Symbols

    Symbol Name                              Value     Ov Type        Size  Object(Section)

    BuildAttributes$$THM_ISAv4$P$D$K$B$S$PE$A:L22UL41UL21$X:L11$S22US41US21$IEEE1$IW$~IW$USESV6$~STKCKD$USESV7$~SHL$OTIME$ROPI$IEEEJ$EBA8$UX$STANDARDLIB$REQ8$PRES8$EABIv2 0x00000000   Number         0  anon$$obj.o ABSOLUTE
    __fp_init_empty                          0x00000000   Number         0  fpinit_empty.o ABSOLUTE
    _printf_flags                            0x00000000   Number         0  printf_stubs.o ABSOLUTE
    _printf_return_value                     0x00000000   Number         0  printf_stubs.o ABSOLUTE
    _printf_sizespec                         0x00000000   Number         0  printf_stubs.o ABSOLUTE
    _printf_widthprec                        0x00000000   Number         0  printf_stubs.o ABSOLUTE
    __ARM_exceptions_init                     - Undefined Weak Reference
    __alloca_initialize                       - Undefined Weak Reference
    __arm_preinit_                            - Undefined Weak Reference
    __arm_relocate_pie_                       - Undefined Weak Reference
    __cpp_initialize__aeabi_                  - Undefined Weak Reference
    __cxa_finalize                            - Undefined Weak Reference
    __sigvec_lookup                           - Undefined Weak Reference
    _atexit_init                              - Undefined Weak Reference
    _call_atexit_fns                          - Undefined Weak Reference
    _clock_init                               - Undefined Weak Reference
    _fp_trap_init                             - Undefined Weak Reference
    _fp_trap_shutdown                         - Undefined Weak Reference
    _get_lc_collate                           - Undefined Weak Reference
    _get_lc_monetary                          - Undefined Weak Reference
    _get_lc_time                              - Undefined Weak Reference
    _getenv_init                              - Undefined Weak Reference
    _handle_redirection                       - Undefined Weak Reference
    _init_alloc                               - Undefined Weak Reference
    _init_user_alloc                          - Undefined Weak Reference
    _initio                                   - Undefined Weak Reference
    _mutex_acquire                            - Undefined Weak Reference
    _mutex_release                            - Undefined Weak Reference
    _printf_mbtowc                            - Undefined Weak Reference
    _printf_wc                                - Undefined Weak Reference
    _rand_init                                - Undefined Weak Reference
    _signal_finish                            - Undefined Weak Reference
    _signal_init                              - Undefined Weak Reference
    _terminate_alloc                          - Undefined Weak Reference
    _terminate_user_alloc                     - Undefined Weak Reference
    _terminateio                              - Undefined Weak Reference
    __Vectors_Size                           0x00000130   Number         0  startup_stm32f103xe.o ABSOLUTE
    __Vectors                                0x08000000   Data           4  startup_stm32f103xe.o(RESET)
    __Vectors_End                            0x08000130   Data           0  startup_stm32f103xe.o(RESET)
    __main                                   0x08000131   Thumb Code     8  __main.o(!!!main)
    __scatterload                            0x08000139   Thumb Code     0  __scatter.o(!!!scatter)
    __scatterload_rt2                        0x08000139   Thumb Code    84  __scatter.o(!!!scatter)
    __scatterload_rt2_thumb_only             0x08000139   Thumb Code     0  __scatter.o(!!!scatter)
    __scatterload_loop                       0x08000143   Thumb Code     0  __scatter.o(!!!scatter)
    __scatterload_copy                       0x08000195   Thumb Code    26  __scatter_copy.o(!!handler_copy)
    __scatterload_null                       0x080001b1   Thumb Code     2  __scatter.o(!!handler_null)
    __scatterload_zeroinit                   0x080001b5   Thumb Code    28  __scatter_zi.o(!!handler_zi)
    _printf_n                                0x080001d1   Thumb Code     0  _printf_n.o(.ARM.Collect$$_printf_percent$$00000001)
    _printf_percent                          0x080001d1   Thumb Code     0  _printf_percent.o(.ARM.Collect$$_printf_percent$$00000000)
    _printf_p                                0x080001d7   Thumb Code     0  _printf_p.o(.ARM.Collect$$_printf_percent$$00000002)
    _printf_f                                0x080001dd   Thumb Code     0  _printf_f.o(.ARM.Collect$$_printf_percent$$00000003)
    _printf_e                                0x080001e3   Thumb Code     0  _printf_e.o(.ARM.Collect$$_printf_percent$$00000004)
    _printf_g                                0x080001e9   Thumb Code     0  _printf_g.o(.ARM.Collect$$_printf_percent$$00000005)
    _printf_a                                0x080001ef   Thumb Code     0  _printf_a.o(.ARM.Collect$$_printf_percent$$00000006)
    _printf_ll                               0x080001f5   Thumb Code     0  _printf_ll.o(.ARM.Collect$$_printf_percent$$00000007)
    _printf_i                                0x080001ff   Thumb Code     0  _printf_i.o(.ARM.Collect$$_printf_percent$$00000008)
    _printf_d                                0x08000205   Thumb Code     0  _printf_d.o(.ARM.Collect$$_printf_percent$$00000009)
    _printf_u                                0x0800020b   Thumb Code     0  _printf_u.o(.ARM.Collect$$_printf_percent$$0000000A)
    _printf_o                                0x08000211   Thumb Code     0  _printf_o.o(.ARM.Collect$$_printf_percent$$0000000B)
    _printf_x                                0x08000217   Thumb Code     0  _printf_x.o(.ARM.Collect$$_printf_percent$$0000000C)
    _printf_lli                              0x0800021d   Thumb Code     0  _printf_lli.o(.ARM.Collect$$_printf_percent$$0000000D)
    _printf_lld                              0x08000223   Thumb Code     0  _printf_lld.o(.ARM.Collect$$_printf_percent$$0000000E)
    _printf_llu                              0x08000229   Thumb Code     0  _printf_llu.o(.ARM.Collect$$_printf_percent$$0000000F)
    _printf_llo                              0x0800022f   Thumb Code     0  _printf_llo.o(.ARM.Collect$$_printf_percent$$00000010)
    _printf_llx                              0x08000235   Thumb Code     0  _printf_llx.o(.ARM.Collect$$_printf_percent$$00000011)
    _printf_l                                0x0800023b   Thumb Code     0  _printf_l.o(.ARM.Collect$$_printf_percent$$00000012)
    _printf_c                                0x08000245   Thumb Code     0  _printf_c.o(.ARM.Collect$$_printf_percent$$00000013)
    _printf_s                                0x0800024b   Thumb Code     0  _printf_s.o(.ARM.Collect$$_printf_percent$$00000014)
    _printf_lc                               0x08000251   Thumb Code     0  _printf_lc.o(.ARM.Collect$$_printf_percent$$00000015)
    _printf_ls                               0x08000257   Thumb Code     0  _printf_ls.o(.ARM.Collect$$_printf_percent$$00000016)
    _printf_percent_end                      0x0800025d   Thumb Code     0  _printf_percent_end.o(.ARM.Collect$$_printf_percent$$00000017)
    __rt_lib_init                            0x08000261   Thumb Code     0  libinit.o(.ARM.Collect$$libinit$$00000000)
    __rt_lib_init_fp_1                       0x08000263   Thumb Code     0  libinit2.o(.ARM.Collect$$libinit$$00000002)
    __rt_lib_init_heap_1                     0x08000263   Thumb Code     0  libinit2.o(.ARM.Collect$$libinit$$0000000C)
    __rt_lib_init_lc_common                  0x08000263   Thumb Code     0  libinit2.o(.ARM.Collect$$libinit$$00000011)
    __rt_lib_init_preinit_1                  0x08000263   Thumb Code     0  libinit2.o(.ARM.Collect$$libinit$$00000006)
    __rt_lib_init_rand_1                     0x08000263   Thumb Code     0  libinit2.o(.ARM.Collect$$libinit$$00000010)
    __rt_lib_init_relocate_pie_1             0x08000263   Thumb Code     0  libinit2.o(.ARM.Collect$$libinit$$00000004)
    __rt_lib_init_user_alloc_1               0x08000263   Thumb Code     0  libinit2.o(.ARM.Collect$$libinit$$0000000E)
    __rt_lib_init_lc_collate_1               0x08000269   Thumb Code     0  libinit2.o(.ARM.Collect$$libinit$$00000013)
    __rt_lib_init_lc_ctype_2                 0x08000269   Thumb Code     0  libinit2.o(.ARM.Collect$$libinit$$00000014)
    __rt_lib_init_lc_ctype_1                 0x08000275   Thumb Code     0  libinit2.o(.ARM.Collect$$libinit$$00000015)
    __rt_lib_init_lc_monetary_1              0x08000275   Thumb Code     0  libinit2.o(.ARM.Collect$$libinit$$00000017)
    __rt_lib_init_lc_numeric_2               0x08000275   Thumb Code     0  libinit2.o(.ARM.Collect$$libinit$$00000018)
    __rt_lib_init_alloca_1                   0x0800027f   Thumb Code     0  libinit2.o(.ARM.Collect$$libinit$$00000030)
    __rt_lib_init_argv_1                     0x0800027f   Thumb Code     0  libinit2.o(.ARM.Collect$$libinit$$0000002E)
    __rt_lib_init_atexit_1                   0x0800027f   Thumb Code     0  libinit2.o(.ARM.Collect$$libinit$$0000001D)
    __rt_lib_init_clock_1                    0x0800027f   Thumb Code     0  libinit2.o(.ARM.Collect$$libinit$$00000023)
    __rt_lib_init_cpp_1                      0x0800027f   Thumb Code     0  libinit2.o(.ARM.Collect$$libinit$$00000034)
    __rt_lib_init_exceptions_1               0x0800027f   Thumb Code     0  libinit2.o(.ARM.Collect$$libinit$$00000032)
    __rt_lib_init_fp_trap_1                  0x0800027f   Thumb Code     0  libinit2.o(.ARM.Collect$$libinit$$00000021)
    __rt_lib_init_getenv_1                   0x0800027f   Thumb Code     0  libinit2.o(.ARM.Collect$$libinit$$00000025)
    __rt_lib_init_lc_numeric_1               0x0800027f   Thumb Code     0  libinit2.o(.ARM.Collect$$libinit$$00000019)
    __rt_lib_init_lc_time_1                  0x0800027f   Thumb Code     0  libinit2.o(.ARM.Collect$$libinit$$0000001B)
    __rt_lib_init_return                     0x0800027f   Thumb Code     0  libinit2.o(.ARM.Collect$$libinit$$00000035)
    __rt_lib_init_signal_1                   0x0800027f   Thumb Code     0  libinit2.o(.ARM.Collect$$libinit$$0000001F)
    __rt_lib_init_stdio_1                    0x0800027f   Thumb Code     0  libinit2.o(.ARM.Collect$$libinit$$00000027)
    __rt_lib_shutdown                        0x08000281   Thumb Code     0  libshutdown.o(.ARM.Collect$$libshutdown$$00000000)
    __rt_lib_shutdown_cpp_1                  0x08000283   Thumb Code     0  libshutdown2.o(.ARM.Collect$$libshutdown$$00000002)
    __rt_lib_shutdown_fp_trap_1              0x08000283   Thumb Code     0  libshutdown2.o(.ARM.Collect$$libshutdown$$00000007)
    __rt_lib_shutdown_heap_1                 0x08000283   Thumb Code     0  libshutdown2.o(.ARM.Collect$$libshutdown$$0000000F)
    __rt_lib_shutdown_return                 0x08000283   Thumb Code     0  libshutdown2.o(.ARM.Collect$$libshutdown$$00000010)
    __rt_lib_shutdown_signal_1               0x08000283   Thumb Code     0  libshutdown2.o(.ARM.Collect$$libshutdown$$0000000A)
    __rt_lib_shutdown_stdio_1                0x08000283   Thumb Code     0  libshutdown2.o(.ARM.Collect$$libshutdown$$00000004)
    __rt_lib_shutdown_user_alloc_1           0x08000283   Thumb Code     0  libshutdown2.o(.ARM.Collect$$libshutdown$$0000000C)
    __rt_entry                               0x08000285   Thumb Code     0  __rtentry.o(.ARM.Collect$$rtentry$$00000000)
    __rt_entry_presh_1                       0x08000285   Thumb Code     0  __rtentry2.o(.ARM.Collect$$rtentry$$00000002)
    __rt_entry_sh                            0x08000285   Thumb Code     0  __rtentry4.o(.ARM.Collect$$rtentry$$00000004)
    __rt_entry_li                            0x0800028b   Thumb Code     0  __rtentry2.o(.ARM.Collect$$rtentry$$0000000A)
    __rt_entry_postsh_1                      0x0800028b   Thumb Code     0  __rtentry2.o(.ARM.Collect$$rtentry$$00000009)
    __rt_entry_main                          0x0800028f   Thumb Code     0  __rtentry2.o(.ARM.Collect$$rtentry$$0000000D)
    __rt_entry_postli_1                      0x0800028f   Thumb Code     0  __rtentry2.o(.ARM.Collect$$rtentry$$0000000C)
    __rt_exit                                0x08000297   Thumb Code     0  rtexit.o(.ARM.Collect$$rtexit$$00000000)
    __rt_exit_ls                             0x08000299   Thumb Code     0  rtexit2.o(.ARM.Collect$$rtexit$$00000003)
    __rt_exit_prels_1                        0x08000299   Thumb Code     0  rtexit2.o(.ARM.Collect$$rtexit$$00000002)
    __rt_exit_exit                           0x0800029d   Thumb Code     0  rtexit2.o(.ARM.Collect$$rtexit$$00000004)
    Reset_Handler                            0x080002a5   Thumb Code     8  startup_stm32f103xe.o(.text)
    ADC1_2_IRQHandler                        0x080002bf   Thumb Code     0  startup_stm32f103xe.o(.text)
    ADC3_IRQHandler                          0x080002bf   Thumb Code     0  startup_stm32f103xe.o(.text)
    CAN1_RX1_IRQHandler                      0x080002bf   Thumb Code     0  startup_stm32f103xe.o(.text)
    CAN1_SCE_IRQHandler                      0x080002bf   Thumb Code     0  startup_stm32f103xe.o(.text)
    DMA1_Channel1_IRQHandler                 0x080002bf   Thumb Code     0  startup_stm32f103xe.o(.text)
    DMA1_Channel2_IRQHandler                 0x080002bf   Thumb Code     0  startup_stm32f103xe.o(.text)
    DMA1_Channel3_IRQHandler                 0x080002bf   Thumb Code     0  startup_stm32f103xe.o(.text)
    DMA1_Channel4_IRQHandler                 0x080002bf   Thumb Code     0  startup_stm32f103xe.o(.text)
    DMA1_Channel5_IRQHandler                 0x080002bf   Thumb Code     0  startup_stm32f103xe.o(.text)
    DMA1_Channel6_IRQHandler                 0x080002bf   Thumb Code     0  startup_stm32f103xe.o(.text)
    DMA1_Channel7_IRQHandler                 0x080002bf   Thumb Code     0  startup_stm32f103xe.o(.text)
    DMA2_Channel1_IRQHandler                 0x080002bf   Thumb Code     0  startup_stm32f103xe.o(.text)
    DMA2_Channel2_IRQHandler                 0x080002bf   Thumb Code     0  startup_stm32f103xe.o(.text)
    DMA2_Channel3_IRQHandler                 0x080002bf   Thumb Code     0  startup_stm32f103xe.o(.text)
    DMA2_Channel4_5_IRQHandler               0x080002bf   Thumb Code     0  startup_stm32f103xe.o(.text)
    EXTI0_IRQHandler                         0x080002bf   Thumb Code     0  startup_stm32f103xe.o(.text)
    EXTI15_10_IRQHandler                     0x080002bf   Thumb Code     0  startup_stm32f103xe.o(.text)
    EXTI1_IRQHandler                         0x080002bf   Thumb Code     0  startup_stm32f103xe.o(.text)
    EXTI2_IRQHandler                         0x080002bf   Thumb Code     0  startup_stm32f103xe.o(.text)
    EXTI4_IRQHandler                         0x080002bf   Thumb Code     0  startup_stm32f103xe.o(.text)
    EXTI9_5_IRQHandler                       0x080002bf   Thumb Code     0  startup_stm32f103xe.o(.text)
    FLASH_IRQHandler                         0x080002bf   Thumb Code     0  startup_stm32f103xe.o(.text)
    FSMC_IRQHandler                          0x080002bf   Thumb Code     0  startup_stm32f103xe.o(.text)
    I2C1_ER_IRQHandler                       0x080002bf   Thumb Code     0  startup_stm32f103xe.o(.text)
    I2C1_EV_IRQHandler                       0x080002bf   Thumb Code     0  startup_stm32f103xe.o(.text)
    I2C2_ER_IRQHandler                       0x080002bf   Thumb Code     0  startup_stm32f103xe.o(.text)
    I2C2_EV_IRQHandler                       0x080002bf   Thumb Code     0  startup_stm32f103xe.o(.text)
    PVD_IRQHandler                           0x080002bf   Thumb Code     0  startup_stm32f103xe.o(.text)
    RCC_IRQHandler                           0x080002bf   Thumb Code     0  startup_stm32f103xe.o(.text)
    RTC_Alarm_IRQHandler                     0x080002bf   Thumb Code     0  startup_stm32f103xe.o(.text)
    RTC_IRQHandler                           0x080002bf   Thumb Code     0  startup_stm32f103xe.o(.text)
    SDIO_IRQHandler                          0x080002bf   Thumb Code     0  startup_stm32f103xe.o(.text)
    SPI1_IRQHandler                          0x080002bf   Thumb Code     0  startup_stm32f103xe.o(.text)
    SPI2_IRQHandler                          0x080002bf   Thumb Code     0  startup_stm32f103xe.o(.text)
    SPI3_IRQHandler                          0x080002bf   Thumb Code     0  startup_stm32f103xe.o(.text)
    TAMPER_IRQHandler                        0x080002bf   Thumb Code     0  startup_stm32f103xe.o(.text)
    TIM1_BRK_IRQHandler                      0x080002bf   Thumb Code     0  startup_stm32f103xe.o(.text)
    TIM1_CC_IRQHandler                       0x080002bf   Thumb Code     0  startup_stm32f103xe.o(.text)
    TIM1_TRG_COM_IRQHandler                  0x080002bf   Thumb Code     0  startup_stm32f103xe.o(.text)
    TIM1_UP_IRQHandler                       0x080002bf   Thumb Code     0  startup_stm32f103xe.o(.text)
    TIM2_IRQHandler                          0x080002bf   Thumb Code     0  startup_stm32f103xe.o(.text)
    TIM3_IRQHandler                          0x080002bf   Thumb Code     0  startup_stm32f103xe.o(.text)
    TIM4_IRQHandler                          0x080002bf   Thumb Code     0  startup_stm32f103xe.o(.text)
    TIM5_IRQHandler                          0x080002bf   Thumb Code     0  startup_stm32f103xe.o(.text)
    TIM6_IRQHandler                          0x080002bf   Thumb Code     0  startup_stm32f103xe.o(.text)
    TIM7_IRQHandler                          0x080002bf   Thumb Code     0  startup_stm32f103xe.o(.text)
    TIM8_BRK_IRQHandler                      0x080002bf   Thumb Code     0  startup_stm32f103xe.o(.text)
    TIM8_CC_IRQHandler                       0x080002bf   Thumb Code     0  startup_stm32f103xe.o(.text)
    TIM8_TRG_COM_IRQHandler                  0x080002bf   Thumb Code     0  startup_stm32f103xe.o(.text)
    TIM8_UP_IRQHandler                       0x080002bf   Thumb Code     0  startup_stm32f103xe.o(.text)
    UART4_IRQHandler                         0x080002bf   Thumb Code     0  startup_stm32f103xe.o(.text)
    UART5_IRQHandler                         0x080002bf   Thumb Code     0  startup_stm32f103xe.o(.text)
    USART2_IRQHandler                        0x080002bf   Thumb Code     0  startup_stm32f103xe.o(.text)
    USART3_IRQHandler                        0x080002bf   Thumb Code     0  startup_stm32f103xe.o(.text)
    USBWakeUp_IRQHandler                     0x080002bf   Thumb Code     0  startup_stm32f103xe.o(.text)
    USB_HP_CAN1_TX_IRQHandler                0x080002bf   Thumb Code     0  startup_stm32f103xe.o(.text)
    USB_LP_CAN1_RX0_IRQHandler               0x080002bf   Thumb Code     0  startup_stm32f103xe.o(.text)
    WWDG_IRQHandler                          0x080002bf   Thumb Code     0  startup_stm32f103xe.o(.text)
    __user_initial_stackheap                 0x080002c1   Thumb Code     0  startup_stm32f103xe.o(.text)
    printf                                   0x080002e5   Thumb Code    20  printf.o(.text)
    __aeabi_memclr4                          0x080002fd   Thumb Code     0  rt_memclr_w.o(.text)
    __aeabi_memclr8                          0x080002fd   Thumb Code     0  rt_memclr_w.o(.text)
    __rt_memclr_w                            0x080002fd   Thumb Code     0  rt_memclr_w.o(.text)
    _memset_w                                0x08000301   Thumb Code    74  rt_memclr_w.o(.text)
    __use_two_region_memory                  0x0800034b   Thumb Code     2  heapauxi.o(.text)
    __rt_heap_escrow$2region                 0x0800034d   Thumb Code     2  heapauxi.o(.text)
    __rt_heap_expand$2region                 0x0800034f   Thumb Code     2  heapauxi.o(.text)
    _printf_pre_padding                      0x08000351   Thumb Code    44  _printf_pad.o(.text)
    _printf_post_padding                     0x0800037d   Thumb Code    34  _printf_pad.o(.text)
    _printf_truncate_signed                  0x0800039f   Thumb Code    18  _printf_truncate.o(.text)
    _printf_truncate_unsigned                0x080003b1   Thumb Code    18  _printf_truncate.o(.text)
    _printf_str                              0x080003c3   Thumb Code    82  _printf_str.o(.text)
    _printf_int_dec                          0x08000415   Thumb Code   104  _printf_dec.o(.text)
    _printf_charcount                        0x0800048d   Thumb Code    40  _printf_charcount.o(.text)
    _printf_char_file                        0x080004b5   Thumb Code    32  _printf_char_file.o(.text)
    _printf_wctomb                           0x080004d9   Thumb Code   182  _printf_wctomb.o(.text)
    _printf_longlong_dec                     0x08000595   Thumb Code   108  _printf_longlong_dec.o(.text)
    _printf_longlong_oct                     0x08000611   Thumb Code    68  _printf_oct_int_ll.o(.text)
    _printf_int_oct                          0x08000655   Thumb Code    24  _printf_oct_int_ll.o(.text)
    _printf_ll_oct                           0x0800066d   Thumb Code    12  _printf_oct_int_ll.o(.text)
    _printf_longlong_hex                     0x08000681   Thumb Code    86  _printf_hex_int_ll_ptr.o(.text)
    _printf_int_hex                          0x080006d7   Thumb Code    28  _printf_hex_int_ll_ptr.o(.text)
    _printf_ll_hex                           0x080006f3   Thumb Code    12  _printf_hex_int_ll_ptr.o(.text)
    _printf_hex_ptr                          0x080006ff   Thumb Code    18  _printf_hex_int_ll_ptr.o(.text)
    __printf                                 0x08000715   Thumb Code   388  __printf_flags_ss_wp.o(.text)
    _ll_udiv10                               0x0800089d   Thumb Code   138  lludiv10.o(.text)
    _printf_int_common                       0x08000927   Thumb Code   178  _printf_intcommon.o(.text)
    _printf_fp_dec_real                      0x08000b89   Thumb Code   620  _printf_fp_dec.o(.text)
    _printf_fp_hex_real                      0x08000df5   Thumb Code   756  _printf_fp_hex.o(.text)
    _printf_char_common                      0x080010fb   Thumb Code    32  _printf_char_common.o(.text)
    _printf_cs_common                        0x08001121   Thumb Code    20  _printf_char.o(.text)
    _printf_char                             0x08001135   Thumb Code    16  _printf_char.o(.text)
    _printf_string                           0x08001145   Thumb Code     8  _printf_char.o(.text)
    _printf_lcs_common                       0x0800114d   Thumb Code    20  _printf_wchar.o(.text)
    _printf_wchar                            0x08001161   Thumb Code    16  _printf_wchar.o(.text)
    _printf_wstring                          0x08001171   Thumb Code     8  _printf_wchar.o(.text)
    ferror                                   0x08001179   Thumb Code     8  ferror.o(.text)
    _c16rtomb                                0x08001181   Thumb Code    72  _c16rtomb.o(.text)
    _wcrtomb                                 0x08001181   Thumb Code     0  _c16rtomb.o(.text)
    __user_setup_stackheap                   0x080011c9   Thumb Code    74  sys_stackheap_outer.o(.text)
    __rt_ctype_table                         0x08001215   Thumb Code    16  rt_ctype_table.o(.text)
    __rt_locale                              0x08001225   Thumb Code     8  rt_locale_intlibspace.o(.text)
    _printf_fp_infnan                        0x0800122d   Thumb Code   112  _printf_fp_infnan.o(.text)
    _btod_etento                             0x080012ad   Thumb Code   224  bigflt0.o(.text)
    exit                                     0x08001391   Thumb Code    18  exit.o(.text)
    __user_libspace                          0x080013a5   Thumb Code     8  libspace.o(.text)
    __user_perproc_libspace                  0x080013a5   Thumb Code     0  libspace.o(.text)
    __user_perthread_libspace                0x080013a5   Thumb Code     0  libspace.o(.text)
    strcmp                                   0x080013ad   Thumb Code   128  strcmpv7m.o(.text)
    _sys_exit                                0x0800142d   Thumb Code     8  sys_exit.o(.text)
    __I$use$semihosting                      0x08001439   Thumb Code     0  use_no_semi.o(.text)
    __use_no_semihosting_swi                 0x08001439   Thumb Code     2  use_no_semi.o(.text)
    __semihosting_library_function           0x0800143b   Thumb Code     0  indicate_semi.o(.text)
    BusFault_Handler                         0x0800143d   Thumb Code     4  stm32f1xx_it.o(.text.BusFault_Handler)
    DC_Data_Print                            0x08001441   Thumb Code   162  heart_rate.o(.text.DC_Data_Print)
    DebugMon_Handler                         0x080014e5   Thumb Code     2  stm32f1xx_it.o(.text.DebugMon_Handler)
    EXTI3_IRQHandler                         0x080014e9   Thumb Code    28  max30102.o(.text.EXTI3_IRQHandler)
    Error_Handler                            0x08001505   Thumb Code    14  main.o(.text.Error_Handler)
    Get_Heart_Rate                           0x08001515   Thumb Code   348  heart_rate.o(.text.Get_Heart_Rate)
    HAL_DMA_Abort                            0x08001671   Thumb Code   124  stm32f1xx_hal_dma.o(.text.HAL_DMA_Abort)
    HAL_DMA_Abort_IT                         0x080016ed   Thumb Code   792  stm32f1xx_hal_dma.o(.text.HAL_DMA_Abort_IT)
    HAL_Delay                                0x08001a05   Thumb Code    66  stm32f1xx_hal.o(.text.HAL_Delay)
    HAL_GPIO_EXTI_Callback                   0x08001a49   Thumb Code    34  max30102.o(.text.HAL_GPIO_EXTI_Callback)
    HAL_GPIO_EXTI_IRQHandler                 0x08001a6d   Thumb Code    56  stm32f1xx_hal_gpio.o(.text.HAL_GPIO_EXTI_IRQHandler)
    HAL_GPIO_Init                            0x08001aa5   Thumb Code   854  stm32f1xx_hal_gpio.o(.text.HAL_GPIO_Init)
    HAL_GPIO_ReadPin                         0x08001dfd   Thumb Code    46  stm32f1xx_hal_gpio.o(.text.HAL_GPIO_ReadPin)
    HAL_GPIO_WritePin                        0x08001e2d   Thumb Code    46  stm32f1xx_hal_gpio.o(.text.HAL_GPIO_WritePin)
    HAL_GetTick                              0x08001e5d   Thumb Code    12  stm32f1xx_hal.o(.text.HAL_GetTick)
    HAL_I2C_Init                             0x08001e69   Thumb Code   676  stm32f1xx_hal_i2c.o(.text.HAL_I2C_Init)
    HAL_I2C_MspInit                          0x0800210d   Thumb Code   126  i2c.o(.text.HAL_I2C_MspInit)
    HAL_IncTick                              0x0800218d   Thumb Code    26  stm32f1xx_hal.o(.text.HAL_IncTick)
    HAL_Init                                 0x080021a9   Thumb Code    38  stm32f1xx_hal.o(.text.HAL_Init)
    HAL_InitTick                             0x080021d1   Thumb Code   112  stm32f1xx_hal.o(.text.HAL_InitTick)
    HAL_MspInit                              0x08002241   Thumb Code   100  stm32f1xx_hal_msp.o(.text.HAL_MspInit)
    HAL_NVIC_EnableIRQ                       0x080022a5   Thumb Code    20  stm32f1xx_hal_cortex.o(.text.HAL_NVIC_EnableIRQ)
    HAL_NVIC_SetPriority                     0x080022b9   Thumb Code    50  stm32f1xx_hal_cortex.o(.text.HAL_NVIC_SetPriority)
    HAL_NVIC_SetPriorityGrouping             0x080022ed   Thumb Code    16  stm32f1xx_hal_cortex.o(.text.HAL_NVIC_SetPriorityGrouping)
    HAL_RCC_ClockConfig                      0x080022fd   Thumb Code   598  stm32f1xx_hal_rcc.o(.text.HAL_RCC_ClockConfig)
    HAL_RCC_GetHCLKFreq                      0x08002555   Thumb Code    12  stm32f1xx_hal_rcc.o(.text.HAL_RCC_GetHCLKFreq)
    HAL_RCC_GetPCLK1Freq                     0x08002561   Thumb Code    34  stm32f1xx_hal_rcc.o(.text.HAL_RCC_GetPCLK1Freq)
    HAL_RCC_GetPCLK2Freq                     0x08002585   Thumb Code    34  stm32f1xx_hal_rcc.o(.text.HAL_RCC_GetPCLK2Freq)
    HAL_RCC_GetSysClockFreq                  0x080025a9   Thumb Code   188  stm32f1xx_hal_rcc.o(.text.HAL_RCC_GetSysClockFreq)
    HAL_RCC_OscConfig                        0x08002665   Thumb Code  1658  stm32f1xx_hal_rcc.o(.text.HAL_RCC_OscConfig)
    HAL_SYSTICK_Config                       0x08002ce1   Thumb Code    16  stm32f1xx_hal_cortex.o(.text.HAL_SYSTICK_Config)
    HAL_UARTEx_RxEventCallback               0x08002cf1   Thumb Code    12  stm32f1xx_hal_uart.o(.text.HAL_UARTEx_RxEventCallback)
    HAL_UART_ErrorCallback                   0x08002cfd   Thumb Code     8  stm32f1xx_hal_uart.o(.text.HAL_UART_ErrorCallback)
    HAL_UART_IRQHandler                      0x08002d05   Thumb Code  1066  stm32f1xx_hal_uart.o(.text.HAL_UART_IRQHandler)
    HAL_UART_Init                            0x08003131   Thumb Code   158  stm32f1xx_hal_uart.o(.text.HAL_UART_Init)
    HAL_UART_MspInit                         0x080031d1   Thumb Code   172  usart.o(.text.HAL_UART_MspInit)
    HAL_UART_RxCpltCallback                  0x0800327d   Thumb Code     8  stm32f1xx_hal_uart.o(.text.HAL_UART_RxCpltCallback)
    HAL_UART_Transmit                        0x08003285   Thumb Code   304  stm32f1xx_hal_uart.o(.text.HAL_UART_Transmit)
    HAL_UART_TxCpltCallback                  0x080033b5   Thumb Code     8  stm32f1xx_hal_uart.o(.text.HAL_UART_TxCpltCallback)
    HardFault_Handler                        0x080033bd   Thumb Code     4  stm32f1xx_it.o(.text.HardFault_Handler)
    High_Pass_Filter                         0x080033c1   Thumb Code    70  heart_rate.o(.text.High_Pass_Filter)
    Low_Pass_Filter                          0x08003409   Thumb Code    76  heart_rate.o(.text.Low_Pass_Filter)
    MX_GPIO_Init                             0x08003455   Thumb Code   180  gpio.o(.text.MX_GPIO_Init)
    MX_I2C1_Init                             0x08003509   Thumb Code    72  i2c.o(.text.MX_I2C1_Init)
    MX_USART1_UART_Init                      0x08003551   Thumb Code    64  usart.o(.text.MX_USART1_UART_Init)
    MemManage_Handler                        0x08003591   Thumb Code     4  stm32f1xx_it.o(.text.MemManage_Handler)
    NMI_Handler                              0x08003595   Thumb Code     4  stm32f1xx_it.o(.text.NMI_Handler)
    PendSV_Handler                           0x08003605   Thumb Code     2  stm32f1xx_it.o(.text.PendSV_Handler)
    SVC_Handler                              0x08003645   Thumb Code     2  stm32f1xx_it.o(.text.SVC_Handler)
    SysTick_Handler                          0x0800369d   Thumb Code     8  stm32f1xx_it.o(.text.SysTick_Handler)
    SystemClock_Config                       0x080036a5   Thumb Code   108  main.o(.text.SystemClock_Config)
    SystemInit                               0x08003711   Thumb Code     2  system_stm32f1xx.o(.text.SystemInit)
    USART1_IRQHandler                        0x08003b89   Thumb Code    16  stm32f1xx_it.o(.text.USART1_IRQHandler)
    UsageFault_Handler                       0x08003b99   Thumb Code     4  stm32f1xx_it.o(.text.UsageFault_Handler)
    atk_max30102_fifo_read                   0x08003c5d   Thumb Code   100  max30102.o(.text.atk_max30102_fifo_read)
    atk_max30102_init                        0x08003cc1   Thumb Code   202  max30102.o(.text.atk_max30102_init)
    atk_max30102_read_byte                   0x08003d8d   Thumb Code   134  max30102.o(.text.atk_max30102_read_byte)
    atk_max30102_read_nbytes                 0x08003e15   Thumb Code   176  max30102.o(.text.atk_max30102_read_nbytes)
    atk_max30102_reset                       0x08003ec5   Thumb Code    18  max30102.o(.text.atk_max30102_reset)
    atk_max30102_write_byte                  0x08003ed9   Thumb Code   118  max30102.o(.text.atk_max30102_write_byte)
    fputc                                    0x08003f51   Thumb Code    34  usart.o(.text.fputc)
    iic_ack                                  0x08003f75   Thumb Code   100  myiic.o(.text.iic_ack)
    iic_init                                 0x08003ff9   Thumb Code   128  myiic.o(.text.iic_init)
    iic_nack                                 0x08004079   Thumb Code    76  myiic.o(.text.iic_nack)
    iic_read_byte                            0x080040c5   Thumb Code   160  myiic.o(.text.iic_read_byte)
    iic_send_byte                            0x08004165   Thumb Code   176  myiic.o(.text.iic_send_byte)
    iic_start                                0x08004215   Thumb Code    96  myiic.o(.text.iic_start)
    iic_stop                                 0x08004275   Thumb Code    76  myiic.o(.text.iic_stop)
    iic_wait_ack                             0x080042c1   Thumb Code   148  myiic.o(.text.iic_wait_ack)
    main                                     0x08004355   Thumb Code    76  main.o(.text.main)
    _btod_d2e                                0x080043a1   Thumb Code    62  btod.o(CL$$btod_d2e)
    _d2e_denorm_low                          0x080043df   Thumb Code    70  btod.o(CL$$btod_d2e_denorm_low)
    _d2e_norm_op1                            0x08004425   Thumb Code    96  btod.o(CL$$btod_d2e_norm_op1)
    __btod_div_common                        0x08004485   Thumb Code   696  btod.o(CL$$btod_div_common)
    _e2e                                     0x080047bd   Thumb Code   220  btod.o(CL$$btod_e2e)
    _btod_ediv                               0x08004899   Thumb Code    42  btod.o(CL$$btod_ediv)
    _btod_emul                               0x080048c3   Thumb Code    42  btod.o(CL$$btod_emul)
    __btod_mult_common                       0x080048ed   Thumb Code   580  btod.o(CL$$btod_mult_common)
    __ARM_fpclassify                         0x08004b31   Thumb Code    40  fpclassify.o(i.__ARM_fpclassify)
    _is_digit                                0x08004b59   Thumb Code    14  __printf_wp.o(i._is_digit)
    _get_lc_numeric                          0x08004b69   Thumb Code    44  lc_numeric_c.o(locale$$code)
    _get_lc_ctype                            0x08004b95   Thumb Code    44  lc_ctype_c.o(locale$$code)
    __fpl_dretinf                            0x08004bc1   Thumb Code    12  dretinf.o(x$fpl$dretinf)
    __aeabi_f2d                              0x08004bcd   Thumb Code     0  f2d.o(x$fpl$f2d)
    _f2d                                     0x08004bcd   Thumb Code    86  f2d.o(x$fpl$f2d)
    __aeabi_fadd                             0x08004c25   Thumb Code     0  faddsub_clz.o(x$fpl$fadd)
    _fadd                                    0x08004c25   Thumb Code   196  faddsub_clz.o(x$fpl$fadd)
    __aeabi_fcmpeq                           0x08004ce9   Thumb Code     0  fcmp.o(x$fpl$fcmp)
    _feq                                     0x08004ce9   Thumb Code    14  fcmp.o(x$fpl$fcmp)
    _fneq                                    0x08004cf7   Thumb Code    14  fcmp.o(x$fpl$fcmp)
    __aeabi_fcmpgt                           0x08004d05   Thumb Code     0  fcmp.o(x$fpl$fcmp)
    _fgr                                     0x08004d05   Thumb Code    14  fcmp.o(x$fpl$fcmp)
    __aeabi_fcmpge                           0x08004d13   Thumb Code     0  fcmp.o(x$fpl$fcmp)
    _fgeq                                    0x08004d13   Thumb Code    14  fcmp.o(x$fpl$fcmp)
    __aeabi_fcmple                           0x08004d21   Thumb Code     0  fcmp.o(x$fpl$fcmp)
    _fleq                                    0x08004d21   Thumb Code    14  fcmp.o(x$fpl$fcmp)
    __aeabi_fcmplt                           0x08004d2f   Thumb Code     0  fcmp.o(x$fpl$fcmp)
    _fls                                     0x08004d2f   Thumb Code    14  fcmp.o(x$fpl$fcmp)
    __fpl_fcmp_Inf                           0x08004d3d   Thumb Code    24  fcmpi.o(x$fpl$fcmpinf)
    __aeabi_fdiv                             0x08004d55   Thumb Code     0  fdiv.o(x$fpl$fdiv)
    _fdiv                                    0x08004d55   Thumb Code   384  fdiv.o(x$fpl$fdiv)
    __aeabi_cfcmpeq                          0x08004ed9   Thumb Code     0  feqf.o(x$fpl$feqf)
    _fcmpeq                                  0x08004ed9   Thumb Code   104  feqf.o(x$fpl$feqf)
    __aeabi_i2f                              0x08004f41   Thumb Code     0  fflt_clz.o(x$fpl$fflt)
    _fflt                                    0x08004f41   Thumb Code    48  fflt_clz.o(x$fpl$fflt)
    __aeabi_ui2f                             0x08004f71   Thumb Code     0  fflt_clz.o(x$fpl$ffltu)
    _ffltu                                   0x08004f71   Thumb Code    38  fflt_clz.o(x$fpl$ffltu)
    _fcmpge                                  0x08004f99   Thumb Code   104  fgeqf.o(x$fpl$fgeqf)
    __aeabi_cfcmple                          0x08005001   Thumb Code     0  fleqf.o(x$fpl$fleqf)
    _fcmple                                  0x08005001   Thumb Code   104  fleqf.o(x$fpl$fleqf)
    __fpl_fcmple_InfNaN                      0x08005053   Thumb Code     0  fleqf.o(x$fpl$fleqf)
    __aeabi_fmul                             0x08005069   Thumb Code     0  fmul.o(x$fpl$fmul)
    _fmul                                    0x08005069   Thumb Code   258  fmul.o(x$fpl$fmul)
    __fpl_fnaninf                            0x0800516b   Thumb Code   140  fnaninf.o(x$fpl$fnaninf)
    __fpl_fretinf                            0x080051f7   Thumb Code    10  fretinf.o(x$fpl$fretinf)
    __aeabi_fsub                             0x08005201   Thumb Code     0  faddsub_clz.o(x$fpl$fsub)
    _fsub                                    0x08005201   Thumb Code   234  faddsub_clz.o(x$fpl$fsub)
    _printf_fp_dec                           0x080052eb   Thumb Code     4  printf1.o(x$fpl$printf1)
    _printf_fp_hex                           0x080052ef   Thumb Code     4  printf2.o(x$fpl$printf2)
    __I$use$fp                               0x080052f2   Number         0  usenofp.o(x$fpl$usenofp)
    AHBPrescTable                            0x080053f0   Data          16  system_stm32f1xx.o(.rodata.AHBPrescTable)
    APBPrescTable                            0x08005400   Data           8  system_stm32f1xx.o(.rodata.APBPrescTable)
    Region$$Table$$Base                      0x08005480   Number         0  anon$$obj.o(Region$$Table)
    Region$$Table$$Limit                     0x080054a0   Number         0  anon$$obj.o(Region$$Table)
    __ctype                                  0x080054c9   Data           0  lc_ctype_c.o(locale$$data)
    SystemCoreClock                          0x20000004   Data           4  system_stm32f1xx.o(.data.SystemCoreClock)
    uwTickFreq                               0x20000008   Data           1  stm32f1xx_hal.o(.data.uwTickFreq)
    uwTickPrio                               0x2000000c   Data           4  stm32f1xx_hal.o(.data.uwTickPrio)
    __libspace_start                         0x20000010   Data          96  libspace.o(.bss)
    __temporary_stack_top$libspace           0x20000070   Data           0  libspace.o(.bss)
    __stdout                                 0x20000084   Data          84  usart.o(.bss.__stdout)
    buf_ir                                   0x200000d8   Data           4  heart_rate.o(.bss.buf_ir)
    buf_red                                  0x200000dc   Data           4  heart_rate.o(.bss.buf_red)
    g_max30102_int_flag                      0x200000e0   Data           1  max30102.o(.bss.g_max30102_int_flag)
    hi2c1                                    0x200000e4   Data          84  i2c.o(.bss.hi2c1)
    huart1                                   0x20000138   Data          72  usart.o(.bss.huart1)
    lpf_ac_ir                                0x20000180   Data           4  main.o(.bss.lpf_ac_ir)
    raw_ac_ir                                0x20000184   Data           4  main.o(.bss.raw_ac_ir)
    uwTick                                   0x20000188   Data           4  stm32f1xx_hal.o(.bss.uwTick)



==============================================================================

Memory Map of the image

  Image Entry point : 0x08000131

  Load Region LR_IROM1 (Base: 0x08000000, Size: 0x000055e0, Max: 0x00080000, ABSOLUTE)

    Execution Region ER_IROM1 (Exec base: 0x08000000, Load base: 0x08000000, Size: 0x000055cc, Max: 0x00080000, ABSOLUTE)

    Exec Addr    Load Addr    Size         Type   Attr      Idx    E Section Name        Object

    0x08000000   0x08000000   0x00000130   Data   RO            3    RESET               startup_stm32f103xe.o
    0x08000130   0x08000130   0x00000008   Code   RO         1274  * !!!main             c_w.l(__main.o)
    0x08000138   0x08000138   0x0000005c   Code   RO         1673    !!!scatter          c_w.l(__scatter.o)
    0x08000194   0x08000194   0x0000001a   Code   RO         1677    !!handler_copy      c_w.l(__scatter_copy.o)
    0x080001ae   0x080001ae   0x00000002   PAD
    0x080001b0   0x080001b0   0x00000002   Code   RO         1674    !!handler_null      c_w.l(__scatter.o)
    0x080001b2   0x080001b2   0x00000002   PAD
    0x080001b4   0x080001b4   0x0000001c   Code   RO         1679    !!handler_zi        c_w.l(__scatter_zi.o)
    0x080001d0   0x080001d0   0x00000000   Code   RO         1396    .ARM.Collect$$_printf_percent$$00000000  c_w.l(_printf_percent.o)
    0x080001d0   0x080001d0   0x00000006   Code   RO         1385    .ARM.Collect$$_printf_percent$$00000001  c_w.l(_printf_n.o)
    0x080001d6   0x080001d6   0x00000006   Code   RO         1387    .ARM.Collect$$_printf_percent$$00000002  c_w.l(_printf_p.o)
    0x080001dc   0x080001dc   0x00000006   Code   RO         1392    .ARM.Collect$$_printf_percent$$00000003  c_w.l(_printf_f.o)
    0x080001e2   0x080001e2   0x00000006   Code   RO         1393    .ARM.Collect$$_printf_percent$$00000004  c_w.l(_printf_e.o)
    0x080001e8   0x080001e8   0x00000006   Code   RO         1394    .ARM.Collect$$_printf_percent$$00000005  c_w.l(_printf_g.o)
    0x080001ee   0x080001ee   0x00000006   Code   RO         1395    .ARM.Collect$$_printf_percent$$00000006  c_w.l(_printf_a.o)
    0x080001f4   0x080001f4   0x0000000a   Code   RO         1400    .ARM.Collect$$_printf_percent$$00000007  c_w.l(_printf_ll.o)
    0x080001fe   0x080001fe   0x00000006   Code   RO         1389    .ARM.Collect$$_printf_percent$$00000008  c_w.l(_printf_i.o)
    0x08000204   0x08000204   0x00000006   Code   RO         1390    .ARM.Collect$$_printf_percent$$00000009  c_w.l(_printf_d.o)
    0x0800020a   0x0800020a   0x00000006   Code   RO         1391    .ARM.Collect$$_printf_percent$$0000000A  c_w.l(_printf_u.o)
    0x08000210   0x08000210   0x00000006   Code   RO         1388    .ARM.Collect$$_printf_percent$$0000000B  c_w.l(_printf_o.o)
    0x08000216   0x08000216   0x00000006   Code   RO         1386    .ARM.Collect$$_printf_percent$$0000000C  c_w.l(_printf_x.o)
    0x0800021c   0x0800021c   0x00000006   Code   RO         1397    .ARM.Collect$$_printf_percent$$0000000D  c_w.l(_printf_lli.o)
    0x08000222   0x08000222   0x00000006   Code   RO         1398    .ARM.Collect$$_printf_percent$$0000000E  c_w.l(_printf_lld.o)
    0x08000228   0x08000228   0x00000006   Code   RO         1399    .ARM.Collect$$_printf_percent$$0000000F  c_w.l(_printf_llu.o)
    0x0800022e   0x0800022e   0x00000006   Code   RO         1404    .ARM.Collect$$_printf_percent$$00000010  c_w.l(_printf_llo.o)
    0x08000234   0x08000234   0x00000006   Code   RO         1405    .ARM.Collect$$_printf_percent$$00000011  c_w.l(_printf_llx.o)
    0x0800023a   0x0800023a   0x0000000a   Code   RO         1401    .ARM.Collect$$_printf_percent$$00000012  c_w.l(_printf_l.o)
    0x08000244   0x08000244   0x00000006   Code   RO         1383    .ARM.Collect$$_printf_percent$$00000013  c_w.l(_printf_c.o)
    0x0800024a   0x0800024a   0x00000006   Code   RO         1384    .ARM.Collect$$_printf_percent$$00000014  c_w.l(_printf_s.o)
    0x08000250   0x08000250   0x00000006   Code   RO         1402    .ARM.Collect$$_printf_percent$$00000015  c_w.l(_printf_lc.o)
    0x08000256   0x08000256   0x00000006   Code   RO         1403    .ARM.Collect$$_printf_percent$$00000016  c_w.l(_printf_ls.o)
    0x0800025c   0x0800025c   0x00000004   Code   RO         1463    .ARM.Collect$$_printf_percent$$00000017  c_w.l(_printf_percent_end.o)
    0x08000260   0x08000260   0x00000002   Code   RO         1522    .ARM.Collect$$libinit$$00000000  c_w.l(libinit.o)
    0x08000262   0x08000262   0x00000000   Code   RO         1540    .ARM.Collect$$libinit$$00000002  c_w.l(libinit2.o)
    0x08000262   0x08000262   0x00000000   Code   RO         1542    .ARM.Collect$$libinit$$00000004  c_w.l(libinit2.o)
    0x08000262   0x08000262   0x00000000   Code   RO         1544    .ARM.Collect$$libinit$$00000006  c_w.l(libinit2.o)
    0x08000262   0x08000262   0x00000000   Code   RO         1547    .ARM.Collect$$libinit$$0000000C  c_w.l(libinit2.o)
    0x08000262   0x08000262   0x00000000   Code   RO         1549    .ARM.Collect$$libinit$$0000000E  c_w.l(libinit2.o)
    0x08000262   0x08000262   0x00000000   Code   RO         1551    .ARM.Collect$$libinit$$00000010  c_w.l(libinit2.o)
    0x08000262   0x08000262   0x00000006   Code   RO         1552    .ARM.Collect$$libinit$$00000011  c_w.l(libinit2.o)
    0x08000268   0x08000268   0x00000000   Code   RO         1554    .ARM.Collect$$libinit$$00000013  c_w.l(libinit2.o)
    0x08000268   0x08000268   0x0000000c   Code   RO         1555    .ARM.Collect$$libinit$$00000014  c_w.l(libinit2.o)
    0x08000274   0x08000274   0x00000000   Code   RO         1556    .ARM.Collect$$libinit$$00000015  c_w.l(libinit2.o)
    0x08000274   0x08000274   0x00000000   Code   RO         1558    .ARM.Collect$$libinit$$00000017  c_w.l(libinit2.o)
    0x08000274   0x08000274   0x0000000a   Code   RO         1559    .ARM.Collect$$libinit$$00000018  c_w.l(libinit2.o)
    0x0800027e   0x0800027e   0x00000000   Code   RO         1560    .ARM.Collect$$libinit$$00000019  c_w.l(libinit2.o)
    0x0800027e   0x0800027e   0x00000000   Code   RO         1562    .ARM.Collect$$libinit$$0000001B  c_w.l(libinit2.o)
    0x0800027e   0x0800027e   0x00000000   Code   RO         1564    .ARM.Collect$$libinit$$0000001D  c_w.l(libinit2.o)
    0x0800027e   0x0800027e   0x00000000   Code   RO         1566    .ARM.Collect$$libinit$$0000001F  c_w.l(libinit2.o)
    0x0800027e   0x0800027e   0x00000000   Code   RO         1568    .ARM.Collect$$libinit$$00000021  c_w.l(libinit2.o)
    0x0800027e   0x0800027e   0x00000000   Code   RO         1570    .ARM.Collect$$libinit$$00000023  c_w.l(libinit2.o)
    0x0800027e   0x0800027e   0x00000000   Code   RO         1572    .ARM.Collect$$libinit$$00000025  c_w.l(libinit2.o)
    0x0800027e   0x0800027e   0x00000000   Code   RO         1574    .ARM.Collect$$libinit$$00000027  c_w.l(libinit2.o)
    0x0800027e   0x0800027e   0x00000000   Code   RO         1578    .ARM.Collect$$libinit$$0000002E  c_w.l(libinit2.o)
    0x0800027e   0x0800027e   0x00000000   Code   RO         1580    .ARM.Collect$$libinit$$00000030  c_w.l(libinit2.o)
    0x0800027e   0x0800027e   0x00000000   Code   RO         1582    .ARM.Collect$$libinit$$00000032  c_w.l(libinit2.o)
    0x0800027e   0x0800027e   0x00000000   Code   RO         1584    .ARM.Collect$$libinit$$00000034  c_w.l(libinit2.o)
    0x0800027e   0x0800027e   0x00000002   Code   RO         1585    .ARM.Collect$$libinit$$00000035  c_w.l(libinit2.o)
    0x08000280   0x08000280   0x00000002   Code   RO         1609    .ARM.Collect$$libshutdown$$00000000  c_w.l(libshutdown.o)
    0x08000282   0x08000282   0x00000000   Code   RO         1624    .ARM.Collect$$libshutdown$$00000002  c_w.l(libshutdown2.o)
    0x08000282   0x08000282   0x00000000   Code   RO         1626    .ARM.Collect$$libshutdown$$00000004  c_w.l(libshutdown2.o)
    0x08000282   0x08000282   0x00000000   Code   RO         1629    .ARM.Collect$$libshutdown$$00000007  c_w.l(libshutdown2.o)
    0x08000282   0x08000282   0x00000000   Code   RO         1632    .ARM.Collect$$libshutdown$$0000000A  c_w.l(libshutdown2.o)
    0x08000282   0x08000282   0x00000000   Code   RO         1634    .ARM.Collect$$libshutdown$$0000000C  c_w.l(libshutdown2.o)
    0x08000282   0x08000282   0x00000000   Code   RO         1637    .ARM.Collect$$libshutdown$$0000000F  c_w.l(libshutdown2.o)
    0x08000282   0x08000282   0x00000002   Code   RO         1638    .ARM.Collect$$libshutdown$$00000010  c_w.l(libshutdown2.o)
    0x08000284   0x08000284   0x00000000   Code   RO         1316    .ARM.Collect$$rtentry$$00000000  c_w.l(__rtentry.o)
    0x08000284   0x08000284   0x00000000   Code   RO         1432    .ARM.Collect$$rtentry$$00000002  c_w.l(__rtentry2.o)
    0x08000284   0x08000284   0x00000006   Code   RO         1444    .ARM.Collect$$rtentry$$00000004  c_w.l(__rtentry4.o)
    0x0800028a   0x0800028a   0x00000000   Code   RO         1434    .ARM.Collect$$rtentry$$00000009  c_w.l(__rtentry2.o)
    0x0800028a   0x0800028a   0x00000004   Code   RO         1435    .ARM.Collect$$rtentry$$0000000A  c_w.l(__rtentry2.o)
    0x0800028e   0x0800028e   0x00000000   Code   RO         1437    .ARM.Collect$$rtentry$$0000000C  c_w.l(__rtentry2.o)
    0x0800028e   0x0800028e   0x00000008   Code   RO         1438    .ARM.Collect$$rtentry$$0000000D  c_w.l(__rtentry2.o)
    0x08000296   0x08000296   0x00000002   Code   RO         1530    .ARM.Collect$$rtexit$$00000000  c_w.l(rtexit.o)
    0x08000298   0x08000298   0x00000000   Code   RO         1587    .ARM.Collect$$rtexit$$00000002  c_w.l(rtexit2.o)
    0x08000298   0x08000298   0x00000004   Code   RO         1588    .ARM.Collect$$rtexit$$00000003  c_w.l(rtexit2.o)
    0x0800029c   0x0800029c   0x00000006   Code   RO         1589    .ARM.Collect$$rtexit$$00000004  c_w.l(rtexit2.o)
    0x080002a2   0x080002a2   0x00000002   PAD
    0x080002a4   0x080002a4   0x00000040   Code   RO            4    .text               startup_stm32f103xe.o
    0x080002e4   0x080002e4   0x00000018   Code   RO         1258    .text               c_w.l(printf.o)
    0x080002fc   0x080002fc   0x0000004e   Code   RO         1270    .text               c_w.l(rt_memclr_w.o)
    0x0800034a   0x0800034a   0x00000006   Code   RO         1272    .text               c_w.l(heapauxi.o)
    0x08000350   0x08000350   0x0000004e   Code   RO         1319    .text               c_w.l(_printf_pad.o)
    0x0800039e   0x0800039e   0x00000024   Code   RO         1321    .text               c_w.l(_printf_truncate.o)
    0x080003c2   0x080003c2   0x00000052   Code   RO         1323    .text               c_w.l(_printf_str.o)
    0x08000414   0x08000414   0x00000078   Code   RO         1325    .text               c_w.l(_printf_dec.o)
    0x0800048c   0x0800048c   0x00000028   Code   RO         1327    .text               c_w.l(_printf_charcount.o)
    0x080004b4   0x080004b4   0x00000024   Code   RO         1329    .text               c_w.l(_printf_char_file.o)
    0x080004d8   0x080004d8   0x000000bc   Code   RO         1331    .text               c_w.l(_printf_wctomb.o)
    0x08000594   0x08000594   0x0000007c   Code   RO         1334    .text               c_w.l(_printf_longlong_dec.o)
    0x08000610   0x08000610   0x00000070   Code   RO         1340    .text               c_w.l(_printf_oct_int_ll.o)
    0x08000680   0x08000680   0x00000094   Code   RO         1360    .text               c_w.l(_printf_hex_int_ll_ptr.o)
    0x08000714   0x08000714   0x00000188   Code   RO         1380    .text               c_w.l(__printf_flags_ss_wp.o)
    0x0800089c   0x0800089c   0x0000008a   Code   RO         1446    .text               c_w.l(lludiv10.o)
    0x08000926   0x08000926   0x000000b2   Code   RO         1448    .text               c_w.l(_printf_intcommon.o)
    0x080009d8   0x080009d8   0x0000041c   Code   RO         1450    .text               c_w.l(_printf_fp_dec.o)
    0x08000df4   0x08000df4   0x000002fc   Code   RO         1454    .text               c_w.l(_printf_fp_hex.o)
    0x080010f0   0x080010f0   0x00000030   Code   RO         1457    .text               c_w.l(_printf_char_common.o)
    0x08001120   0x08001120   0x0000002c   Code   RO         1459    .text               c_w.l(_printf_char.o)
    0x0800114c   0x0800114c   0x0000002c   Code   RO         1461    .text               c_w.l(_printf_wchar.o)
    0x08001178   0x08001178   0x00000008   Code   RO         1464    .text               c_w.l(ferror.o)
    0x08001180   0x08001180   0x00000048   Code   RO         1468    .text               c_w.l(_c16rtomb.o)
    0x080011c8   0x080011c8   0x0000004a   Code   RO         1472    .text               c_w.l(sys_stackheap_outer.o)
    0x08001212   0x08001212   0x00000002   PAD
    0x08001214   0x08001214   0x00000010   Code   RO         1474    .text               c_w.l(rt_ctype_table.o)
    0x08001224   0x08001224   0x00000008   Code   RO         1479    .text               c_w.l(rt_locale_intlibspace.o)
    0x0800122c   0x0800122c   0x00000080   Code   RO         1481    .text               c_w.l(_printf_fp_infnan.o)
    0x080012ac   0x080012ac   0x000000e4   Code   RO         1485    .text               c_w.l(bigflt0.o)
    0x08001390   0x08001390   0x00000012   Code   RO         1515    .text               c_w.l(exit.o)
    0x080013a2   0x080013a2   0x00000002   PAD
    0x080013a4   0x080013a4   0x00000008   Code   RO         1527    .text               c_w.l(libspace.o)
    0x080013ac   0x080013ac   0x00000080   Code   RO         1537    .text               c_w.l(strcmpv7m.o)
    0x0800142c   0x0800142c   0x0000000c   Code   RO         1599    .text               c_w.l(sys_exit.o)
    0x08001438   0x08001438   0x00000002   Code   RO         1614    .text               c_w.l(use_no_semi.o)
    0x0800143a   0x0800143a   0x00000000   Code   RO         1616    .text               c_w.l(indicate_semi.o)
    0x0800143a   0x0800143a   0x00000002   PAD
    0x0800143c   0x0800143c   0x00000004   Code   RO           73    .text.BusFault_Handler  stm32f1xx_it.o
    0x08001440   0x08001440   0x000000a2   Code   RO         1239    .text.DC_Data_Print  heart_rate.o
    0x080014e2   0x080014e2   0x00000002   PAD
    0x080014e4   0x080014e4   0x00000002   Code   RO           79    .text.DebugMon_Handler  stm32f1xx_it.o
    0x080014e6   0x080014e6   0x00000002   PAD
    0x080014e8   0x080014e8   0x0000001c   Code   RO         1130    .text.EXTI3_IRQHandler  max30102.o
    0x08001504   0x08001504   0x0000000e   Code   RO           15    .text.Error_Handler  main.o
    0x08001512   0x08001512   0x00000002   PAD
    0x08001514   0x08001514   0x0000015c   Code   RO         1237    .text.Get_Heart_Rate  heart_rate.o
    0x08001670   0x08001670   0x0000007c   Code   RO          433    .text.HAL_DMA_Abort  stm32f1xx_hal_dma.o
    0x080016ec   0x080016ec   0x00000318   Code   RO          435    .text.HAL_DMA_Abort_IT  stm32f1xx_hal_dma.o
    0x08001a04   0x08001a04   0x00000042   Code   RO          306    .text.HAL_Delay     stm32f1xx_hal.o
    0x08001a46   0x08001a46   0x00000002   PAD
    0x08001a48   0x08001a48   0x00000022   Code   RO         1132    .text.HAL_GPIO_EXTI_Callback  max30102.o
    0x08001a6a   0x08001a6a   0x00000002   PAD
    0x08001a6c   0x08001a6c   0x00000038   Code   RO          412    .text.HAL_GPIO_EXTI_IRQHandler  stm32f1xx_hal_gpio.o
    0x08001aa4   0x08001aa4   0x00000356   Code   RO          400    .text.HAL_GPIO_Init  stm32f1xx_hal_gpio.o
    0x08001dfa   0x08001dfa   0x00000002   PAD
    0x08001dfc   0x08001dfc   0x0000002e   Code   RO          404    .text.HAL_GPIO_ReadPin  stm32f1xx_hal_gpio.o
    0x08001e2a   0x08001e2a   0x00000002   PAD
    0x08001e2c   0x08001e2c   0x0000002e   Code   RO          406    .text.HAL_GPIO_WritePin  stm32f1xx_hal_gpio.o
    0x08001e5a   0x08001e5a   0x00000002   PAD
    0x08001e5c   0x08001e5c   0x0000000c   Code   RO          298    .text.HAL_GetTick   stm32f1xx_hal.o
    0x08001e68   0x08001e68   0x000002a4   Code   RO          115    .text.HAL_I2C_Init  stm32f1xx_hal_i2c.o
    0x0800210c   0x0800210c   0x0000007e   Code   RO           38    .text.HAL_I2C_MspInit  i2c.o
    0x0800218a   0x0800218a   0x00000002   PAD
    0x0800218c   0x0800218c   0x0000001a   Code   RO          296    .text.HAL_IncTick   stm32f1xx_hal.o
    0x080021a6   0x080021a6   0x00000002   PAD
    0x080021a8   0x080021a8   0x00000026   Code   RO          286    .text.HAL_Init      stm32f1xx_hal.o
    0x080021ce   0x080021ce   0x00000002   PAD
    0x080021d0   0x080021d0   0x00000070   Code   RO          288    .text.HAL_InitTick  stm32f1xx_hal.o
    0x08002240   0x08002240   0x00000064   Code   RO           94    .text.HAL_MspInit   stm32f1xx_hal_msp.o
    0x080022a4   0x080022a4   0x00000014   Code   RO          468    .text.HAL_NVIC_EnableIRQ  stm32f1xx_hal_cortex.o
    0x080022b8   0x080022b8   0x00000032   Code   RO          460    .text.HAL_NVIC_SetPriority  stm32f1xx_hal_cortex.o
    0x080022ea   0x080022ea   0x00000002   PAD
    0x080022ec   0x080022ec   0x00000010   Code   RO          456    .text.HAL_NVIC_SetPriorityGrouping  stm32f1xx_hal_cortex.o
    0x080022fc   0x080022fc   0x00000256   Code   RO          352    .text.HAL_RCC_ClockConfig  stm32f1xx_hal_rcc.o
    0x08002552   0x08002552   0x00000002   PAD
    0x08002554   0x08002554   0x0000000c   Code   RO          362    .text.HAL_RCC_GetHCLKFreq  stm32f1xx_hal_rcc.o
    0x08002560   0x08002560   0x00000022   Code   RO          364    .text.HAL_RCC_GetPCLK1Freq  stm32f1xx_hal_rcc.o
    0x08002582   0x08002582   0x00000002   PAD
    0x08002584   0x08002584   0x00000022   Code   RO          366    .text.HAL_RCC_GetPCLK2Freq  stm32f1xx_hal_rcc.o
    0x080025a6   0x080025a6   0x00000002   PAD
    0x080025a8   0x080025a8   0x000000bc   Code   RO          354    .text.HAL_RCC_GetSysClockFreq  stm32f1xx_hal_rcc.o
    0x08002664   0x08002664   0x0000067a   Code   RO          348    .text.HAL_RCC_OscConfig  stm32f1xx_hal_rcc.o
    0x08002cde   0x08002cde   0x00000002   PAD
    0x08002ce0   0x08002ce0   0x00000010   Code   RO          480    .text.HAL_SYSTICK_Config  stm32f1xx_hal_cortex.o
    0x08002cf0   0x08002cf0   0x0000000c   Code   RO          756    .text.HAL_UARTEx_RxEventCallback  stm32f1xx_hal_uart.o
    0x08002cfc   0x08002cfc   0x00000008   Code   RO          754    .text.HAL_UART_ErrorCallback  stm32f1xx_hal_uart.o
    0x08002d04   0x08002d04   0x0000042a   Code   RO          748    .text.HAL_UART_IRQHandler  stm32f1xx_hal_uart.o
    0x0800312e   0x0800312e   0x00000002   PAD
    0x08003130   0x08003130   0x0000009e   Code   RO          664    .text.HAL_UART_Init  stm32f1xx_hal_uart.o
    0x080031ce   0x080031ce   0x00000002   PAD
    0x080031d0   0x080031d0   0x000000ac   Code   RO           54    .text.HAL_UART_MspInit  usart.o
    0x0800327c   0x0800327c   0x00000008   Code   RO          766    .text.HAL_UART_RxCpltCallback  stm32f1xx_hal_uart.o
    0x08003284   0x08003284   0x00000130   Code   RO          680    .text.HAL_UART_Transmit  stm32f1xx_hal_uart.o
    0x080033b4   0x080033b4   0x00000008   Code   RO          762    .text.HAL_UART_TxCpltCallback  stm32f1xx_hal_uart.o
    0x080033bc   0x080033bc   0x00000004   Code   RO           69    .text.HardFault_Handler  stm32f1xx_it.o
    0x080033c0   0x080033c0   0x00000046   Code   RO         1233    .text.High_Pass_Filter  heart_rate.o
    0x08003406   0x08003406   0x00000002   PAD
    0x08003408   0x08003408   0x0000004c   Code   RO         1235    .text.Low_Pass_Filter  heart_rate.o
    0x08003454   0x08003454   0x000000b4   Code   RO           28    .text.MX_GPIO_Init  gpio.o
    0x08003508   0x08003508   0x00000048   Code   RO           36    .text.MX_I2C1_Init  i2c.o
    0x08003550   0x08003550   0x00000040   Code   RO           52    .text.MX_USART1_UART_Init  usart.o
    0x08003590   0x08003590   0x00000004   Code   RO           71    .text.MemManage_Handler  stm32f1xx_it.o
    0x08003594   0x08003594   0x00000004   Code   RO           67    .text.NMI_Handler   stm32f1xx_it.o
    0x08003598   0x08003598   0x0000006c   Code   RO          466    .text.NVIC_EncodePriority  stm32f1xx_hal_cortex.o
    0x08003604   0x08003604   0x00000002   Code   RO           81    .text.PendSV_Handler  stm32f1xx_it.o
    0x08003606   0x08003606   0x00000002   PAD
    0x08003608   0x08003608   0x0000003a   Code   RO          350    .text.RCC_Delay     stm32f1xx_hal_rcc.o
    0x08003642   0x08003642   0x00000002   PAD
    0x08003644   0x08003644   0x00000002   Code   RO           77    .text.SVC_Handler   stm32f1xx_it.o
    0x08003646   0x08003646   0x00000002   PAD
    0x08003648   0x08003648   0x00000052   Code   RO          482    .text.SysTick_Config  stm32f1xx_hal_cortex.o
    0x0800369a   0x0800369a   0x00000002   PAD
    0x0800369c   0x0800369c   0x00000008   Code   RO           83    .text.SysTick_Handler  stm32f1xx_it.o
    0x080036a4   0x080036a4   0x0000006c   Code   RO           13    .text.SystemClock_Config  main.o
    0x08003710   0x08003710   0x00000002   Code   RO          795    .text.SystemInit    system_stm32f1xx.o
    0x08003712   0x08003712   0x00000002   PAD
    0x08003714   0x08003714   0x00000020   Code   RO          752    .text.UART_DMAAbortOnError  stm32f1xx_hal_uart.o
    0x08003734   0x08003734   0x00000094   Code   RO          712    .text.UART_EndRxTransfer  stm32f1xx_hal_uart.o
    0x080037c8   0x080037c8   0x00000026   Code   RO          760    .text.UART_EndTransmit_IT  stm32f1xx_hal_uart.o
    0x080037ee   0x080037ee   0x00000002   PAD
    0x080037f0   0x080037f0   0x0000016a   Code   RO          750    .text.UART_Receive_IT  stm32f1xx_hal_uart.o
    0x0800395a   0x0800395a   0x00000002   PAD
    0x0800395c   0x0800395c   0x000000ba   Code   RO          668    .text.UART_SetConfig  stm32f1xx_hal_uart.o
    0x08003a16   0x08003a16   0x00000002   PAD
    0x08003a18   0x08003a18   0x00000094   Code   RO          758    .text.UART_Transmit_IT  stm32f1xx_hal_uart.o
    0x08003aac   0x08003aac   0x000000da   Code   RO          682    .text.UART_WaitOnFlagUntilTimeout  stm32f1xx_hal_uart.o
    0x08003b86   0x08003b86   0x00000002   PAD
    0x08003b88   0x08003b88   0x00000010   Code   RO           85    .text.USART1_IRQHandler  stm32f1xx_it.o
    0x08003b98   0x08003b98   0x00000004   Code   RO           75    .text.UsageFault_Handler  stm32f1xx_it.o
    0x08003b9c   0x08003b9c   0x00000030   Code   RO          470    .text.__NVIC_EnableIRQ  stm32f1xx_hal_cortex.o
    0x08003bcc   0x08003bcc   0x00000010   Code   RO          462    .text.__NVIC_GetPriorityGrouping  stm32f1xx_hal_cortex.o
    0x08003bdc   0x08003bdc   0x00000042   Code   RO          464    .text.__NVIC_SetPriority  stm32f1xx_hal_cortex.o
    0x08003c1e   0x08003c1e   0x00000002   PAD
    0x08003c20   0x08003c20   0x0000003c   Code   RO          458    .text.__NVIC_SetPriorityGrouping  stm32f1xx_hal_cortex.o
    0x08003c5c   0x08003c5c   0x00000064   Code   RO         1120    .text.atk_max30102_fifo_read  max30102.o
    0x08003cc0   0x08003cc0   0x000000ca   Code   RO         1124    .text.atk_max30102_init  max30102.o
    0x08003d8a   0x08003d8a   0x00000002   PAD
    0x08003d8c   0x08003d8c   0x00000086   Code   RO         1112    .text.atk_max30102_read_byte  max30102.o
    0x08003e12   0x08003e12   0x00000002   PAD
    0x08003e14   0x08003e14   0x000000b0   Code   RO         1114    .text.atk_max30102_read_nbytes  max30102.o
    0x08003ec4   0x08003ec4   0x00000012   Code   RO         1118    .text.atk_max30102_reset  max30102.o
    0x08003ed6   0x08003ed6   0x00000002   PAD
    0x08003ed8   0x08003ed8   0x00000076   Code   RO         1110    .text.atk_max30102_write_byte  max30102.o
    0x08003f4e   0x08003f4e   0x00000002   PAD
    0x08003f50   0x08003f50   0x00000022   Code   RO           50    .text.fputc         usart.o
    0x08003f72   0x08003f72   0x00000002   PAD
    0x08003f74   0x08003f74   0x00000064   Code   RO         1152    .text.iic_ack       myiic.o
    0x08003fd8   0x08003fd8   0x0000001e   Code   RO         1148    .text.iic_delay     myiic.o
    0x08003ff6   0x08003ff6   0x00000002   PAD
    0x08003ff8   0x08003ff8   0x00000080   Code   RO         1142    .text.iic_init      myiic.o
    0x08004078   0x08004078   0x0000004c   Code   RO         1154    .text.iic_nack      myiic.o
    0x080040c4   0x080040c4   0x000000a0   Code   RO         1158    .text.iic_read_byte  myiic.o
    0x08004164   0x08004164   0x000000b0   Code   RO         1156    .text.iic_send_byte  myiic.o
    0x08004214   0x08004214   0x00000060   Code   RO         1146    .text.iic_start     myiic.o
    0x08004274   0x08004274   0x0000004c   Code   RO         1144    .text.iic_stop      myiic.o
    0x080042c0   0x080042c0   0x00000094   Code   RO         1150    .text.iic_wait_ack  myiic.o
    0x08004354   0x08004354   0x0000004c   Code   RO           11    .text.main          main.o
    0x080043a0   0x080043a0   0x0000003e   Code   RO         1488    CL$$btod_d2e        c_w.l(btod.o)
    0x080043de   0x080043de   0x00000046   Code   RO         1490    CL$$btod_d2e_denorm_low  c_w.l(btod.o)
    0x08004424   0x08004424   0x00000060   Code   RO         1489    CL$$btod_d2e_norm_op1  c_w.l(btod.o)
    0x08004484   0x08004484   0x00000338   Code   RO         1498    CL$$btod_div_common  c_w.l(btod.o)
    0x080047bc   0x080047bc   0x000000dc   Code   RO         1495    CL$$btod_e2e        c_w.l(btod.o)
    0x08004898   0x08004898   0x0000002a   Code   RO         1492    CL$$btod_ediv       c_w.l(btod.o)
    0x080048c2   0x080048c2   0x0000002a   Code   RO         1491    CL$$btod_emul       c_w.l(btod.o)
    0x080048ec   0x080048ec   0x00000244   Code   RO         1497    CL$$btod_mult_common  c_w.l(btod.o)
    0x08004b30   0x08004b30   0x00000028   Code   RO         1525    i.__ARM_fpclassify  m_ws.l(fpclassify.o)
    0x08004b58   0x08004b58   0x0000000e   Code   RO         1373    i._is_digit         c_w.l(__printf_wp.o)
    0x08004b66   0x08004b66   0x00000002   PAD
    0x08004b68   0x08004b68   0x0000002c   Code   RO         1513    locale$$code        c_w.l(lc_numeric_c.o)
    0x08004b94   0x08004b94   0x0000002c   Code   RO         1535    locale$$code        c_w.l(lc_ctype_c.o)
    0x08004bc0   0x08004bc0   0x0000000c   Code   RO         1410    x$fpl$dretinf       fz_ws.l(dretinf.o)
    0x08004bcc   0x08004bcc   0x00000056   Code   RO         1294    x$fpl$f2d           fz_ws.l(f2d.o)
    0x08004c22   0x08004c22   0x00000002   PAD
    0x08004c24   0x08004c24   0x000000c4   Code   RO         1296    x$fpl$fadd          fz_ws.l(faddsub_clz.o)
    0x08004ce8   0x08004ce8   0x00000054   Code   RO         1302    x$fpl$fcmp          fz_ws.l(fcmp.o)
    0x08004d3c   0x08004d3c   0x00000018   Code   RO         1470    x$fpl$fcmpinf       fz_ws.l(fcmpi.o)
    0x08004d54   0x08004d54   0x00000184   Code   RO         1305    x$fpl$fdiv          fz_ws.l(fdiv.o)
    0x08004ed8   0x08004ed8   0x00000068   Code   RO         1412    x$fpl$feqf          fz_ws.l(feqf.o)
    0x08004f40   0x08004f40   0x00000030   Code   RO         1309    x$fpl$fflt          fz_ws.l(fflt_clz.o)
    0x08004f70   0x08004f70   0x00000026   Code   RO         1308    x$fpl$ffltu         fz_ws.l(fflt_clz.o)
    0x08004f96   0x08004f96   0x00000002   PAD
    0x08004f98   0x08004f98   0x00000068   Code   RO         1414    x$fpl$fgeqf         fz_ws.l(fgeqf.o)
    0x08005000   0x08005000   0x00000068   Code   RO         1416    x$fpl$fleqf         fz_ws.l(fleqf.o)
    0x08005068   0x08005068   0x00000102   Code   RO         1314    x$fpl$fmul          fz_ws.l(fmul.o)
    0x0800516a   0x0800516a   0x0000008c   Code   RO         1418    x$fpl$fnaninf       fz_ws.l(fnaninf.o)
    0x080051f6   0x080051f6   0x0000000a   Code   RO         1420    x$fpl$fretinf       fz_ws.l(fretinf.o)
    0x08005200   0x08005200   0x000000ea   Code   RO         1298    x$fpl$fsub          fz_ws.l(faddsub_clz.o)
    0x080052ea   0x080052ea   0x00000004   Code   RO         1422    x$fpl$printf1       fz_ws.l(printf1.o)
    0x080052ee   0x080052ee   0x00000004   Code   RO         1424    x$fpl$printf2       fz_ws.l(printf2.o)
    0x080052f2   0x080052f2   0x00000000   Code   RO         1430    x$fpl$usenofp       fz_ws.l(usenofp.o)
    0x080052f2   0x080052f2   0x00000002   PAD
    0x080052f4   0x080052f4   0x00000008   Data   RO         1332    .constdata          c_w.l(_printf_wctomb.o)
    0x080052fc   0x080052fc   0x00000028   Data   RO         1361    .constdata          c_w.l(_printf_hex_int_ll_ptr.o)
    0x08005324   0x08005324   0x00000011   Data   RO         1381    .constdata          c_w.l(__printf_flags_ss_wp.o)
    0x08005335   0x08005335   0x00000026   Data   RO         1455    .constdata          c_w.l(_printf_fp_hex.o)
    0x0800535b   0x0800535b   0x00000001   PAD
    0x0800535c   0x0800535c   0x00000094   Data   RO         1486    .constdata          c_w.l(bigflt0.o)
    0x080053f0   0x080053f0   0x00000010   Data   RO          800    .rodata.AHBPrescTable  system_stm32f1xx.o
    0x08005400   0x08005400   0x00000008   Data   RO          801    .rodata.APBPrescTable  system_stm32f1xx.o
    0x08005408   0x08005408   0x00000010   Data   RO          376    .rodata.HAL_RCC_GetSysClockFreq.aPLLMULFactorTable  stm32f1xx_hal_rcc.o
    0x08005418   0x08005418   0x00000002   Data   RO          377    .rodata.HAL_RCC_GetSysClockFreq.aPredivFactorTable  stm32f1xx_hal_rcc.o
    0x0800541a   0x0800541a   0x00000033   Data   RO           19    .rodata.str1.1      main.o
    0x0800544d   0x0800544d   0x00000030   Data   RO         1249    .rodata.str1.1      heart_rate.o
    0x0800547d   0x0800547d   0x00000003   PAD
    0x08005480   0x08005480   0x00000020   Data   RO         1672    Region$$Table       anon$$obj.o
    0x080054a0   0x080054a0   0x0000001c   Data   RO         1512    locale$$data        c_w.l(lc_numeric_c.o)
    0x080054bc   0x080054bc   0x00000110   Data   RO         1534    locale$$data        c_w.l(lc_ctype_c.o)


    Execution Region RW_IRAM1 (Exec base: 0x20000000, Load base: 0x080055d0, Size: 0x00000790, Max: 0x00010000, ABSOLUTE)

    Exec Addr    Load Addr    Size         Type   Attr      Idx    E Section Name        Object

    0x20000000   0x080055d0   0x00000004   Data   RW         1246    .data.Get_Heart_Rate.dynamic_threshold  heart_rate.o
    0x20000004   0x080055d4   0x00000004   Data   RW          799    .data.SystemCoreClock  system_stm32f1xx.o
    0x20000008   0x080055d8   0x00000001   Data   RW          337    .data.uwTickFreq    stm32f1xx_hal.o
    0x20000009   0x080055d9   0x00000003   PAD
    0x2000000c   0x080055dc   0x00000004   Data   RW          336    .data.uwTickPrio    stm32f1xx_hal.o
    0x20000010        -       0x00000060   Zero   RW         1528    .bss                c_w.l(libspace.o)
    0x20000070        -       0x00000001   Zero   RW         1244    .bss.Get_Heart_Rate.is_rising  heart_rate.o
    0x20000071   0x080055e0   0x00000003   PAD
    0x20000074        -       0x00000004   Zero   RW         1245    .bss.Get_Heart_Rate.last_beat_time  heart_rate.o
    0x20000078        -       0x00000004   Zero   RW         1243    .bss.Get_Heart_Rate.local_max  heart_rate.o
    0x2000007c        -       0x00000004   Zero   RW         1241    .bss.High_Pass_Filter.buf_red_pre  heart_rate.o
    0x20000080        -       0x00000004   Zero   RW         1242    .bss.Low_Pass_Filter.buf_lpf_pre  heart_rate.o
    0x20000084        -       0x00000054   Zero   RW           59    .bss.__stdout       usart.o
    0x200000d8        -       0x00000004   Zero   RW         1248    .bss.buf_ir         heart_rate.o
    0x200000dc        -       0x00000004   Zero   RW         1247    .bss.buf_red        heart_rate.o
    0x200000e0        -       0x00000001   Zero   RW         1134    .bss.g_max30102_int_flag  max30102.o
    0x200000e1   0x080055e0   0x00000003   PAD
    0x200000e4        -       0x00000054   Zero   RW           42    .bss.hi2c1          i2c.o
    0x20000138        -       0x00000048   Zero   RW           58    .bss.huart1         usart.o
    0x20000180        -       0x00000004   Zero   RW           18    .bss.lpf_ac_ir      main.o
    0x20000184        -       0x00000004   Zero   RW           17    .bss.raw_ac_ir      main.o
    0x20000188        -       0x00000004   Zero   RW          338    .bss.uwTick         stm32f1xx_hal.o
    0x2000018c   0x080055e0   0x00000004   PAD
    0x20000190        -       0x00000200   Zero   RW            2    HEAP                startup_stm32f103xe.o
    0x20000390        -       0x00000400   Zero   RW            1    STACK               startup_stm32f103xe.o


==============================================================================

Image component sizes


      Code (inc. data)   RO Data    RW Data    ZI Data      Debug   Object Name

       180          0          0          0          0       1523   gpio.o
       656          0         48          4         25       1975   heart_rate.o
       198          0          0          0         84       4275   i2c.o
       198          0         51          0          8       1901   main.o
       810          0          0          0          1       6224   max30102.o
       990          0          0          0          0       2907   myiic.o
        64         26        304          0       1536        812   startup_stm32f103xe.o
       254          0          0          5          4       5898   stm32f1xx_hal.o
       482          0          0          0          0       7884   stm32f1xx_hal_cortex.o
       916          0          0          0          0       7343   stm32f1xx_hal_dma.o
      1002          0          0          0          0       4270   stm32f1xx_hal_gpio.o
       676          0          0          0          0      37564   stm32f1xx_hal_i2c.o
       100          0          0          0          0       1206   stm32f1xx_hal_msp.o
      2582          0         18          0          0       7433   stm32f1xx_hal_rcc.o
      2696          0          0          0          0      20059   stm32f1xx_hal_uart.o
        50          0          0          0          0       1119   stm32f1xx_it.o
         2          0         24          4          0       1575   system_stm32f1xx.o
       270          0          0          0        156       5930   usart.o

    ----------------------------------------------------------------------
     12196         26        480         16       1824     119898   Object Totals
         0          0         32          0          0          0   (incl. Generated)
        70          0          3          3         10          0   (incl. Padding)

    ----------------------------------------------------------------------

      Code (inc. data)   RO Data    RW Data    ZI Data      Debug   Library Member Name

         8          0          0          0          0         68   __main.o
       392          4         17          0          0         92   __printf_flags_ss_wp.o
        14          0          0          0          0         68   __printf_wp.o
         0          0          0          0          0          0   __rtentry.o
        12          0          0          0          0          0   __rtentry2.o
         6          0          0          0          0          0   __rtentry4.o
        94          8          0          0          0          0   __scatter.o
        26          0          0          0          0          0   __scatter_copy.o
        28          0          0          0          0          0   __scatter_zi.o
        72          0          0          0          0         96   _c16rtomb.o
         6          0          0          0          0          0   _printf_a.o
         6          0          0          0          0          0   _printf_c.o
        44          0          0          0          0        108   _printf_char.o
        48          6          0          0          0         96   _printf_char_common.o
        36          4          0          0          0         80   _printf_char_file.o
        40          0          0          0          0         68   _printf_charcount.o
         6          0          0          0          0          0   _printf_d.o
       120         16          0          0          0         92   _printf_dec.o
         6          0          0          0          0          0   _printf_e.o
         6          0          0          0          0          0   _printf_f.o
      1052          0          0          0          0        148   _printf_fp_dec.o
       764          8         38          0          0        100   _printf_fp_hex.o
       128         16          0          0          0         84   _printf_fp_infnan.o
         6          0          0          0          0          0   _printf_g.o
       148          4         40          0          0        160   _printf_hex_int_ll_ptr.o
         6          0          0          0          0          0   _printf_i.o
       178          0          0          0          0         88   _printf_intcommon.o
        10          0          0          0          0          0   _printf_l.o
         6          0          0          0          0          0   _printf_lc.o
        10          0          0          0          0          0   _printf_ll.o
         6          0          0          0          0          0   _printf_lld.o
         6          0          0          0          0          0   _printf_lli.o
         6          0          0          0          0          0   _printf_llo.o
         6          0          0          0          0          0   _printf_llu.o
         6          0          0          0          0          0   _printf_llx.o
       124         16          0          0          0         92   _printf_longlong_dec.o
         6          0          0          0          0          0   _printf_ls.o
         6          0          0          0          0          0   _printf_n.o
         6          0          0          0          0          0   _printf_o.o
       112          8          0          0          0        124   _printf_oct_int_ll.o
         6          0          0          0          0          0   _printf_p.o
        78          0          0          0          0        108   _printf_pad.o
         0          0          0          0          0          0   _printf_percent.o
         4          0          0          0          0          0   _printf_percent_end.o
         6          0          0          0          0          0   _printf_s.o
        82          0          0          0          0         80   _printf_str.o
        36          0          0          0          0         84   _printf_truncate.o
         6          0          0          0          0          0   _printf_u.o
        44          0          0          0          0        108   _printf_wchar.o
       188          6          8          0          0         92   _printf_wctomb.o
         6          0          0          0          0          0   _printf_x.o
       228          4        148          0          0         96   bigflt0.o
      1936        128          0          0          0        668   btod.o
        18          0          0          0          0         80   exit.o
         8          0          0          0          0         68   ferror.o
         6          0          0          0          0        152   heapauxi.o
         0          0          0          0          0          0   indicate_semi.o
        44         10        272          0          0         76   lc_ctype_c.o
        44         10         28          0          0         76   lc_numeric_c.o
         2          0          0          0          0          0   libinit.o
        30          0          0          0          0          0   libinit2.o
         2          0          0          0          0          0   libshutdown.o
         2          0          0          0          0          0   libshutdown2.o
         8          4          0          0         96         68   libspace.o
       138          0          0          0          0         80   lludiv10.o
        24          4          0          0          0         84   printf.o
        16          4          0          0          0         76   rt_ctype_table.o
         8          4          0          0          0         68   rt_locale_intlibspace.o
        78          0          0          0          0         80   rt_memclr_w.o
         2          0          0          0          0          0   rtexit.o
        10          0          0          0          0          0   rtexit2.o
       128          0          0          0          0         68   strcmpv7m.o
        12          4          0          0          0         68   sys_exit.o
        74          0          0          0          0         80   sys_stackheap_outer.o
         2          0          0          0          0         68   use_no_semi.o
        12          0          0          0          0         68   dretinf.o
        86          4          0          0          0         84   f2d.o
       430          8          0          0          0        168   faddsub_clz.o
        84          0          0          0          0        196   fcmp.o
        24          0          0          0          0         68   fcmpi.o
       388         76          0          0          0         96   fdiv.o
       104          4          0          0          0         84   feqf.o
        86          0          0          0          0        136   fflt_clz.o
       104          4          0          0          0         84   fgeqf.o
       104          4          0          0          0         84   fleqf.o
       258          4          0          0          0         84   fmul.o
       140          4          0          0          0         84   fnaninf.o
        10          0          0          0          0         68   fretinf.o
         4          0          0          0          0         68   printf1.o
         4          0          0          0          0         68   printf2.o
         0          0          0          0          0          0   usenofp.o
        40          0          0          0          0         68   fpclassify.o

    ----------------------------------------------------------------------
      8736        376        552          0         96       5500   Library Totals
        20          0          1          0          0          0   (incl. Padding)

    ----------------------------------------------------------------------

      Code (inc. data)   RO Data    RW Data    ZI Data      Debug   Library Name

      6838        268        551          0         96       3992   c_w.l
      1838        108          0          0          0       1440   fz_ws.l
        40          0          0          0          0         68   m_ws.l

    ----------------------------------------------------------------------
      8736        376        552          0         96       5500   Library Totals

    ----------------------------------------------------------------------

==============================================================================


      Code (inc. data)   RO Data    RW Data    ZI Data      Debug   

     20932        402       1032         16       1920     122126   Grand Totals
     20932        402       1032         16       1920     122126   ELF Image Totals
     20932        402       1032         16          0          0   ROM Totals

==============================================================================

    Total RO  Size (Code + RO Data)                21964 (  21.45kB)
    Total RW  Size (RW Data + ZI Data)              1936 (   1.89kB)
    Total ROM Size (Code + RO Data + RW Data)      21980 (  21.46kB)

==============================================================================

