<html>
<body>
<pre>
<h1>µVision Build Log</h1>
<h2>Tool Versions:</h2>
IDE-Version: ¦ÌVision V5.41.0.0
Copyright (C) 2024 ARM Ltd and ARM Germany GmbH. All rights reserved.
License Information: 1 ethen, 1, LIC=BUURY-ITD53-WFSI7-EA7DP-2YWS0-89VNG
 
Tool Versions:
Toolchain:       MDK-ARM Plus  Version: 5.41.0.0
Toolchain Path:  D:\Keil5\ARM\ARMCLANG\Bin
C Compiler:      ArmClang.exe V6.22
Assembler:       Armasm.exe V6.22
Linker/Locator:  ArmLink.exe V6.22
Library Manager: ArmAr.exe V6.22
Hex Converter:   FromElf.exe V6.22
CPU DLL:         SARMCM3.DLL V5.41.0.0
Dialog DLL:      DCM.DLL V1.17.5.0
Target DLL:      STLink\ST-LINKIII-KEIL_SWO.dll V3.3.0.0
Dialog DLL:      TCM.DLL V1.56.4.0
 
<h2>Project:</h2>
D:\Cubemx_Project\Class_Project\MAX30102_Heart_Rate_Monitor\MDK-ARM\MAX30102_Heart_Rate_Monitor.uvprojx
Project File Date:  04/25/2026

<h2>Output:</h2>
*** Using Compiler 'V6.22', folder: 'D:\Keil5\ARM\ARMCLANG\Bin'
Rebuild target 'MAX30102_Heart_Rate_Monitor'
assembling startup_stm32f103xe.s...
compiling gpio.c...
compiling i2c.c...
compiling main.c...
compiling usart.c...
compiling stm32f1xx_hal_rcc.c...
compiling stm32f1xx_hal_exti.c...
compiling stm32f1xx_hal_dma.c...
compiling stm32f1xx_hal_flash_ex.c...
compiling stm32f1xx_hal_msp.c...
compiling stm32f1xx_hal_gpio_ex.c...
compiling stm32f1xx_it.c...
compiling stm32f1xx_hal_rcc_ex.c...
compiling stm32f1xx_hal_gpio.c...
compiling stm32f1xx_hal_pwr.c...
compiling stm32f1xx_hal.c...
compiling stm32f1xx_hal_cortex.c...
compiling stm32f1xx_hal_flash.c...
compiling F08_ASCII.c...
compiling system_stm32f1xx.c...
compiling stm32f1xx_hal_uart.c...
compiling ssd1306.c...
compiling ssd1306_i2c.c...
compiling GUISlim.c...
compiling stm32f1xx_hal_i2c.c...
compiling font.c...
compiling myiic.c...
compiling Heart_Rate.c...
compiling max30102.c...
compiling oled.c...
linking...
Program Size: Code=20932 RO-data=1032 RW-data=16 ZI-data=1920  
FromELF: creating hex file...
"MAX30102_Heart_Rate_Monitor\MAX30102_Heart_Rate_Monitor.axf" - 0 Error(s), 0 Warning(s).

<h2>Software Packages used:</h2>

Package Vendor: ARM
                https://www.keil.com/pack/ARM.CMSIS.6.1.0.pack
                ARM::CMSIS@6.1.0
                CMSIS (Common Microcontroller Software Interface Standard)
   * Component: CORE Version: 6.1.0

Package Vendor: Keil
                https://www.keil.com/pack/Keil.STM32F1xx_DFP.2.4.1.pack
                Keil::STM32F1xx_DFP@2.4.1
                STMicroelectronics STM32F1 Series Device Support, Drivers and Examples

<h2>Collection of Component include folders:</h2>
  ./RTE/_MAX30102_Heart_Rate_Monitor
  D:/Keil5/keil5_package/ARM/CMSIS/6.1.0/CMSIS/Core/Include
  D:/Keil5/keil5_package/Keil/STM32F1xx_DFP/2.4.1/Device/Include

<h2>Collection of Component Files used:</h2>

   * Component: ARM::CMSIS:CORE@6.1.0
      Include file:  CMSIS/Core/Include/tz_context.h
Build Time Elapsed:  00:00:02
</pre>
</body>
</html>
